Archive member included to satisfy reference by file (symbol)

c:/program files/microchip/xc8/v2.40/avr/bin/../lib/gcc/avr/5.4.0/../../../../avr/lib/avrxmega2/memx-const\libm.a(addsf3.o)
                              dist/pro/production/__pa_temp_21724/libm_a_sqrtf.o (__subsf3)
c:/program files/microchip/xc8/v2.40/avr/bin/../lib/gcc/avr/5.4.0/../../../../avr/lib/avrxmega2/memx-const\libm.a(cmpsf2.o)
                              dist/pro/production/__pa_temp_21724/libm_a_powf.o (__lesf2)
c:/program files/microchip/xc8/v2.40/avr/bin/../lib/gcc/avr/5.4.0/../../../../avr/lib/avrxmega2/memx-const\libm.a(divsf3.o)
                              dist/pro/production/__pa_temp_21724/libm_a_sqrtf.o (__divsf3)
c:/program files/microchip/xc8/v2.40/avr/bin/../lib/gcc/avr/5.4.0/../../../../avr/lib/avrxmega2/memx-const\libm.a(fixsfsi.o)
                              dist/pro/production/__pa_temp_21724/application.o (__fixsfsi)
c:/program files/microchip/xc8/v2.40/avr/bin/../lib/gcc/avr/5.4.0/../../../../avr/lib/avrxmega2/memx-const\libm.a(fp_cmp.o)
                              c:/program files/microchip/xc8/v2.40/avr/bin/../lib/gcc/avr/5.4.0/../../../../avr/lib/avrxmega2/memx-const\libm.a(cmpsf2.o) (__fp_cmp)
c:/program files/microchip/xc8/v2.40/avr/bin/../lib/gcc/avr/5.4.0/../../../../avr/lib/avrxmega2/memx-const\libm.a(fp_inf.o)
                              dist/pro/production/__pa_temp_21724/libm_a_mulsf3x.o (__fp_inf)
c:/program files/microchip/xc8/v2.40/avr/bin/../lib/gcc/avr/5.4.0/../../../../avr/lib/avrxmega2/memx-const\libm.a(fp_nan.o)
                              dist/pro/production/__pa_temp_21724/libm_a_mulsf3x.o (__fp_nan)
c:/program files/microchip/xc8/v2.40/avr/bin/../lib/gcc/avr/5.4.0/../../../../avr/lib/avrxmega2/memx-const\libm.a(fp_pscA.o)
                              dist/pro/production/__pa_temp_21724/libm_a_mulsf3x.o (__fp_pscA)
c:/program files/microchip/xc8/v2.40/avr/bin/../lib/gcc/avr/5.4.0/../../../../avr/lib/avrxmega2/memx-const\libm.a(fp_pscB.o)
                              dist/pro/production/__pa_temp_21724/libm_a_mulsf3x.o (__fp_pscB)
c:/program files/microchip/xc8/v2.40/avr/bin/../lib/gcc/avr/5.4.0/../../../../avr/lib/avrxmega2/memx-const\libm.a(fp_round.o)
                              c:/program files/microchip/xc8/v2.40/avr/bin/../lib/gcc/avr/5.4.0/../../../../avr/lib/avrxmega2/memx-const\libm.a(addsf3.o) (__fp_round)
c:/program files/microchip/xc8/v2.40/avr/bin/../lib/gcc/avr/5.4.0/../../../../avr/lib/avrxmega2/memx-const\libm.a(fp_split3.o)
                              dist/pro/production/__pa_temp_21724/libm_a_mulsf3x.o (__fp_split3)
c:/program files/microchip/xc8/v2.40/avr/bin/../lib/gcc/avr/5.4.0/../../../../avr/lib/avrxmega2/memx-const\libm.a(fp_zero.o)
                              dist/pro/production/__pa_temp_21724/libm_a_fixunssfsi.o (__fp_zero)
c:/program files/microchip/xc8/v2.40/avr/bin/../lib/gcc/avr/5.4.0/../../../../avr/lib/avrxmega2/memx-const\libm.a(gesf2.o)
                              dist/pro/production/__pa_temp_21724/libm_a_sqrtf.o (__gesf2)
c:/program files/microchip/xc8/v2.40/avr/bin/../lib/gcc/avr/5.4.0/../../../../avr/lib/avrxmega2/memx-const\libm.a(mulsf3.o)
                              dist/pro/production/__pa_temp_21724/libm_a_sqrtf.o (__mulsf3)
c:/program files/microchip/xc8/v2.40/avr/bin/../lib/gcc/avr/5.4.0/../../../../avr/lib/avrxmega2/memx-const\libm.a(fabsf.o)
                              dist/pro/production/__pa_temp_21724/libm_a_powf.o (fabsf)
c:/program files/microchip/xc8/v2.40/avr/bin/../lib/gcc/avr/5.4.0/avrxmega2/memx-const\libgcc.a(_mulsi3.o)
                              dist/pro/production/__pa_temp_21724/bme280.o (__mulsi3)
c:/program files/microchip/xc8/v2.40/avr/bin/../lib/gcc/avr/5.4.0/avrxmega2/memx-const\libgcc.a(_udivmodsi4.o)
                              dist/pro/production/__pa_temp_21724/libc_a___fmt_u.o (__udivmodsi4)
c:/program files/microchip/xc8/v2.40/avr/bin/../lib/gcc/avr/5.4.0/avrxmega2/memx-const\libgcc.a(_tablejump2.o)
                              dist/pro/production/__pa_temp_21724/application.o (__tablejump2__)
c:/program files/microchip/xc8/v2.40/avr/bin/../lib/gcc/avr/5.4.0/avrxmega2/memx-const\libgcc.a(_copy_data.o)
                              build/pro/production/mcc_generated_files/system/src/config_bits.o (__do_copy_data)
c:/program files/microchip/xc8/v2.40/avr/bin/../lib/gcc/avr/5.4.0/avrxmega2/memx-const\libgcc.a(_muluhisi3.o)
                              dist/pro/production/__pa_temp_21724/bme280.o (__muluhisi3)
c:/program files/microchip/xc8/v2.40/avr/bin/../lib/gcc/avr/5.4.0/avrxmega2/memx-const\libgcc.a(_mulshisi3.o)
                              dist/pro/production/__pa_temp_21724/bme280.o (__mulshisi3)
c:/program files/microchip/xc8/v2.40/avr/bin/../lib/gcc/avr/5.4.0/avrxmega2/memx-const\libgcc.a(_prologue.o)
                              dist/pro/production/__pa_temp_21724/libm_a_powf.o (__prologue_saves__)
[...]
Memory Configuration

Name             Origin             Length             Attributes
text             0x0000000000000000 0x0000000000010000 xr
data             0x0000000000806000 0x0000000000002000 rw !x
eeprom           0x0000000000810000 0x0000000000000100 rw !x
fuse             0x0000000000820000 0x0000000000000010 rw !x
lock             0x0000000000830000 0x0000000000000400 rw !x
signature        0x0000000000840000 0x0000000000000400 rw !x
user_signatures  0x0000000000850000 0x0000000000000400 rw !x
*default*        0x0000000000000000 0xffffffffffffffff

Linker script and memory map

LOAD dist/pro/production/__pa_temp_21724/libm_a_sqrtf.o
LOAD dist/pro/production/__pa_temp_21724/libm_a_scalbnf.o
LOAD dist/pro/production/__pa_temp_21724/libm_a_powf.o
LOAD dist/pro/production/__pa_temp_21724/libm_a_mulsf3x.o
LOAD dist/pro/production/__pa_temp_21724/libm_a_floatsisf.o
LOAD dist/pro/production/__pa_temp_21724/libm_a_fixunssfsi.o
LOAD dist/pro/production/__pa_temp_21724/libm_a_divsf3x.o
LOAD dist/pro/production/__pa_temp_21724/libm_a_addsf3x.o
LOAD dist/pro/production/__pa_temp_21724/libc_a___sio_printf_s.o
LOAD dist/pro/production/__pa_temp_21724/libc_a___sio_printf_doux.o
LOAD dist/pro/production/__pa_temp_21724/libc_a___sio_printf_dosux.o
LOAD dist/pro/production/__pa_temp_21724/libc_a___printf_core.o
LOAD dist/pro/production/__pa_temp_21724/libc_a___pop_int.o
LOAD dist/pro/production/__pa_temp_21724/libc_a___fmt_x.o
LOAD dist/pro/production/__pa_temp_21724/libc_a___fmt_u.o
LOAD dist/pro/production/__pa_temp_21724/libc_a___fmt_o.o
LOAD dist/pro/production/__pa_temp_21724/libc_a___fmt_d.o
Address of section .data set to 0x806000
                0x0000000000008000                __RODATA_PM_OFFSET__ = 0x8000
LOAD C:/Users/C70348/.mchp_packs/Microchip/AVR-Dx_DFP/2.1.152/xc8/avr/lib/avrxmega2/memx-const/crtavr64dd32.o
                0x0000000000000001                __MPLAB_BUILD = 0x1
LOAD build/pro/production/mcc_generated_files/adc/src/adc0.o
LOAD dist/pro/production/__pa_temp_21724/evsys.o
LOAD dist/pro/production/__pa_temp_21724/clock.o
LOAD build/pro/production/mcc_generated_files/system/src/system.o
LOAD build/pro/production/mcc_generated_files/system/src/config_bits.o
LOAD dist/pro/production/__pa_temp_21724/pins.o
LOAD build/pro/production/mcc_generated_files/system/src/protected_io.o
LOAD build/pro/production/mcc_generated_files/system/src/interrupt.o
LOAD dist/pro/production/__pa_temp_21724/tcb0.o
LOAD build/pro/production/mcc_generated_files/timer/src/rtc.o
LOAD dist/pro/production/__pa_temp_21724/tcb1.o
LOAD dist/pro/production/__pa_temp_21724/usart0.o
LOAD dist/pro/production/__pa_temp_21724/usart1.o
LOAD build/pro/production/mcc_generated_files/vref/src/vref.o
LOAD build/pro/production/main.o
LOAD dist/pro/production/__pa_temp_21724/application.o
LOAD dist/pro/production/__pa_temp_21724/TWI.o
LOAD dist/pro/production/__pa_temp_21724/bme280.o
LOAD dist/pro/production/__pa_temp_21724/ringBuffer.o
LOAD dist/pro/production/__pa_temp_21724/RN2xx3.o
START GROUP
LOAD c:/program files/microchip/xc8/v2.40/avr/bin/../lib/gcc/avr/5.4.0/../../../../avr/lib/avrxmega2/memx-const\libm.a
END GROUP
START GROUP
LOAD c:/program files/microchip/xc8/v2.40/avr/bin/../lib/gcc/avr/5.4.0/avrxmega2/memx-const\libgcc.a
LOAD c:/program files/microchip/xc8/v2.40/avr/bin/../lib/gcc/avr/5.4.0/../../../../avr/lib/avrxmega2/memx-const\libm.a
LOAD c:/program files/microchip/xc8/v2.40/avr/bin/../lib/gcc/avr/5.4.0/../../../../avr/lib/avrxmega2/memx-const\libc.a
LOAD C:/Users/C70348/.mchp_packs/Microchip/AVR-Dx_DFP/2.1.152/xc8/avr/lib/avrxmega2/memx-const\libavr64dd32.a
END GROUP
                [0x0000000000000000]                __TEXT_REGION_ORIGIN__ = DEFINED (__TEXT_REGION_ORIGIN__)?__TEXT_REGION_ORIGIN__:0x0
                [0x0000000000806000]                __DATA_REGION_ORIGIN__ = DEFINED (__DATA_REGION_ORIGIN__)?__DATA_REGION_ORIGIN__:0x802000
                [0x0000000000010000]                __TEXT_REGION_LENGTH__ = DEFINED (__TEXT_REGION_LENGTH__)?__TEXT_REGION_LENGTH__:0x100000
                [0x0000000000002000]                __DATA_REGION_LENGTH__ = DEFINED (__DATA_REGION_LENGTH__)?__DATA_REGION_LENGTH__:0xffa0
                [0x0000000000000100]                __EEPROM_REGION_LENGTH__ = DEFINED (__EEPROM_REGION_LENGTH__)?__EEPROM_REGION_LENGTH__:0x10000
                [0x0000000000000010]                __FUSE_REGION_LENGTH__ = DEFINED (__FUSE_REGION_LENGTH__)?__FUSE_REGION_LENGTH__:0x400
                0x0000000000000400                __LOCK_REGION_LENGTH__ = DEFINED (__LOCK_REGION_LENGTH__)?__LOCK_REGION_LENGTH__:0x400
                0x0000000000000400                __SIGNATURE_REGION_LENGTH__ = DEFINED (__SIGNATURE_REGION_LENGTH__)?__SIGNATURE_REGION_LENGTH__:0x400
                0x0000000000000400                __USER_SIGNATURE_REGION_LENGTH__ = DEFINED (__USER_SIGNATURE_REGION_LENGTH__)?__USER_SIGNATURE_REGION_LENGTH__:0x400

.hash
 *(.hash)

.dynsym
 *(.dynsym)

.dynstr
 *(.dynstr)

.gnu.version
 *(.gnu.version)

.gnu.version_d
 *(.gnu.version_d)

.gnu.version_r
 *(.gnu.version_r)

.rel.init
 *(.rel.init)

.rela.init
 *(.rela.init)

.rel.text
 *(.rel.text)
 *(.rel.text.*)
 *(.rel.gnu.linkonce.t*)

.rela.text
 *(.rela.text)
 *(.rela.text.*)
 *(.rela.gnu.linkonce.t*)

.rel.fini
 *(.rel.fini)

.rela.fini
 *(.rela.fini)

.rel.rodata
 *(.rel.rodata)
 *(.rel.rodata.*)
 *(.rel.gnu.linkonce.r*)

.rela.rodata
 *(.rela.rodata)
 *(.rela.rodata.*)
 *(.rela.gnu.linkonce.r*)

.rel.data
 *(.rel.data)
 *(.rel.data.*)
 *(.rel.gnu.linkonce.d*)

.rela.data
 *(.rela.data)
 *(.rela.data.*)
 *(.rela.gnu.linkonce.d*)

.rel.ctors
 *(.rel.ctors)

.rela.ctors
 *(.rela.ctors)

.rel.dtors
 *(.rel.dtors)

.rela.dtors
 *(.rela.dtors)

.rel.got
 *(.rel.got)

.rela.got
 *(.rela.got)

.rel.bss
 *(.rel.bss)

.rela.bss
 *(.rela.bss)

.rel.plt
 *(.rel.plt)

.rela.plt
 *(.rela.plt)

.text           0x0000000000000000      0x11a
 *(.vectors)
 .vectors       0x0000000000000000       0x90 C:/Users/C70348/.mchp_packs/Microchip/AVR-Dx_DFP/2.1.152/xc8/avr/lib/avrxmega2/memx-const/crtavr64dd32.o
                0x0000000000000000                __vector_default
                0x0000000000000000                __vectors
 *(.vectors)
 *(.progmem.gcc*)
 .progmem.gcc_sw_table.stateMachine
                0x0000000000000090       0x18 dist/pro/production/__pa_temp_21724/application.o
 *(.dinit)
 .dinit         0x00000000000000a8       0x1d data_init
                0x00000000000000c6                . = ALIGN (0x2)
 *fill*         0x00000000000000c5        0x1 
                0x00000000000000c6                __trampolines_start = .
 *(.trampolines)
 .trampolines   0x00000000000000c6        0x0 linker stubs
 *(.trampolines*)
                0x00000000000000c6                __trampolines_end = .
 *libprintf_flt.a:*(.progmem.data)
 *libc.a:*(.progmem.data)
                0x00000000000000c6                . = ALIGN (0x2)
 *(.jumptables)
 *(.jumptables*)
 *(.lowtext)
 *(.lowtext*)
                0x00000000000000c6                __ctors_start = .
 *(.ctors)
                0x00000000000000c6                __ctors_end = .
                0x00000000000000c6                __dtors_start = .
 *(.dtors)
                0x00000000000000c6                __dtors_end = .
 SORT(*)(.ctors)
 SORT(*)(.dtors)
 *(.init0)
 .init0         0x00000000000000c6        0x0 C:/Users/C70348/.mchp_packs/Microchip/AVR-Dx_DFP/2.1.152/xc8/avr/lib/avrxmega2/memx-const/crtavr64dd32.o
                0x00000000000000c6                __init
 *(.init0)
 *(.init1)
 *(.init1)
 *(.init2)
 .init2         0x00000000000000c6        0xc C:/Users/C70348/.mchp_packs/Microchip/AVR-Dx_DFP/2.1.152/xc8/avr/lib/avrxmega2/memx-const/crtavr64dd32.o
 *(.init2)
 *(.init3)
 *(.init3)
 *(.init4)
 .init4         0x00000000000000d2       0x3c c:/program files/microchip/xc8/v2.40/avr/bin/../lib/gcc/avr/5.4.0/avrxmega2/memx-const\libgcc.a(_copy_data.o)
                0x00000000000000d2                __do_copy_data
                0x0000000000000100                __do_clear_bss
 *(.init4)
 *(.init5)
 *(.init5)
 *(.init6)
 *(.init6)
 *(.init7)
 *(.init7)
 *(.init8)
 *(.init8)
 *(.init9)
 .init9         0x000000000000010e        0x8 C:/Users/C70348/.mchp_packs/Microchip/AVR-Dx_DFP/2.1.152/xc8/avr/lib/avrxmega2/memx-const/crtavr64dd32.o
 *(.init9)
                0x0000000000000116                . = ALIGN (0x2)
 *(.fini9)
 .fini9         0x0000000000000116        0x0 c:/program files/microchip/xc8/v2.40/avr/bin/../lib/gcc/avr/5.4.0/avrxmega2/memx-const\libgcc.a(_exit.o)
                0x0000000000000116                _exit
 *(.fini9)
 *(.fini8)
 *(.fini8)
 *(.fini7)
 *(.fini7)
 *(.fini6)
 *(.fini6)
 *(.fini5)
 *(.fini5)
 *(.fini4)
 *(.fini4)
 *(.fini3)
 *(.fini3)
 *(.fini2)
 *(.fini2)
 *(.fini1)
 *(.fini1)
 *(.fini0)
 .fini0         0x0000000000000116        0x4 c:/program files/microchip/xc8/v2.40/avr/bin/../lib/gcc/avr/5.4.0/avrxmega2/memx-const\libgcc.a(_exit.o)
 *(.fini0)
                0x000000000000011a                _etext = .

.data           0x0000000000806000        0x0 load address 0x000000000000011a
                [!provide]                        PROVIDE (__data_start, .)
 *(.gnu.linkonce.d*)
 *(.gnu.linkonce.r*)
                0x0000000000806000                . = ALIGN (0x2)
                0x0000000000806000                _edata = .
                [!provide]                        PROVIDE (__data_end, .)

.bss            0x0000000000806000        0x2
                [!provide]                        PROVIDE (__bss_start, .)
 *(COMMON)
 COMMON         0x0000000000806000        0x2 c:/program files/microchip/xc8/v2.40/avr/bin/../lib/gcc/avr/5.4.0/../../../../avr/lib/avrxmega2/memx-const\libc.a(errno.o)
                0x0000000000806000                __errno_val
                [!provide]                        PROVIDE (__bss_end, .)
                0x000000000000011a                __data_load_start = LOADADDR (.data)
                0x000000000000011a                __data_load_end = (__data_load_start + SIZEOF (.data))

.noinit         0x0000000000806002        0x0
                [!provide]                        PROVIDE (__noinit_start, .)
 *(.noinit*)
                [!provide]                        PROVIDE (__noinit_end, .)
                0x0000000000806002                _end = .

.eeprom         0x0000000000810000        0x0
 *(.eeprom*)
                0x0000000000810000                __eeprom_end = .

.fuse           0x0000000000820000        0x9
 *(.fuse)
 .fuse          0x0000000000820000        0x9 build/pro/production/mcc_generated_files/system/src/config_bits.o
                0x0000000000820000                __fuse
 *(.lfuse)
 *(.hfuse)
 *(.efuse)

.lock
 *(.lock*)

.signature
 *(.signature*)

.user_signatures
 *(.user_signatures*)

.stab
 *(.stab)

.stabstr
 *(.stabstr)

.stab.excl
 *(.stab.excl)

.stab.exclstr
 *(.stab.exclstr)

.stab.index
 *(.stab.index)

.stab.indexstr
 *(.stab.indexstr)

.comment        0x0000000000000000       0x2f
 *(.comment)
 .comment       0x0000000000000000       0x2f dist/pro/production/__pa_temp_21724/libm_a_sqrtf.o
                                         0x30 (size before relaxing)
 .comment       0x000000000000002f       0x30 dist/pro/production/__pa_temp_21724/libm_a_scalbnf.o
 .comment       0x000000000000002f       0x30 dist/pro/production/__pa_temp_21724/libm_a_powf.o
 .comment       0x000000000000002f       0x30 dist/pro/production/__pa_temp_21724/libc_a___sio_printf_s.o
 .comment       0x000000000000002f       0x30 dist/pro/production/__pa_temp_21724/libc_a___sio_printf_doux.o
 .comment       0x000000000000002f       0x30 dist/pro/production/__pa_temp_21724/libc_a___sio_printf_dosux.o
 .comment       0x000000000000002f       0x30 dist/pro/production/__pa_temp_21724/libc_a___printf_core.o
 .comment       0x000000000000002f       0x30 dist/pro/production/__pa_temp_21724/libc_a___pop_int.o
 .comment       0x000000000000002f       0x30 dist/pro/production/__pa_temp_21724/libc_a___fmt_x.o
 .comment       0x000000000000002f       0x30 dist/pro/production/__pa_temp_21724/libc_a___fmt_u.o
 .comment       0x000000000000002f       0x30 dist/pro/production/__pa_temp_21724/libc_a___fmt_o.o
 .comment       0x000000000000002f       0x30 dist/pro/production/__pa_temp_21724/libc_a___fmt_d.o
 .comment       0x000000000000002f       0x30 build/pro/production/mcc_generated_files/adc/src/adc0.o
 .comment       0x000000000000002f       0x30 dist/pro/production/__pa_temp_21724/evsys.o
 .comment       0x000000000000002f       0x30 dist/pro/production/__pa_temp_21724/clock.o
 .comment       0x000000000000002f       0x30 build/pro/production/mcc_generated_files/system/src/system.o
 .comment       0x000000000000002f       0x30 build/pro/production/mcc_generated_files/system/src/config_bits.o
 .comment       0x000000000000002f       0x30 dist/pro/production/__pa_temp_21724/pins.o
 .comment       0x000000000000002f       0x30 build/pro/production/mcc_generated_files/system/src/interrupt.o
 .comment       0x000000000000002f       0x30 dist/pro/production/__pa_temp_21724/tcb0.o
 .comment       0x000000000000002f       0x30 build/pro/production/mcc_generated_files/timer/src/rtc.o
 .comment       0x000000000000002f       0x30 dist/pro/production/__pa_temp_21724/tcb1.o
 .comment       0x000000000000002f       0x30 dist/pro/production/__pa_temp_21724/usart0.o
 .comment       0x000000000000002f       0x30 dist/pro/production/__pa_temp_21724/usart1.o
 .comment       0x000000000000002f       0x30 build/pro/production/mcc_generated_files/vref/src/vref.o
 .comment       0x000000000000002f       0x30 build/pro/production/main.o
 .comment       0x000000000000002f       0x30 dist/pro/production/__pa_temp_21724/application.o
 .comment       0x000000000000002f       0x30 dist/pro/production/__pa_temp_21724/TWI.o
 .comment       0x000000000000002f       0x30 dist/pro/production/__pa_temp_21724/bme280.o
 .comment       0x000000000000002f       0x30 dist/pro/production/__pa_temp_21724/ringBuffer.o
 .comment       0x000000000000002f       0x30 dist/pro/production/__pa_temp_21724/RN2xx3.o
 .comment       0x000000000000002f       0x30 c:/program files/microchip/xc8/v2.40/avr/bin/../lib/gcc/avr/5.4.0/../../../../avr/lib/avrxmega2/memx-const\libm.a(fabsf.o)
 .comment       0x000000000000002f       0x30 c:/program files/microchip/xc8/v2.40/avr/bin/../lib/gcc/avr/5.4.0/../../../../avr/lib/avrxmega2/memx-const\libc.a(tolower.o)
 .comment       0x000000000000002f       0x30 c:/program files/microchip/xc8/v2.40/avr/bin/../lib/gcc/avr/5.4.0/../../../../avr/lib/avrxmega2/memx-const\libc.a(toupper.o)
 .comment       0x000000000000002f       0x30 c:/program files/microchip/xc8/v2.40/avr/bin/../lib/gcc/avr/5.4.0/../../../../avr/lib/avrxmega2/memx-const\libc.a(errno.o)
 .comment       0x000000000000002f       0x30 c:/program files/microchip/xc8/v2.40/avr/bin/../lib/gcc/avr/5.4.0/../../../../avr/lib/avrxmega2/memx-const\libc.a(exit.o)
 .comment       0x000000000000002f       0x30 c:/program files/microchip/xc8/v2.40/avr/bin/../lib/gcc/avr/5.4.0/../../../../avr/lib/avrxmega2/memx-const\libc.a(__int_vfprintf.o)
 .comment       0x000000000000002f       0x30 c:/program files/microchip/xc8/v2.40/avr/bin/../lib/gcc/avr/5.4.0/../../../../avr/lib/avrxmega2/memx-const\libc.a(__sio_sprintf_doux.o)
 .comment       0x000000000000002f       0x30 c:/program files/microchip/xc8/v2.40/avr/bin/../lib/gcc/avr/5.4.0/../../../../avr/lib/avrxmega2/memx-const\libc.a(__fmt_s.o)
 .comment       0x000000000000002f       0x30 c:/program files/microchip/xc8/v2.40/avr/bin/../lib/gcc/avr/5.4.0/../../../../avr/lib/avrxmega2/memx-const\libc.a(fputc.o)
 .comment       0x000000000000002f       0x30 c:/program files/microchip/xc8/v2.40/avr/bin/../lib/gcc/avr/5.4.0/../../../../avr/lib/avrxmega2/memx-const\libc.a(puts.o)
 .comment       0x000000000000002f       0x30 c:/program files/microchip/xc8/v2.40/avr/bin/../lib/gcc/avr/5.4.0/../../../../avr/lib/avrxmega2/memx-const\libc.a(stdout.o)
 .comment       0x000000000000002f       0x30 c:/program files/microchip/xc8/v2.40/avr/bin/../lib/gcc/avr/5.4.0/../../../../avr/lib/avrxmega2/memx-const\libc.a(strlen.o)
 .comment       0x000000000000002f       0x30 c:/program files/microchip/xc8/v2.40/avr/bin/../lib/gcc/avr/5.4.0/../../../../avr/lib/avrxmega2/memx-const\libc.a(_Exit.o)
 .comment       0x000000000000002f       0x30 c:/program files/microchip/xc8/v2.40/avr/bin/../lib/gcc/avr/5.4.0/../../../../avr/lib/avrxmega2/memx-const\libc.a(__int_vsprintf.o)
 .comment       0x000000000000002f       0x30 c:/program files/microchip/xc8/v2.40/avr/bin/../lib/gcc/avr/5.4.0/../../../../avr/lib/avrxmega2/memx-const\libc.a(__int_vsnprintf.o)
 .comment       0x000000000000002f       0x30 c:/program files/microchip/xc8/v2.40/avr/bin/../lib/gcc/avr/5.4.0/../../../../avr/lib/avrxmega2/memx-const\libc.a(fputs.o)

.note.GNU-stack
                0x0000000000000000        0x0
 .note.GNU-stack
                0x0000000000000000        0x0 dist/pro/production/__pa_temp_21724/libm_a_sqrtf.o
 .note.GNU-stack
                0x0000000000000000        0x0 dist/pro/production/__pa_temp_21724/libm_a_scalbnf.o
 .note.GNU-stack
                0x0000000000000000        0x0 dist/pro/production/__pa_temp_21724/libm_a_powf.o
 .note.GNU-stack
                0x0000000000000000        0x0 dist/pro/production/__pa_temp_21724/libm_a_mulsf3x.o
 .note.GNU-stack
                0x0000000000000000        0x0 dist/pro/production/__pa_temp_21724/libm_a_floatsisf.o
 .note.GNU-stack
                0x0000000000000000        0x0 dist/pro/production/__pa_temp_21724/libm_a_fixunssfsi.o
 .note.GNU-stack
                0x0000000000000000        0x0 dist/pro/production/__pa_temp_21724/libm_a_divsf3x.o
 .note.GNU-stack
                0x0000000000000000        0x0 dist/pro/production/__pa_temp_21724/libm_a_addsf3x.o
 .note.GNU-stack
                0x0000000000000000        0x0 dist/pro/production/__pa_temp_21724/libc_a___sio_printf_s.o
 .note.GNU-stack
                0x0000000000000000        0x0 dist/pro/production/__pa_temp_21724/libc_a___sio_printf_doux.o
 .note.GNU-stack
                0x0000000000000000        0x0 dist/pro/production/__pa_temp_21724/libc_a___sio_printf_dosux.o
 .note.GNU-stack
                0x0000000000000000        0x0 dist/pro/production/__pa_temp_21724/libc_a___printf_core.o
 .note.GNU-stack
                0x0000000000000000        0x0 dist/pro/production/__pa_temp_21724/libc_a___pop_int.o
 .note.GNU-stack
                0x0000000000000000        0x0 dist/pro/production/__pa_temp_21724/libc_a___fmt_x.o
 .note.GNU-stack
                0x0000000000000000        0x0 dist/pro/production/__pa_temp_21724/libc_a___fmt_u.o
 .note.GNU-stack
                0x0000000000000000        0x0 dist/pro/production/__pa_temp_21724/libc_a___fmt_o.o
 .note.GNU-stack
                0x0000000000000000        0x0 dist/pro/production/__pa_temp_21724/libc_a___fmt_d.o
 .note.GNU-stack
                0x0000000000000000        0x0 c:/program files/microchip/xc8/v2.40/avr/bin/../lib/gcc/avr/5.4.0/../../../../avr/lib/avrxmega2/memx-const\libm.a(addsf3.o)
 .note.GNU-stack
                0x0000000000000000        0x0 c:/program files/microchip/xc8/v2.40/avr/bin/../lib/gcc/avr/5.4.0/../../../../avr/lib/avrxmega2/memx-const\libm.a(cmpsf2.o)
 .note.GNU-stack
                0x0000000000000000        0x0 c:/program files/microchip/xc8/v2.40/avr/bin/../lib/gcc/avr/5.4.0/../../../../avr/lib/avrxmega2/memx-const\libm.a(divsf3.o)
 .note.GNU-stack
                0x0000000000000000        0x0 c:/program files/microchip/xc8/v2.40/avr/bin/../lib/gcc/avr/5.4.0/../../../../avr/lib/avrxmega2/memx-const\libm.a(fixsfsi.o)
 .note.GNU-stack
                0x0000000000000000        0x0 c:/program files/microchip/xc8/v2.40/avr/bin/../lib/gcc/avr/5.4.0/../../../../avr/lib/avrxmega2/memx-const\libm.a(fp_cmp.o)
 .note.GNU-stack
                0x0000000000000000        0x0 c:/program files/microchip/xc8/v2.40/avr/bin/../lib/gcc/avr/5.4.0/../../../../avr/lib/avrxmega2/memx-const\libm.a(fp_inf.o)
 .note.GNU-stack
                0x0000000000000000        0x0 c:/program files/microchip/xc8/v2.40/avr/bin/../lib/gcc/avr/5.4.0/../../../../avr/lib/avrxmega2/memx-const\libm.a(fp_nan.o)
 .note.GNU-stack
                0x0000000000000000        0x0 c:/program files/microchip/xc8/v2.40/avr/bin/../lib/gcc/avr/5.4.0/../../../../avr/lib/avrxmega2/memx-const\libm.a(fp_pscA.o)
 .note.GNU-stack
                0x0000000000000000        0x0 c:/program files/microchip/xc8/v2.40/avr/bin/../lib/gcc/avr/5.4.0/../../../../avr/lib/avrxmega2/memx-const\libm.a(fp_pscB.o)
 .note.GNU-stack
                0x0000000000000000        0x0 c:/program files/microchip/xc8/v2.40/avr/bin/../lib/gcc/avr/5.4.0/../../../../avr/lib/avrxmega2/memx-const\libm.a(fp_round.o)
 .note.GNU-stack
                0x0000000000000000        0x0 c:/program files/microchip/xc8/v2.40/avr/bin/../lib/gcc/avr/5.4.0/../../../../avr/lib/avrxmega2/memx-const\libm.a(fp_split3.o)
 .note.GNU-stack
                0x0000000000000000        0x0 c:/program files/microchip/xc8/v2.40/avr/bin/../lib/gcc/avr/5.4.0/../../../../avr/lib/avrxmega2/memx-const\libm.a(fp_zero.o)
 .note.GNU-stack
                0x0000000000000000        0x0 c:/program files/microchip/xc8/v2.40/avr/bin/../lib/gcc/avr/5.4.0/../../../../avr/lib/avrxmega2/memx-const\libm.a(gesf2.o)
 .note.GNU-stack
                0x0000000000000000        0x0 c:/program files/microchip/xc8/v2.40/avr/bin/../lib/gcc/avr/5.4.0/../../../../avr/lib/avrxmega2/memx-const\libm.a(mulsf3.o)
 .note.GNU-stack
                0x0000000000000000        0x0 c:/program files/microchip/xc8/v2.40/avr/bin/../lib/gcc/avr/5.4.0/../../../../avr/lib/avrxmega2/memx-const\libm.a(fabsf.o)
 .note.GNU-stack
                0x0000000000000000        0x0 c:/program files/microchip/xc8/v2.40/avr/bin/../lib/gcc/avr/5.4.0/../../../../avr/lib/avrxmega2/memx-const\libc.a(tolower.o)
 .note.GNU-stack
                0x0000000000000000        0x0 c:/program files/microchip/xc8/v2.40/avr/bin/../lib/gcc/avr/5.4.0/../../../../avr/lib/avrxmega2/memx-const\libc.a(toupper.o)
 .note.GNU-stack
                0x0000000000000000        0x0 c:/program files/microchip/xc8/v2.40/avr/bin/../lib/gcc/avr/5.4.0/../../../../avr/lib/avrxmega2/memx-const\libc.a(errno.o)
 .note.GNU-stack
                0x0000000000000000        0x0 c:/program files/microchip/xc8/v2.40/avr/bin/../lib/gcc/avr/5.4.0/../../../../avr/lib/avrxmega2/memx-const\libc.a(exit.o)
 .note.GNU-stack
                0x0000000000000000        0x0 c:/program files/microchip/xc8/v2.40/avr/bin/../lib/gcc/avr/5.4.0/../../../../avr/lib/avrxmega2/memx-const\libc.a(__int_vfprintf.o)
 .note.GNU-stack
                0x0000000000000000        0x0 c:/program files/microchip/xc8/v2.40/avr/bin/../lib/gcc/avr/5.4.0/../../../../avr/lib/avrxmega2/memx-const\libc.a(__sio_sprintf_doux.o)
 .note.GNU-stack
                0x0000000000000000        0x0 c:/program files/microchip/xc8/v2.40/avr/bin/../lib/gcc/avr/5.4.0/../../../../avr/lib/avrxmega2/memx-const\libc.a(__fmt_s.o)
 .note.GNU-stack
                0x0000000000000000        0x0 c:/program files/microchip/xc8/v2.40/avr/bin/../lib/gcc/avr/5.4.0/../../../../avr/lib/avrxmega2/memx-const\libc.a(fputc.o)
 .note.GNU-stack
                0x0000000000000000        0x0 c:/program files/microchip/xc8/v2.40/avr/bin/../lib/gcc/avr/5.4.0/../../../../avr/lib/avrxmega2/memx-const\libc.a(puts.o)
 .note.GNU-stack
                0x0000000000000000        0x0 c:/program files/microchip/xc8/v2.40/avr/bin/../lib/gcc/avr/5.4.0/../../../../avr/lib/avrxmega2/memx-const\libc.a(stdout.o)
 .note.GNU-stack
                0x0000000000000000        0x0 c:/program files/microchip/xc8/v2.40/avr/bin/../lib/gcc/avr/5.4.0/../../../../avr/lib/avrxmega2/memx-const\libc.a(strlen.o)
 .note.GNU-stack
                0x0000000000000000        0x0 c:/program files/microchip/xc8/v2.40/avr/bin/../lib/gcc/avr/5.4.0/../../../../avr/lib/avrxmega2/memx-const\libc.a(_Exit.o)
 .note.GNU-stack
                0x0000000000000000        0x0 c:/program files/microchip/xc8/v2.40/avr/bin/../lib/gcc/avr/5.4.0/../../../../avr/lib/avrxmega2/memx-const\libc.a(__int_vsprintf.o)
 .note.GNU-stack
                0x0000000000000000        0x0 c:/program files/microchip/xc8/v2.40/avr/bin/../lib/gcc/avr/5.4.0/../../../../avr/lib/avrxmega2/memx-const\libc.a(__int_vsnprintf.o)
 .note.GNU-stack
                0x0000000000000000        0x0 c:/program files/microchip/xc8/v2.40/avr/bin/../lib/gcc/avr/5.4.0/../../../../avr/lib/avrxmega2/memx-const\libc.a(fputs.o)

.stack.descriptors.hdr
                0x0000000000000000      0x188
 .stack.descriptors.hdr
                0x0000000000000000        0xe dist/pro/production/__pa_temp_21724/libm_a_mulsf3x.o
 .stack.descriptors.hdr
                0x000000000000000e        0xe dist/pro/production/__pa_temp_21724/libm_a_floatsisf.o
 .stack.descriptors.hdr
                0x000000000000001c        0xe dist/pro/production/__pa_temp_21724/libm_a_fixunssfsi.o
 .stack.descriptors.hdr
                0x000000000000002a        0xe dist/pro/production/__pa_temp_21724/libm_a_divsf3x.o
 .stack.descriptors.hdr
                0x0000000000000038        0xe dist/pro/production/__pa_temp_21724/libm_a_addsf3x.o
 .stack.descriptors.hdr
                0x0000000000000046        0xe c:/program files/microchip/xc8/v2.40/avr/bin/../lib/gcc/avr/5.4.0/../../../../avr/lib/avrxmega2/memx-const\libm.a(addsf3.o)
 .stack.descriptors.hdr
                0x0000000000000054        0xe c:/program files/microchip/xc8/v2.40/avr/bin/../lib/gcc/avr/5.4.0/../../../../avr/lib/avrxmega2/memx-const\libm.a(cmpsf2.o)
 .stack.descriptors.hdr
                0x0000000000000062        0xe c:/program files/microchip/xc8/v2.40/avr/bin/../lib/gcc/avr/5.4.0/../../../../avr/lib/avrxmega2/memx-const\libm.a(divsf3.o)
 .stack.descriptors.hdr
                0x0000000000000070        0xe c:/program files/microchip/xc8/v2.40/avr/bin/../lib/gcc/avr/5.4.0/../../../../avr/lib/avrxmega2/memx-const\libm.a(fixsfsi.o)
 .stack.descriptors.hdr
                0x000000000000007e        0xe c:/program files/microchip/xc8/v2.40/avr/bin/../lib/gcc/avr/5.4.0/../../../../avr/lib/avrxmega2/memx-const\libm.a(fp_cmp.o)
 .stack.descriptors.hdr
                0x000000000000008c        0xe c:/program files/microchip/xc8/v2.40/avr/bin/../lib/gcc/avr/5.4.0/../../../../avr/lib/avrxmega2/memx-const\libm.a(fp_inf.o)
 .stack.descriptors.hdr
                0x000000000000009a        0xe c:/program files/microchip/xc8/v2.40/avr/bin/../lib/gcc/avr/5.4.0/../../../../avr/lib/avrxmega2/memx-const\libm.a(fp_nan.o)
 .stack.descriptors.hdr
                0x00000000000000a8        0xe c:/program files/microchip/xc8/v2.40/avr/bin/../lib/gcc/avr/5.4.0/../../../../avr/lib/avrxmega2/memx-const\libm.a(fp_pscA.o)
 .stack.descriptors.hdr
                0x00000000000000b6        0xe c:/program files/microchip/xc8/v2.40/avr/bin/../lib/gcc/avr/5.4.0/../../../../avr/lib/avrxmega2/memx-const\libm.a(fp_pscB.o)
 .stack.descriptors.hdr
                0x00000000000000c4        0xe c:/program files/microchip/xc8/v2.40/avr/bin/../lib/gcc/avr/5.4.0/../../../../avr/lib/avrxmega2/memx-const\libm.a(fp_round.o)
 .stack.descriptors.hdr
                0x00000000000000d2        0xe c:/program files/microchip/xc8/v2.40/avr/bin/../lib/gcc/avr/5.4.0/../../../../avr/lib/avrxmega2/memx-const\libm.a(fp_split3.o)
 .stack.descriptors.hdr
                0x00000000000000e0        0xe c:/program files/microchip/xc8/v2.40/avr/bin/../lib/gcc/avr/5.4.0/../../../../avr/lib/avrxmega2/memx-const\libm.a(fp_zero.o)
 .stack.descriptors.hdr
                0x00000000000000ee        0xe c:/program files/microchip/xc8/v2.40/avr/bin/../lib/gcc/avr/5.4.0/../../../../avr/lib/avrxmega2/memx-const\libm.a(gesf2.o)
 .stack.descriptors.hdr
                0x00000000000000fc        0xe c:/program files/microchip/xc8/v2.40/avr/bin/../lib/gcc/avr/5.4.0/../../../../avr/lib/avrxmega2/memx-const\libm.a(mulsf3.o)
 .stack.descriptors.hdr
                0x000000000000010a        0xe c:/program files/microchip/xc8/v2.40/avr/bin/../lib/gcc/avr/5.4.0/avrxmega2/memx-const\libgcc.a(_mulsi3.o)
 .stack.descriptors.hdr
                0x0000000000000118        0xe c:/program files/microchip/xc8/v2.40/avr/bin/../lib/gcc/avr/5.4.0/avrxmega2/memx-const\libgcc.a(_udivmodsi4.o)
 .stack.descriptors.hdr
                0x0000000000000126        0xe c:/program files/microchip/xc8/v2.40/avr/bin/../lib/gcc/avr/5.4.0/avrxmega2/memx-const\libgcc.a(_tablejump2.o)
 .stack.descriptors.hdr
                0x0000000000000134        0xe c:/program files/microchip/xc8/v2.40/avr/bin/../lib/gcc/avr/5.4.0/avrxmega2/memx-const\libgcc.a(_muluhisi3.o)
 .stack.descriptors.hdr
                0x0000000000000142        0xe c:/program files/microchip/xc8/v2.40/avr/bin/../lib/gcc/avr/5.4.0/avrxmega2/memx-const\libgcc.a(_mulshisi3.o)
 .stack.descriptors.hdr
                0x0000000000000150        0xe c:/program files/microchip/xc8/v2.40/avr/bin/../lib/gcc/avr/5.4.0/avrxmega2/memx-const\libgcc.a(_xload_4.o)
 .stack.descriptors.hdr
                0x000000000000015e        0xe c:/program files/microchip/xc8/v2.40/avr/bin/../lib/gcc/avr/5.4.0/avrxmega2/memx-const\libgcc.a(_movmemx.o)
 .stack.descriptors.hdr
                0x000000000000016c        0xe c:/program files/microchip/xc8/v2.40/avr/bin/../lib/gcc/avr/5.4.0/avrxmega2/memx-const\libgcc.a(_umulhisi3.o)
 .stack.descriptors.hdr
                0x000000000000017a        0xe c:/program files/microchip/xc8/v2.40/avr/bin/../lib/gcc/avr/5.4.0/avrxmega2/memx-const\libgcc.a(_exit.o)

.note.gnu.build-id
 *(.note.gnu.build-id)

.debug
 *(.debug)

.line
 *(.line)

.debug_srcinfo
 *(.debug_srcinfo)

.debug_sfnames
 *(.debug_sfnames)

.debug_aranges  0x0000000000000000      0x858
 *(.debug_aranges)
 .debug_aranges
                0x0000000000000000       0xc8 build/pro/production/mcc_generated_files/adc/src/adc0.o
 .debug_aranges
                0x00000000000000c8       0x30 dist/pro/production/__pa_temp_21724/evsys.o
 .debug_aranges
                0x00000000000000f8       0x38 dist/pro/production/__pa_temp_21724/clock.o
 .debug_aranges
                0x0000000000000130       0x28 build/pro/production/mcc_generated_files/system/src/system.o
 .debug_aranges
                0x0000000000000158       0x18 build/pro/production/mcc_generated_files/system/src/config_bits.o
 .debug_aranges
                0x0000000000000170       0xa0 dist/pro/production/__pa_temp_21724/pins.o
 .debug_aranges
                0x0000000000000210       0x20 build/pro/production/mcc_generated_files/system/src/protected_io.o
 .debug_aranges
                0x0000000000000230       0x20 build/pro/production/mcc_generated_files/system/src/interrupt.o
 .debug_aranges
                0x0000000000000250       0x90 dist/pro/production/__pa_temp_21724/tcb0.o
 .debug_aranges
                0x00000000000002e0       0xb8 build/pro/production/mcc_generated_files/timer/src/rtc.o
 .debug_aranges
                0x0000000000000398       0x90 dist/pro/production/__pa_temp_21724/tcb1.o
 .debug_aranges
                0x0000000000000428       0xb0 dist/pro/production/__pa_temp_21724/usart0.o
 .debug_aranges
                0x00000000000004d8       0xa8 dist/pro/production/__pa_temp_21724/usart1.o
 .debug_aranges
                0x0000000000000580       0x20 build/pro/production/mcc_generated_files/vref/src/vref.o
 .debug_aranges
                0x00000000000005a0       0x20 build/pro/production/main.o
 .debug_aranges
                0x00000000000005c0       0x80 dist/pro/production/__pa_temp_21724/application.o
 .debug_aranges
                0x0000000000000640       0x70 dist/pro/production/__pa_temp_21724/TWI.o
 .debug_aranges
                0x00000000000006b0       0x98 dist/pro/production/__pa_temp_21724/bme280.o
 .debug_aranges
                0x0000000000000748       0x60 dist/pro/production/__pa_temp_21724/ringBuffer.o
 .debug_aranges
                0x00000000000007a8       0xb0 dist/pro/production/__pa_temp_21724/RN2xx3.o

.debug_pubnames
 *(.debug_pubnames)

.debug_info     0x0000000000000000     0xeca4
 *(.debug_info .gnu.linkonce.wi.*)
 .debug_info    0x0000000000000000     0x22a4 C:/Users/C70348/.mchp_packs/Microchip/AVR-Dx_DFP/2.1.152/xc8/avr/lib/avrxmega2/memx-const/crtavr64dd32.o
 .debug_info    0x00000000000022a4     0x103f build/pro/production/mcc_generated_files/adc/src/adc0.o
 .debug_info    0x00000000000032e3      0x6cf dist/pro/production/__pa_temp_21724/evsys.o
 .debug_info    0x00000000000039b2      0x802 dist/pro/production/__pa_temp_21724/clock.o
 .debug_info    0x00000000000041b4      0x573 build/pro/production/mcc_generated_files/system/src/system.o
 .debug_info    0x0000000000004727      0x904 build/pro/production/mcc_generated_files/system/src/config_bits.o
 .debug_info    0x000000000000502b      0xcc9 dist/pro/production/__pa_temp_21724/pins.o
 .debug_info    0x0000000000005cf4       0xa2 build/pro/production/mcc_generated_files/system/src/protected_io.o
 .debug_info    0x0000000000005d96      0x410 build/pro/production/mcc_generated_files/system/src/interrupt.o
 .debug_info    0x00000000000061a6      0x7ef dist/pro/production/__pa_temp_21724/tcb0.o
 .debug_info    0x0000000000006995      0x8f1 build/pro/production/mcc_generated_files/timer/src/rtc.o
 .debug_info    0x0000000000007286      0x7ef dist/pro/production/__pa_temp_21724/tcb1.o
 .debug_info    0x0000000000007a75      0xe06 dist/pro/production/__pa_temp_21724/usart0.o
 .debug_info    0x000000000000887b      0xc3d dist/pro/production/__pa_temp_21724/usart1.o
 .debug_info    0x00000000000094b8      0x37c build/pro/production/mcc_generated_files/vref/src/vref.o
 .debug_info    0x0000000000009834      0x372 build/pro/production/main.o
 .debug_info    0x0000000000009ba6     0x11f9 dist/pro/production/__pa_temp_21724/application.o
 .debug_info    0x000000000000ad9f      0xbdf dist/pro/production/__pa_temp_21724/TWI.o
 .debug_info    0x000000000000b97e      0xf22 dist/pro/production/__pa_temp_21724/bme280.o
 .debug_info    0x000000000000c8a0      0x7bd dist/pro/production/__pa_temp_21724/ringBuffer.o
 .debug_info    0x000000000000d05d     0x1c47 dist/pro/production/__pa_temp_21724/RN2xx3.o

.debug_abbrev   0x0000000000000000     0x3e7b
 *(.debug_abbrev)
 .debug_abbrev  0x0000000000000000     0x20ce C:/Users/C70348/.mchp_packs/Microchip/AVR-Dx_DFP/2.1.152/xc8/avr/lib/avrxmega2/memx-const/crtavr64dd32.o
 .debug_abbrev  0x00000000000020ce      0x25d build/pro/production/mcc_generated_files/adc/src/adc0.o
 .debug_abbrev  0x000000000000232b       0xcd dist/pro/production/__pa_temp_21724/evsys.o
 .debug_abbrev  0x00000000000023f8      0x130 dist/pro/production/__pa_temp_21724/clock.o
 .debug_abbrev  0x0000000000002528      0x13e build/pro/production/mcc_generated_files/system/src/system.o
 .debug_abbrev  0x0000000000002666       0x97 build/pro/production/mcc_generated_files/system/src/config_bits.o
 .debug_abbrev  0x00000000000026fd      0x153 dist/pro/production/__pa_temp_21724/pins.o
 .debug_abbrev  0x0000000000002850       0x14 build/pro/production/mcc_generated_files/system/src/protected_io.o
 .debug_abbrev  0x0000000000002864       0xfa build/pro/production/mcc_generated_files/system/src/interrupt.o
 .debug_abbrev  0x000000000000295e      0x19d dist/pro/production/__pa_temp_21724/tcb0.o
 .debug_abbrev  0x0000000000002afb      0x14c build/pro/production/mcc_generated_files/timer/src/rtc.o
 .debug_abbrev  0x0000000000002c47      0x19d dist/pro/production/__pa_temp_21724/tcb1.o
 .debug_abbrev  0x0000000000002de4      0x2c0 dist/pro/production/__pa_temp_21724/usart0.o
 .debug_abbrev  0x00000000000030a4      0x25a dist/pro/production/__pa_temp_21724/usart1.o
 .debug_abbrev  0x00000000000032fe       0x8c build/pro/production/mcc_generated_files/vref/src/vref.o
 .debug_abbrev  0x000000000000338a       0x8b build/pro/production/main.o
 .debug_abbrev  0x0000000000003415      0x206 dist/pro/production/__pa_temp_21724/application.o
 .debug_abbrev  0x000000000000361b      0x1eb dist/pro/production/__pa_temp_21724/TWI.o
 .debug_abbrev  0x0000000000003806      0x22d dist/pro/production/__pa_temp_21724/bme280.o
 .debug_abbrev  0x0000000000003a33      0x1cf dist/pro/production/__pa_temp_21724/ringBuffer.o
 .debug_abbrev  0x0000000000003c02      0x279 dist/pro/production/__pa_temp_21724/RN2xx3.o

.debug_line     0x0000000000000000     0x4028
 *(.debug_line .debug_line.* .debug_line_end)
 .debug_line    0x0000000000000000      0x172 C:/Users/C70348/.mchp_packs/Microchip/AVR-Dx_DFP/2.1.152/xc8/avr/lib/avrxmega2/memx-const/crtavr64dd32.o
 .debug_line    0x0000000000000172      0x3f4 build/pro/production/mcc_generated_files/adc/src/adc0.o
 .debug_line    0x0000000000000566      0x1e7 dist/pro/production/__pa_temp_21724/evsys.o
 .debug_line    0x000000000000074d      0x205 dist/pro/production/__pa_temp_21724/clock.o
 .debug_line    0x0000000000000952      0x32b build/pro/production/mcc_generated_files/system/src/system.o
 .debug_line    0x0000000000000c7d       0xf0 build/pro/production/mcc_generated_files/system/src/config_bits.o
 .debug_line    0x0000000000000d6d      0x46e dist/pro/production/__pa_temp_21724/pins.o
 .debug_line    0x00000000000011db       0x6d build/pro/production/mcc_generated_files/system/src/protected_io.o
 .debug_line    0x0000000000001248      0x189 build/pro/production/mcc_generated_files/system/src/interrupt.o
 .debug_line    0x00000000000013d1      0x2fc dist/pro/production/__pa_temp_21724/tcb0.o
 .debug_line    0x00000000000016cd      0x37c build/pro/production/mcc_generated_files/timer/src/rtc.o
 .debug_line    0x0000000000001a49      0x2fc dist/pro/production/__pa_temp_21724/tcb1.o
 .debug_line    0x0000000000001d45      0x452 dist/pro/production/__pa_temp_21724/usart0.o
 .debug_line    0x0000000000002197      0x3e3 dist/pro/production/__pa_temp_21724/usart1.o
 .debug_line    0x000000000000257a      0x10f build/pro/production/mcc_generated_files/vref/src/vref.o
 .debug_line    0x0000000000002689       0xf2 build/pro/production/main.o
 .debug_line    0x000000000000277b      0x5b7 dist/pro/production/__pa_temp_21724/application.o
 .debug_line    0x0000000000002d32      0x373 dist/pro/production/__pa_temp_21724/TWI.o
 .debug_line    0x00000000000030a5      0x498 dist/pro/production/__pa_temp_21724/bme280.o
 .debug_line    0x000000000000353d      0x2d5 dist/pro/production/__pa_temp_21724/ringBuffer.o
 .debug_line    0x0000000000003812      0x816 dist/pro/production/__pa_temp_21724/RN2xx3.o

.debug_frame    0x0000000000000000     0x1650
 *(.debug_frame)
 .debug_frame   0x0000000000000000      0x204 build/pro/production/mcc_generated_files/adc/src/adc0.o
 .debug_frame   0x0000000000000204       0x44 dist/pro/production/__pa_temp_21724/evsys.o
 .debug_frame   0x0000000000000248       0x54 dist/pro/production/__pa_temp_21724/clock.o
 .debug_frame   0x000000000000029c       0x34 build/pro/production/mcc_generated_files/system/src/system.o
 .debug_frame   0x00000000000002d0      0x2f0 dist/pro/production/__pa_temp_21724/pins.o
 .debug_frame   0x00000000000005c0       0x24 build/pro/production/mcc_generated_files/system/src/interrupt.o
 .debug_frame   0x00000000000005e4      0x14c dist/pro/production/__pa_temp_21724/tcb0.o
 .debug_frame   0x0000000000000730      0x1e4 build/pro/production/mcc_generated_files/timer/src/rtc.o
 .debug_frame   0x0000000000000914      0x14c dist/pro/production/__pa_temp_21724/tcb1.o
 .debug_frame   0x0000000000000a60      0x16c dist/pro/production/__pa_temp_21724/usart0.o
 .debug_frame   0x0000000000000bcc      0x154 dist/pro/production/__pa_temp_21724/usart1.o
 .debug_frame   0x0000000000000d20       0x24 build/pro/production/mcc_generated_files/vref/src/vref.o
 .debug_frame   0x0000000000000d44       0x24 build/pro/production/main.o
 .debug_frame   0x0000000000000d68      0x204 dist/pro/production/__pa_temp_21724/application.o
 .debug_frame   0x0000000000000f6c      0x12c dist/pro/production/__pa_temp_21724/TWI.o
 .debug_frame   0x0000000000001098      0x248 dist/pro/production/__pa_temp_21724/bme280.o
 .debug_frame   0x00000000000012e0       0xfc dist/pro/production/__pa_temp_21724/ringBuffer.o
 .debug_frame   0x00000000000013dc      0x274 dist/pro/production/__pa_temp_21724/RN2xx3.o

.debug_str      0x0000000000000000     0x1337
 *(.debug_str)
 .debug_str     0x0000000000000000      0xefb C:/Users/C70348/.mchp_packs/Microchip/AVR-Dx_DFP/2.1.152/xc8/avr/lib/avrxmega2/memx-const/crtavr64dd32.o
 .debug_str     0x0000000000000efb       0x11 build/pro/production/mcc_generated_files/adc/src/adc0.o
 .debug_str     0x0000000000000f0c        0x0 dist/pro/production/__pa_temp_21724/evsys.o
 .debug_str     0x0000000000000f0c       0x13 dist/pro/production/__pa_temp_21724/clock.o
 .debug_str     0x0000000000000f1f       0xd1 build/pro/production/mcc_generated_files/system/src/system.o
 .debug_str     0x0000000000000ff0        0x0 build/pro/production/mcc_generated_files/system/src/config_bits.o
 .debug_str     0x0000000000000ff0       0x30 dist/pro/production/__pa_temp_21724/pins.o
 .debug_str     0x0000000000001020       0x13 build/pro/production/mcc_generated_files/system/src/interrupt.o
 .debug_str     0x0000000000001033        0x0 dist/pro/production/__pa_temp_21724/tcb0.o
 .debug_str     0x0000000000001033        0x9 build/pro/production/mcc_generated_files/timer/src/rtc.o
 .debug_str     0x000000000000103c        0x0 dist/pro/production/__pa_temp_21724/tcb1.o
 .debug_str     0x000000000000103c       0x10 dist/pro/production/__pa_temp_21724/usart0.o
 .debug_str     0x000000000000104c       0x10 dist/pro/production/__pa_temp_21724/usart1.o
 .debug_str     0x000000000000105c        0x0 build/pro/production/mcc_generated_files/vref/src/vref.o
 .debug_str     0x000000000000105c       0x7c build/pro/production/main.o
 .debug_str     0x00000000000010d8      0x10c dist/pro/production/__pa_temp_21724/application.o
 .debug_str     0x00000000000011e4       0x15 dist/pro/production/__pa_temp_21724/TWI.o
 .debug_str     0x00000000000011f9       0x2d dist/pro/production/__pa_temp_21724/bme280.o
 .debug_str     0x0000000000001226       0x29 dist/pro/production/__pa_temp_21724/ringBuffer.o
 .debug_str     0x000000000000124f       0xe8 dist/pro/production/__pa_temp_21724/RN2xx3.o

.debug_loc      0x0000000000000000     0x18d7
 *(.debug_loc)
 .debug_loc     0x0000000000000000      0x149 build/pro/production/mcc_generated_files/adc/src/adc0.o
 .debug_loc     0x0000000000000149       0x73 dist/pro/production/__pa_temp_21724/clock.o
 .debug_loc     0x00000000000001bc       0x52 build/pro/production/mcc_generated_files/system/src/system.o
 .debug_loc     0x000000000000020e       0x2a build/pro/production/mcc_generated_files/system/src/interrupt.o
 .debug_loc     0x0000000000000238       0x64 dist/pro/production/__pa_temp_21724/usart0.o
 .debug_loc     0x000000000000029c      0x20f dist/pro/production/__pa_temp_21724/application.o
 .debug_loc     0x00000000000004ab      0x3fd dist/pro/production/__pa_temp_21724/TWI.o
 .debug_loc     0x00000000000008a8      0x6f6 dist/pro/production/__pa_temp_21724/bme280.o
 .debug_loc     0x0000000000000f9e      0x23f dist/pro/production/__pa_temp_21724/ringBuffer.o
 .debug_loc     0x00000000000011dd      0x6fa dist/pro/production/__pa_temp_21724/RN2xx3.o

.debug_macinfo
 *(.debug_macinfo)

.debug_weaknames
 *(.debug_weaknames)

.debug_funcnames
 *(.debug_funcnames)

.debug_typenames
 *(.debug_typenames)

.debug_varnames
 *(.debug_varnames)

.debug_pubtypes
 *(.debug_pubtypes)

.debug_ranges   0x0000000000000000      0x718
 *(.debug_ranges)
 .debug_ranges  0x0000000000000000       0xb8 build/pro/production/mcc_generated_files/adc/src/adc0.o
 .debug_ranges  0x00000000000000b8       0x20 dist/pro/production/__pa_temp_21724/evsys.o
 .debug_ranges  0x00000000000000d8       0x28 dist/pro/production/__pa_temp_21724/clock.o
 .debug_ranges  0x0000000000000100       0x18 build/pro/production/mcc_generated_files/system/src/system.o
 .debug_ranges  0x0000000000000118       0x90 dist/pro/production/__pa_temp_21724/pins.o
 .debug_ranges  0x00000000000001a8       0x10 build/pro/production/mcc_generated_files/system/src/interrupt.o
 .debug_ranges  0x00000000000001b8       0x80 dist/pro/production/__pa_temp_21724/tcb0.o
 .debug_ranges  0x0000000000000238       0xa8 build/pro/production/mcc_generated_files/timer/src/rtc.o
 .debug_ranges  0x00000000000002e0       0x80 dist/pro/production/__pa_temp_21724/tcb1.o
 .debug_ranges  0x0000000000000360       0xa0 dist/pro/production/__pa_temp_21724/usart0.o
 .debug_ranges  0x0000000000000400       0x98 dist/pro/production/__pa_temp_21724/usart1.o
 .debug_ranges  0x0000000000000498       0x10 build/pro/production/mcc_generated_files/vref/src/vref.o
 .debug_ranges  0x00000000000004a8       0x10 build/pro/production/main.o
 .debug_ranges  0x00000000000004b8       0x70 dist/pro/production/__pa_temp_21724/application.o
 .debug_ranges  0x0000000000000528       0x78 dist/pro/production/__pa_temp_21724/TWI.o
 .debug_ranges  0x00000000000005a0       0x88 dist/pro/production/__pa_temp_21724/bme280.o
 .debug_ranges  0x0000000000000628       0x50 dist/pro/production/__pa_temp_21724/ringBuffer.o
 .debug_ranges  0x0000000000000678       0xa0 dist/pro/production/__pa_temp_21724/RN2xx3.o

.debug_macro
 *(.debug_macro)
OUTPUT(dist/pro/production/agri-iot-hackster.X.production.elf elf32-avr)
LOAD linker stubs
LOAD data_init

.note.gnu.avr.deviceinfo
                0x0000000000000000       0x3c
 .note.gnu.avr.deviceinfo
                0x0000000000000000       0x3c C:/Users/C70348/.mchp_packs/Microchip/AVR-Dx_DFP/2.1.152/xc8/avr/lib/avrxmega2/memx-const/crtavr64dd32.o

.bss.ADC0_resrdy_cb
                0x0000000000806263        0x2
 .bss.ADC0_resrdy_cb
                0x0000000000806263        0x2 build/pro/production/mcc_generated_files/adc/src/adc0.o
                0x0000000000806263                ADC0_resrdy_cb

.bss.ADC0_window_cb
                0x0000000000806265        0x2
 .bss.ADC0_window_cb
                0x0000000000806265        0x2 build/pro/production/mcc_generated_files/adc/src/adc0.o
                0x0000000000806265                ADC0_window_cb

.bss.PF5_InterruptHandler
                0x0000000000806267        0x2
 .bss.PF5_InterruptHandler
                0x0000000000806267        0x2 dist/pro/production/__pa_temp_21724/pins.o

.bss.PD1_InterruptHandler
                0x0000000000806269        0x2
 .bss.PD1_InterruptHandler
                0x0000000000806269        0x2 dist/pro/production/__pa_temp_21724/pins.o

.bss.PC2_InterruptHandler
                0x000000000080626b        0x2
 .bss.PC2_InterruptHandler
                0x000000000080626b        0x2 dist/pro/production/__pa_temp_21724/pins.o

.bss.PA1_InterruptHandler
                0x000000000080626d        0x2
 .bss.PA1_InterruptHandler
                0x000000000080626d        0x2 dist/pro/production/__pa_temp_21724/pins.o

.bss.PA0_InterruptHandler
                0x000000000080626f        0x2
 .bss.PA0_InterruptHandler
                0x000000000080626f        0x2 dist/pro/production/__pa_temp_21724/pins.o

.bss.PF6_InterruptHandler
                0x0000000000806271        0x2
 .bss.PF6_InterruptHandler
                0x0000000000806271        0x2 dist/pro/production/__pa_temp_21724/pins.o

.bss.PD4_InterruptHandler
                0x0000000000806273        0x2
 .bss.PD4_InterruptHandler
                0x0000000000806273        0x2 dist/pro/production/__pa_temp_21724/pins.o

.bss.PD5_InterruptHandler
                0x0000000000806275        0x2
 .bss.PD5_InterruptHandler
                0x0000000000806275        0x2 dist/pro/production/__pa_temp_21724/pins.o

.bss.PD2_InterruptHandler
                0x0000000000806277        0x2
 .bss.PD2_InterruptHandler
                0x0000000000806277        0x2 dist/pro/production/__pa_temp_21724/pins.o

.bss.PC0_InterruptHandler
                0x0000000000806279        0x2
 .bss.PC0_InterruptHandler
                0x0000000000806279        0x2 dist/pro/production/__pa_temp_21724/pins.o

.bss.PC1_InterruptHandler
                0x000000000080627b        0x2
 .bss.PC1_InterruptHandler
                0x000000000080627b        0x2 dist/pro/production/__pa_temp_21724/pins.o

.bss.TCB0_CAPT_isr_cb
                0x000000000080627d        0x2
 .bss.TCB0_CAPT_isr_cb
                0x000000000080627d        0x2 dist/pro/production/__pa_temp_21724/tcb0.o
                0x000000000080627d                TCB0_CAPT_isr_cb

.bss.RTC_PIT_isr_cb
                0x000000000080627f        0x2
 .bss.RTC_PIT_isr_cb
                0x000000000080627f        0x2 build/pro/production/mcc_generated_files/timer/src/rtc.o
                0x000000000080627f                RTC_PIT_isr_cb

.bss.RTC_CMP_isr_cb
                0x0000000000806281        0x2
 .bss.RTC_CMP_isr_cb
                0x0000000000806281        0x2 build/pro/production/mcc_generated_files/timer/src/rtc.o
                0x0000000000806281                RTC_CMP_isr_cb

.bss.RTC_OVF_isr_cb
                0x0000000000806283        0x2
 .bss.RTC_OVF_isr_cb
                0x0000000000806283        0x2 build/pro/production/mcc_generated_files/timer/src/rtc.o
                0x0000000000806283                RTC_OVF_isr_cb

.bss.TCB1_CAPT_isr_cb
                0x0000000000806285        0x2
 .bss.TCB1_CAPT_isr_cb
                0x0000000000806285        0x2 dist/pro/production/__pa_temp_21724/tcb1.o
                0x0000000000806285                TCB1_CAPT_isr_cb

.bss.USART0_ParityErrorHandler
                0x0000000000806287        0x2
 .bss.USART0_ParityErrorHandler
                0x0000000000806287        0x2 dist/pro/production/__pa_temp_21724/usart0.o
                0x0000000000806287                USART0_ParityErrorHandler

.bss.USART0_OverrunErrorHandler
                0x0000000000806289        0x2
 .bss.USART0_OverrunErrorHandler
                0x0000000000806289        0x2 dist/pro/production/__pa_temp_21724/usart0.o
                0x0000000000806289                USART0_OverrunErrorHandler

.bss.USART0_FramingErrorHandler
                0x000000000080628b        0x2
 .bss.USART0_FramingErrorHandler
                0x000000000080628b        0x2 dist/pro/production/__pa_temp_21724/usart0.o
                0x000000000080628b                USART0_FramingErrorHandler

.bss.usart0RxLastError
                0x000000000080628d        0x2
 .bss.usart0RxLastError
                0x000000000080628d        0x2 dist/pro/production/__pa_temp_21724/usart0.o

.bss.USART1_ParityErrorHandler
                0x000000000080628f        0x2
 .bss.USART1_ParityErrorHandler
                0x000000000080628f        0x2 dist/pro/production/__pa_temp_21724/usart1.o
                0x000000000080628f                USART1_ParityErrorHandler

.bss.USART1_OverrunErrorHandler
                0x0000000000806291        0x2
 .bss.USART1_OverrunErrorHandler
                0x0000000000806291        0x2 dist/pro/production/__pa_temp_21724/usart1.o
                0x0000000000806291                USART1_OverrunErrorHandler

.bss.USART1_FramingErrorHandler
                0x0000000000806293        0x2
 .bss.USART1_FramingErrorHandler
                0x0000000000806293        0x2 dist/pro/production/__pa_temp_21724/usart1.o
                0x0000000000806293                USART1_FramingErrorHandler

.bss.usart1RxLastError
                0x0000000000806295        0x2
 .bss.usart1RxLastError
                0x0000000000806295        0x2 dist/pro/production/__pa_temp_21724/usart1.o

.bss.numTx      0x000000000080629d        0x1
 .bss.numTx     0x000000000080629d        0x1 dist/pro/production/__pa_temp_21724/application.o

.bss.state      0x000000000080629e        0x1
 .bss.state     0x000000000080629e        0x1 dist/pro/production/__pa_temp_21724/application.o

.bss.event_flags
                0x0000000000806297        0x2
 .bss.event_flags
                0x0000000000806297        0x2 dist/pro/production/__pa_temp_21724/application.o

.bss.data       0x0000000000806247        0x4
 .bss.data      0x0000000000806247        0x4 dist/pro/production/__pa_temp_21724/application.o

.bss.payload    0x0000000000806232        0xb
 .bss.payload   0x0000000000806232        0xb dist/pro/production/__pa_temp_21724/application.o
                0x0000000000806232                payload

.bss.secs       0x000000000080624b        0x4
 .bss.secs      0x000000000080624b        0x4 dist/pro/production/__pa_temp_21724/application.o
                0x000000000080624b                secs

.bss.millis     0x000000000080624f        0x4
 .bss.millis    0x000000000080624f        0x4 dist/pro/production/__pa_temp_21724/application.o
                0x000000000080624f                millis

.bss.t_fine     0x0000000000806253        0x4
 .bss.t_fine    0x0000000000806253        0x4 dist/pro/production/__pa_temp_21724/bme280.o
                0x0000000000806253                t_fine

.bss.adc_P      0x0000000000806257        0x4
 .bss.adc_P     0x0000000000806257        0x4 dist/pro/production/__pa_temp_21724/bme280.o
                0x0000000000806257                adc_P

.bss.adc_H      0x000000000080625b        0x4
 .bss.adc_H     0x000000000080625b        0x4 dist/pro/production/__pa_temp_21724/bme280.o
                0x000000000080625b                adc_H

.bss.adc_T      0x000000000080625f        0x4
 .bss.adc_T     0x000000000080625f        0x4 dist/pro/production/__pa_temp_21724/bme280.o
                0x000000000080625f                adc_T

.bss.calibParam
                0x0000000000806200       0x21
 .bss.calibParam
                0x0000000000806200       0x21 dist/pro/production/__pa_temp_21724/bme280.o
                0x0000000000806200                calibParam

.bss.bme280_ctrl_meas
                0x000000000080629f        0x1
 .bss.bme280_ctrl_meas
                0x000000000080629f        0x1 dist/pro/production/__pa_temp_21724/bme280.o
                0x000000000080629f                bme280_ctrl_meas

.bss.bme280_ctrl_hum
                0x00000000008062a0        0x1
 .bss.bme280_ctrl_hum
                0x00000000008062a0        0x1 dist/pro/production/__pa_temp_21724/bme280.o
                0x00000000008062a0                bme280_ctrl_hum

.bss.bme280_config
                0x00000000008062a1        0x1
 .bss.bme280_config
                0x00000000008062a1        0x1 dist/pro/production/__pa_temp_21724/bme280.o
                0x00000000008062a1                bme280_config

.bss.rx_buffer  0x000000000080623d        0x5
 .bss.rx_buffer
                0x000000000080623d        0x5 dist/pro/production/__pa_temp_21724/RN2xx3.o
                0x000000000080623d                rx_buffer

.bss.tx_buffer  0x0000000000806242        0x5
 .bss.tx_buffer
                0x0000000000806242        0x5 dist/pro/production/__pa_temp_21724/RN2xx3.o
                0x0000000000806242                tx_buffer

.bss.tx_text    0x0000000000806002       0xff
 .bss.tx_text   0x0000000000806002       0xff dist/pro/production/__pa_temp_21724/RN2xx3.o

.bss.rx_text    0x0000000000806101       0xff
 .bss.rx_text   0x0000000000806101       0xff dist/pro/production/__pa_temp_21724/RN2xx3.o

.bss.__stdout   0x000000000080629b        0x2
 .bss.__stdout  0x000000000080629b        0x2 c:/program files/microchip/xc8/v2.40/avr/bin/../lib/gcc/avr/5.4.0/../../../../avr/lib/avrxmega2/memx-const\libc.a(stdout.o)

.progmemx.data  0x000000000000011a      0x4b2
 .progmemx.data
                0x000000000000011a      0x4b2 dist/pro/production/__pa_temp_21724/RN2xx3.o

.progmemx.data  0x00000000000005cc      0x2eb
 .progmemx.data
                0x00000000000005cc      0x2eb dist/pro/production/__pa_temp_21724/application.o

.progmemx.data  0x00000000000008b7       0x2b
 .progmemx.data
                0x00000000000008b7       0x2b dist/pro/production/__pa_temp_21724/bme280.o

.progmemx.data  0x00000000000008e2       0x1a
 .progmemx.data
                0x00000000000008e2       0x1a build/pro/production/main.o

.progmemx.data.state_table
                0x00000000000008fc       0x16
 .progmemx.data.state_table
                0x00000000000008fc       0x16 dist/pro/production/__pa_temp_21724/libc_a___printf_core.o

.progmemx.data.dp_l
                0x0000000000000912        0x8
 .progmemx.data.dp_l
                0x0000000000000912        0x8 dist/pro/production/__pa_temp_21724/libm_a_powf.o

.progmemx.data.dp_h
                0x000000000000091a        0x8
 .progmemx.data.dp_h
                0x000000000000091a        0x8 dist/pro/production/__pa_temp_21724/libm_a_powf.o

.progmemx.data.bp
                0x0000000000000922        0x8
 .progmemx.data.bp
                0x0000000000000922        0x8 dist/pro/production/__pa_temp_21724/libm_a_powf.o

.progmemx.data.nuls.2781
                0x000000000000092a        0x7
 .progmemx.data.nuls.2781
                0x000000000000092a        0x7 c:/program files/microchip/xc8/v2.40/avr/bin/../lib/gcc/avr/5.4.0/../../../../avr/lib/avrxmega2/memx-const\libc.a(__fmt_s.o)

.progmemx.data.nilstr.2962
                0x0000000000000931        0x6
 .progmemx.data.nilstr.2962
                0x0000000000000931        0x6 dist/pro/production/__pa_temp_21724/libc_a___printf_core.o

.text.powf      0x0000000000000938      0xa26
 .text.powf     0x0000000000000938      0xa26 dist/pro/production/__pa_temp_21724/libm_a_powf.o
                0x0000000000000938                pow
                0x0000000000000938                powl
                0x0000000000000938                powf

.text.vfpfcnvrt
                0x000000000000135e      0x32e
 .text.vfpfcnvrt
                0x000000000000135e      0x32e dist/pro/production/__pa_temp_21724/libc_a___printf_core.o
                0x000000000000135e                vfpfcnvrt

.text.BME280_compensatePressure
                0x000000000000168c      0x1fa
 .text.BME280_compensatePressure
                0x000000000000168c      0x1fa dist/pro/production/__pa_temp_21724/bme280.o
                0x000000000000168c                BME280_compensatePressure

.text.sqrtf     0x0000000000001886      0x1da
 .text.sqrtf    0x0000000000001886      0x1da dist/pro/production/__pa_temp_21724/libm_a_sqrtf.o
                0x0000000000001886                sqrtl
                0x0000000000001886                sqrtf
                0x0000000000001886                sqrt

.text.__fmt_x   0x0000000000001a60      0x1c8
 .text.__fmt_x  0x0000000000001a60      0x1c8 dist/pro/production/__pa_temp_21724/libc_a___fmt_x.o
                0x0000000000001a60                __fmt_x_needed
                0x0000000000001a60                __fmt_x

.text.BME280_compensateHumidity
                0x0000000000001c28      0x19c
 .text.BME280_compensateHumidity
                0x0000000000001c28      0x19c dist/pro/production/__pa_temp_21724/bme280.o
                0x0000000000001c28                BME280_compensateHumidity

.text.stateMachine
                0x0000000000001dc4      0x180
 .text.stateMachine
                0x0000000000001dc4      0x180 dist/pro/production/__pa_temp_21724/application.o
                0x0000000000001dc4                stateMachine

.text.BME280_readFactoryCalibrationParams
                0x0000000000001f44      0x162
 .text.BME280_readFactoryCalibrationParams
                0x0000000000001f44      0x162 dist/pro/production/__pa_temp_21724/bme280.o
                0x0000000000001f44                BME280_readFactoryCalibrationParams

.text.PIN_MANAGER_Initialize
                0x00000000000020a6      0x136
 .text.PIN_MANAGER_Initialize
                0x00000000000020a6      0x136 dist/pro/production/__pa_temp_21724/pins.o
                0x00000000000020a6                PIN_MANAGER_Initialize

.text.printSensorData
                0x00000000000021dc       0xde
 .text.printSensorData
                0x00000000000021dc       0xde dist/pro/production/__pa_temp_21724/application.o
                0x00000000000021dc                printSensorData

.text.BME280_compensateTemperature
                0x00000000000022ba       0xd8
 .text.BME280_compensateTemperature
                0x00000000000022ba       0xd8 dist/pro/production/__pa_temp_21724/bme280.o
                0x00000000000022ba                BME280_compensateTemperature

.text           0x0000000000002392       0xd6
 .text          0x0000000000002392       0xd6 dist/pro/production/__pa_temp_21724/libm_a_divsf3x.o
                0x0000000000002392                __divsf3x
                0x00000000000023ba                __divsf3_pse

.text           0x0000000000002468       0xd0
 .text          0x0000000000002468       0xd0 dist/pro/production/__pa_temp_21724/libm_a_mulsf3x.o
                0x0000000000002468                __mulsf3x
                0x000000000000248e                __mulsf3_pse

.text           0x0000000000002538       0xca
 .text          0x0000000000002538       0xca dist/pro/production/__pa_temp_21724/libm_a_addsf3x.o
                0x0000000000002538                __addsf3x

.text.__cvt_u   0x0000000000002602       0xca
 .text.__cvt_u  0x0000000000002602       0xca dist/pro/production/__pa_temp_21724/libc_a___fmt_u.o
                0x0000000000002602                __cvt_u

.text.formatPayload
                0x00000000000026cc       0xc4
 .text.formatPayload
                0x00000000000026cc       0xc4 dist/pro/production/__pa_temp_21724/application.o
                0x00000000000026cc                formatPayload

.text.__pop_int
                0x0000000000002790       0xc2
 .text.__pop_int
                0x0000000000002790       0xc2 dist/pro/production/__pa_temp_21724/libc_a___pop_int.o
                0x0000000000002790                __pop_int_needed
                0x0000000000002790                __pop_int

.text.RN2xx3_init
                0x0000000000002852       0xc2
 .text.RN2xx3_init
                0x0000000000002852       0xc2 dist/pro/production/__pa_temp_21724/RN2xx3.o
                0x0000000000002852                RN2xx3_init

.text.__fmt_d   0x0000000000002914       0xba
 .text.__fmt_d  0x0000000000002914       0xba dist/pro/production/__pa_temp_21724/libc_a___fmt_d.o
                0x0000000000002914                __fmt_d
                0x0000000000002914                __fmt_d_needed

.text.RN2xx3_disable_unused_channels
                0x00000000000029ce       0xb2
 .text.RN2xx3_disable_unused_channels
                0x00000000000029ce       0xb2 dist/pro/production/__pa_temp_21724/RN2xx3.o
                0x00000000000029ce                RN2xx3_disable_unused_channels

.text.BME280_readMeasurements
                0x0000000000002a80       0xae
 .text.BME280_readMeasurements
                0x0000000000002a80       0xae dist/pro/production/__pa_temp_21724/bme280.o
                0x0000000000002a80                BME280_readMeasurements

.text.RN2xx3_config_OTAA
                0x0000000000002b2e       0xaa
 .text.RN2xx3_config_OTAA
                0x0000000000002b2e       0xaa dist/pro/production/__pa_temp_21724/RN2xx3.o
                0x0000000000002b2e                RN2xx3_config_OTAA

.text.__vsnprintf
                0x0000000000002bd8       0x98
 .text.__vsnprintf
                0x0000000000002bd8       0x98 c:/program files/microchip/xc8/v2.40/avr/bin/../lib/gcc/avr/5.4.0/../../../../avr/lib/avrxmega2/memx-const\libc.a(__int_vsnprintf.o)
                0x0000000000002bd8                __vsnprintf

.text.__pad     0x0000000000002c70       0x96
 .text.__pad    0x0000000000002c70       0x96 dist/pro/production/__pa_temp_21724/libc_a___printf_core.o
                0x0000000000002c70                __pad

.text.TWI_sendAndReadBytes
                0x0000000000002d06       0x96
 .text.TWI_sendAndReadBytes
                0x0000000000002d06       0x96 dist/pro/production/__pa_temp_21724/TWI.o
                0x0000000000002d06                TWI_sendAndReadBytes

.text.scalbnf   0x0000000000002d9c       0x92
 .text.scalbnf  0x0000000000002d9c       0x92 dist/pro/production/__pa_temp_21724/libm_a_scalbnf.o
                0x0000000000002d9c                scalbnf

.text.__printf_core
                0x0000000000002e2e       0x92
 .text.__printf_core
                0x0000000000002e2e       0x92 dist/pro/production/__pa_temp_21724/libc_a___printf_core.o
                0x0000000000002e2e                __printf_core

.text.fputc     0x0000000000002ec0       0x92
 .text.fputc    0x0000000000002ec0       0x92 c:/program files/microchip/xc8/v2.40/avr/bin/../lib/gcc/avr/5.4.0/../../../../avr/lib/avrxmega2/memx-const\libc.a(fputc.o)
                0x0000000000002ec0                fputc
                0x0000000000002ec0                putc

.text.__fmt_state
                0x0000000000002f52       0x82
 .text.__fmt_state
                0x0000000000002f52       0x82 dist/pro/production/__pa_temp_21724/libc_a___printf_core.o
                0x0000000000002f52                __fmt_state

.text.__vector_24
                0x0000000000002fd4       0x80
 .text.__vector_24
                0x0000000000002fd4       0x80 dist/pro/production/__pa_temp_21724/pins.o
                0x0000000000002fd4                __vector_24

.text.BME280_getPressure
                0x0000000000003054       0x7e
 .text.BME280_getPressure
                0x0000000000003054       0x7e dist/pro/production/__pa_temp_21724/bme280.o
                0x0000000000003054                BME280_getPressure

.text.__fmt_s   0x00000000000030d2       0x7a
 .text.__fmt_s  0x00000000000030d2       0x7a c:/program files/microchip/xc8/v2.40/avr/bin/../lib/gcc/avr/5.4.0/../../../../avr/lib/avrxmega2/memx-const\libc.a(__fmt_s.o)
                0x00000000000030d2                __fmt_s
                0x00000000000030d2                __fmt_0_needed
                0x00000000000030d2                __fmt_s_needed

.text.__vector_5
                0x000000000000314c       0x76
 .text.__vector_5
                0x000000000000314c       0x76 build/pro/production/mcc_generated_files/timer/src/rtc.o
                0x000000000000314c                __vector_5

.text.RN2xx3_getHWEUI
                0x00000000000031c2       0x74
 .text.RN2xx3_getHWEUI
                0x00000000000031c2       0x74 dist/pro/production/__pa_temp_21724/RN2xx3.o
                0x00000000000031c2                RN2xx3_getHWEUI

.text.RN2xx3_cmd
                0x0000000000003236       0x74
 .text.RN2xx3_cmd
                0x0000000000003236       0x74 dist/pro/production/__pa_temp_21724/RN2xx3.o
                0x0000000000003236                RN2xx3_cmd

.text.fputs     0x00000000000032aa       0x74
 .text.fputs    0x00000000000032aa       0x74 c:/program files/microchip/xc8/v2.40/avr/bin/../lib/gcc/avr/5.4.0/../../../../avr/lib/avrxmega2/memx-const\libc.a(fputs.o)
                0x00000000000032aa                fputs
                0x00000000000032aa                fputs_unlocked

.text.__vector_29
                0x000000000000331e       0x72
 .text.__vector_29
                0x000000000000331e       0x72 dist/pro/production/__pa_temp_21724/pins.o
                0x000000000000331e                __vector_29

.text           0x0000000000003390       0x6e
 .text          0x0000000000003390       0x6e dist/pro/production/__pa_temp_21724/libm_a_floatsisf.o
                0x0000000000003390                __floatunsisf
                0x0000000000003394                __floatsisf

.text.__fmt_o   0x00000000000033fe       0x6e
 .text.__fmt_o  0x00000000000033fe       0x6e dist/pro/production/__pa_temp_21724/libc_a___fmt_o.o
                0x00000000000033fe                __fmt_o
                0x00000000000033fe                __fmt_o_needed

.text.RN2xx3_resp2
                0x000000000000346c       0x6e
 .text.RN2xx3_resp2
                0x000000000000346c       0x6e dist/pro/production/__pa_temp_21724/RN2xx3.o
                0x000000000000346c                RN2xx3_resp2

.text.ringBuffer_pushStr
                0x00000000000034da       0x68
 .text.ringBuffer_pushStr
                0x00000000000034da       0x68 dist/pro/production/__pa_temp_21724/ringBuffer.o
                0x00000000000034da                ringBuffer_pushStr

.text.read_prec_or_width
                0x0000000000003542       0x64
 .text.read_prec_or_width
                0x0000000000003542       0x64 dist/pro/production/__pa_temp_21724/libc_a___printf_core.o

.text.__out     0x00000000000035a6       0x64
 .text.__out    0x00000000000035a6       0x64 dist/pro/production/__pa_temp_21724/libc_a___printf_core.o
                0x00000000000035a6                __out

.text.__vector_8
                0x000000000000360a       0x64
 .text.__vector_8
                0x000000000000360a       0x64 dist/pro/production/__pa_temp_21724/pins.o
                0x000000000000360a                __vector_8

.text.__vector_34
                0x000000000000366e       0x64
 .text.__vector_34
                0x000000000000366e       0x64 dist/pro/production/__pa_temp_21724/pins.o
                0x000000000000366e                __vector_34

.text.__vector_14
                0x00000000000036d2       0x60
 .text.__vector_14
                0x00000000000036d2       0x60 dist/pro/production/__pa_temp_21724/tcb0.o
                0x00000000000036d2                __vector_14

.text.__vector_15
                0x0000000000003732       0x60
 .text.__vector_15
                0x0000000000003732       0x60 dist/pro/production/__pa_temp_21724/tcb1.o
                0x0000000000003732                __vector_15

.text.CLOCK_Initialize
                0x0000000000003792       0x5a
 .text.CLOCK_Initialize
                0x0000000000003792       0x5a dist/pro/production/__pa_temp_21724/clock.o
                0x0000000000003792                CLOCK_Initialize

.text.__vector_27
                0x00000000000037ec       0x58
 .text.__vector_27
                0x00000000000037ec       0x58 build/pro/production/mcc_generated_files/adc/src/adc0.o
                0x00000000000037ec                __vector_27

.text.__vector_26
                0x0000000000003844       0x58
 .text.__vector_26
                0x0000000000003844       0x58 build/pro/production/mcc_generated_files/adc/src/adc0.o
                0x0000000000003844                __vector_26

.text.__vector_6
                0x000000000000389c       0x58
 .text.__vector_6
                0x000000000000389c       0x58 build/pro/production/mcc_generated_files/timer/src/rtc.o
                0x000000000000389c                __vector_6

.text.RN2xx3_interface
                0x00000000000038f4       0x56
 .text.RN2xx3_interface
                0x00000000000038f4       0x56 dist/pro/production/__pa_temp_21724/RN2xx3.o
                0x00000000000038f4                RN2xx3_interface

.text           0x000000000000394a       0x52
 .text          0x000000000000394a       0x52 dist/pro/production/__pa_temp_21724/libm_a_fixunssfsi.o
                0x000000000000394a                __fixunssfsi

.text.__fmt_u   0x000000000000399c       0x52
 .text.__fmt_u  0x000000000000399c       0x52 dist/pro/production/__pa_temp_21724/libc_a___fmt_u.o
                0x000000000000399c                __fmt_u_needed
                0x000000000000399c                __fmt_u

.text.RN2xx3_tx_cnf
                0x00000000000039ee       0x52
 .text.RN2xx3_tx_cnf
                0x00000000000039ee       0x52 dist/pro/production/__pa_temp_21724/RN2xx3.o
                0x00000000000039ee                RN2xx3_tx_cnf

.text.RN2xx3_resp
                0x0000000000003a40       0x50
 .text.RN2xx3_resp
                0x0000000000003a40       0x50 dist/pro/production/__pa_temp_21724/RN2xx3.o
                0x0000000000003a40                RN2xx3_resp

.text.RN2xx3_tx_uncnf
                0x0000000000003a90       0x50
 .text.RN2xx3_tx_uncnf
                0x0000000000003a90       0x50 dist/pro/production/__pa_temp_21724/RN2xx3.o
                0x0000000000003a90                RN2xx3_tx_uncnf

.text.BME280_initializeSensor
                0x0000000000003ae0       0x4e
 .text.BME280_initializeSensor
                0x0000000000003ae0       0x4e dist/pro/production/__pa_temp_21724/bme280.o
                0x0000000000003ae0                BME280_initializeSensor

.text._readFromTWI
                0x0000000000003b2e       0x4c
 .text._readFromTWI
                0x0000000000003b2e       0x4c dist/pro/production/__pa_temp_21724/TWI.o
                0x0000000000003b2e                _readFromTWI

.text.USART0_Initialize
                0x0000000000003b7a       0x4a
 .text.USART0_Initialize
                0x0000000000003b7a       0x4a dist/pro/production/__pa_temp_21724/usart0.o
                0x0000000000003b7a                USART0_Initialize

.text.USART0_sendStr
                0x0000000000003bc4       0x4a
 .text.USART0_sendStr
                0x0000000000003bc4       0x4a dist/pro/production/__pa_temp_21724/ringBuffer.o
                0x0000000000003bc4                USART0_sendStr

.text           0x0000000000003c0e       0x48
 .text          0x0000000000003c0e       0x48 c:/program files/microchip/xc8/v2.40/avr/bin/../lib/gcc/avr/5.4.0/../../../../avr/lib/avrxmega2/memx-const\libm.a(fp_cmp.o)
                0x0000000000003c0e                __fp_cmp

.text.EVSYS_Initialize
                0x0000000000003c56       0x46
 .text.EVSYS_Initialize
                0x0000000000003c56       0x46 dist/pro/production/__pa_temp_21724/evsys.o
                0x0000000000003c56                EVSYS_Initialize

.text._startTWI
                0x0000000000003c9c       0x46
 .text._startTWI
                0x0000000000003c9c       0x46 dist/pro/production/__pa_temp_21724/TWI.o
                0x0000000000003c9c                _startTWI

.text.BME280_init
                0x0000000000003ce2       0x46
 .text.BME280_init
                0x0000000000003ce2       0x46 dist/pro/production/__pa_temp_21724/bme280.o
                0x0000000000003ce2                BME280_init

.text.RN2xx3_join_OTAA
                0x0000000000003d28       0x46
 .text.RN2xx3_join_OTAA
                0x0000000000003d28       0x46 dist/pro/production/__pa_temp_21724/RN2xx3.o
                0x0000000000003d28                RN2xx3_join_OTAA

.text.getSensorData
                0x0000000000003d6e       0x44
 .text.getSensorData
                0x0000000000003d6e       0x44 dist/pro/production/__pa_temp_21724/application.o
                0x0000000000003d6e                getSensorData

.text           0x0000000000003db2       0x44
 .text          0x0000000000003db2       0x44 c:/program files/microchip/xc8/v2.40/avr/bin/../lib/gcc/avr/5.4.0/../../../../avr/lib/avrxmega2/memx-const\libm.a(fp_split3.o)
                0x0000000000003db2                __fp_split3
                0x0000000000003dc2                __fp_splitA

.text.libgcc.div
                0x0000000000003df6       0x44
 .text.libgcc.div
                0x0000000000003df6       0x44 c:/program files/microchip/xc8/v2.40/avr/bin/../lib/gcc/avr/5.4.0/avrxmega2/memx-const\libgcc.a(_udivmodsi4.o)
                0x0000000000003df6                __udivmodsi4

.text._writeToTWI
                0x0000000000003e3a       0x40
 .text._writeToTWI
                0x0000000000003e3a       0x40 dist/pro/production/__pa_temp_21724/TWI.o
                0x0000000000003e3a                _writeToTWI

.text.RTC_Initialize
                0x0000000000003e7a       0x3e
 .text.RTC_Initialize
                0x0000000000003e7a       0x3e build/pro/production/mcc_generated_files/timer/src/rtc.o
                0x0000000000003e7a                RTC_Initialize

.text.map       0x0000000000003eb8       0x3e
 .text.map      0x0000000000003eb8       0x3e dist/pro/production/__pa_temp_21724/application.o
                0x0000000000003eb8                map

.text.USART1_Initialize
                0x0000000000003ef6       0x3a
 .text.USART1_Initialize
                0x0000000000003ef6       0x3a dist/pro/production/__pa_temp_21724/usart1.o
                0x0000000000003ef6                USART1_Initialize

.text.ADC0_Initialize
                0x0000000000003f30       0x32
 .text.ADC0_Initialize
                0x0000000000003f30       0x32 build/pro/production/mcc_generated_files/adc/src/adc0.o
                0x0000000000003f30                ADC0_Initialize

.text.libgcc.prologue
                0x0000000000003f62       0x32
 .text.libgcc.prologue
                0x0000000000003f62       0x32 c:/program files/microchip/xc8/v2.40/avr/bin/../lib/gcc/avr/5.4.0/avrxmega2/memx-const\libgcc.a(_prologue.o)
                0x0000000000003f62                __prologue_saves__

.text.SYSTEM_Initialize
                0x0000000000003f94       0x30
 .text.SYSTEM_Initialize
                0x0000000000003f94       0x30 build/pro/production/mcc_generated_files/system/src/system.o
                0x0000000000003f94                SYSTEM_Initialize

.text.startup.main
                0x0000000000003fc4       0x30
 .text.startup.main
                0x0000000000003fc4       0x30 build/pro/production/main.o
                0x0000000000003fc4                main

.text.libgcc.prologue
                0x0000000000003ff4       0x30
 .text.libgcc.prologue
                0x0000000000003ff4       0x30 c:/program files/microchip/xc8/v2.40/avr/bin/../lib/gcc/avr/5.4.0/avrxmega2/memx-const\libgcc.a(_epilogue.o)
                0x0000000000003ff4                __epilogue_restores__

.text.__vfprintf
                0x0000000000004024       0x30
 .text.__vfprintf
                0x0000000000004024       0x30 c:/program files/microchip/xc8/v2.40/avr/bin/../lib/gcc/avr/5.4.0/../../../../avr/lib/avrxmega2/memx-const\libc.a(__int_vfprintf.o)
                0x0000000000004024                __vfprintf

.text.BUTTON_debounce
                0x0000000000004054       0x2c
 .text.BUTTON_debounce
                0x0000000000004054       0x2c dist/pro/production/__pa_temp_21724/application.o
                0x0000000000004054                BUTTON_debounce

.text.strlen    0x0000000000004080       0x2c
 .text.strlen   0x0000000000004080       0x2c c:/program files/microchip/xc8/v2.40/avr/bin/../lib/gcc/avr/5.4.0/../../../../avr/lib/avrxmega2/memx-const\libc.a(strlen.o)
                0x0000000000004080                strlen

.text.TWI_sendBytes
                0x00000000000040ac       0x2a
 .text.TWI_sendBytes
                0x00000000000040ac       0x2a dist/pro/production/__pa_temp_21724/TWI.o
                0x00000000000040ac                TWI_sendBytes

.text.ringBuffer_push
                0x00000000000040d6       0x2a
 .text.ringBuffer_push
                0x00000000000040d6       0x2a dist/pro/production/__pa_temp_21724/ringBuffer.o
                0x00000000000040d6                ringBuffer_push

.text.BME280_startForcedSensing
                0x0000000000004100       0x28
 .text.BME280_startForcedSensing
                0x0000000000004100       0x28 dist/pro/production/__pa_temp_21724/bme280.o
                0x0000000000004100                BME280_startForcedSensing

.text.__wrap_printf
                0x0000000000004128       0x26
 .text.__wrap_printf
                0x0000000000004128       0x26 dist/pro/production/__pa_temp_21724/libc_a___sio_printf_s.o
                0x0000000000004128                _printf_s

.text.__wrap_printf
                0x000000000000414e       0x26
 .text.__wrap_printf
                0x000000000000414e       0x26 dist/pro/production/__pa_temp_21724/libc_a___sio_printf_doux.o
                0x000000000000414e                _printf_cdopuxX

.text.__wrap_printf
                0x0000000000004174       0x26
 .text.__wrap_printf
                0x0000000000004174       0x26 dist/pro/production/__pa_temp_21724/libc_a___sio_printf_dosux.o
                0x0000000000004174                _printf_cdopsuxX

.text.printRawValue
                0x000000000000419a       0x26
 .text.printRawValue
                0x000000000000419a       0x26 dist/pro/production/__pa_temp_21724/application.o
                0x000000000000419a                printRawValue

.text.__wrap_sprintf
                0x00000000000041c0       0x26
 .text.__wrap_sprintf
                0x00000000000041c0       0x26 c:/program files/microchip/xc8/v2.40/avr/bin/../lib/gcc/avr/5.4.0/../../../../avr/lib/avrxmega2/memx-const\libc.a(__sio_sprintf_doux.o)
                0x00000000000041c0                _sprintf_cdopuxX

.__pa__1_3      0x00000000000041e6       0x22
 .__pa__1_3     0x00000000000041e6       0x22 dist/pro/production/__pa_temp_21724/libc_a___printf_core.o
                0x00000000000041e6                __pa__1_3

.text.ADC0_GetConversion
                0x0000000000004208       0x22
 .text.ADC0_GetConversion
                0x0000000000004208       0x22 build/pro/production/mcc_generated_files/adc/src/adc0.o
                0x0000000000004208                ADC0_GetConversion

.text           0x000000000000422a       0x22
 .text          0x000000000000422a       0x22 c:/program files/microchip/xc8/v2.40/avr/bin/../lib/gcc/avr/5.4.0/../../../../avr/lib/avrxmega2/memx-const\libm.a(fp_round.o)
                0x000000000000422a                __fp_round

.text.libgcc.mul
                0x000000000000424c       0x20
 .text.libgcc.mul
                0x000000000000424c       0x20 c:/program files/microchip/xc8/v2.40/avr/bin/../lib/gcc/avr/5.4.0/avrxmega2/memx-const\libgcc.a(_mulsi3.o)
                0x000000000000424c                __mulsi3

.text.BME280_reset
                0x000000000000426c       0x1e
 .text.BME280_reset
                0x000000000000426c       0x1e dist/pro/production/__pa_temp_21724/bme280.o
                0x000000000000426c                BME280_reset

.text.USART0_sendByte
                0x000000000000428a       0x1e
 .text.USART0_sendByte
                0x000000000000428a       0x1e dist/pro/production/__pa_temp_21724/ringBuffer.o
                0x000000000000428a                USART0_sendByte

.text.libgcc.mul
                0x00000000000042a8       0x1e
 .text.libgcc.mul
                0x00000000000042a8       0x1e c:/program files/microchip/xc8/v2.40/avr/bin/../lib/gcc/avr/5.4.0/avrxmega2/memx-const\libgcc.a(_umulhisi3.o)
                0x00000000000042a8                __umulhisi3

.__pa__0_56     0x00000000000042c6       0x1c
 .__pa__0_56    0x00000000000042c6       0x1c dist/pro/production/__pa_temp_21724/libc_a___fmt_d.o
                0x00000000000042c6                __pa__0_56

.text.SLPCTRL_Initialize
                0x00000000000042e2       0x1c
 .text.SLPCTRL_Initialize
                0x00000000000042e2       0x1c build/pro/production/mcc_generated_files/system/src/system.o
                0x00000000000042e2                SLPCTRL_Initialize

.text.TCB0_Initialize
                0x00000000000042fe       0x1c
 .text.TCB0_Initialize
                0x00000000000042fe       0x1c dist/pro/production/__pa_temp_21724/tcb0.o
                0x00000000000042fe                TCB0_Initialize

.text.isTWIBad  0x000000000000431a       0x1c
 .text.isTWIBad
                0x000000000000431a       0x1c dist/pro/production/__pa_temp_21724/TWI.o
                0x000000000000431a                isTWIBad

.text.TWI_initHost
                0x0000000000004336       0x1c
 .text.TWI_initHost
                0x0000000000004336       0x1c dist/pro/production/__pa_temp_21724/TWI.o
                0x0000000000004336                TWI_initHost

.text.CPUINT_Initialize
                0x0000000000004352       0x1a
 .text.CPUINT_Initialize
                0x0000000000004352       0x1a build/pro/production/mcc_generated_files/system/src/interrupt.o
                0x0000000000004352                CPUINT_Initialize

.text.TCB1_Initialize
                0x000000000000436c       0x1a
 .text.TCB1_Initialize
                0x000000000000436c       0x1a dist/pro/production/__pa_temp_21724/tcb1.o
                0x000000000000436c                TCB1_Initialize

.text.RN2xx3_save
                0x0000000000004386       0x1a
 .text.RN2xx3_save
                0x0000000000004386       0x1a dist/pro/production/__pa_temp_21724/RN2xx3.o
                0x0000000000004386                RN2xx3_save

.__pa__0_3d     0x00000000000043a0       0x1a
 .__pa__0_3d    0x00000000000043a0       0x1a dist/pro/production/__pa_temp_21724/RN2xx3.o
                0x00000000000043a0                __pa__0_3d

.text.libgcc    0x00000000000043ba       0x1a
 .text.libgcc   0x00000000000043ba       0x1a c:/program files/microchip/xc8/v2.40/avr/bin/../lib/gcc/avr/5.4.0/avrxmega2/memx-const\libgcc.a(_movmemx.o)
                0x00000000000043ba                __movmemx_qi
                0x00000000000043bc                __movmemx_hi

.text.USART0_printCHAR
                0x00000000000043d4       0x18
 .text.USART0_printCHAR
                0x00000000000043d4       0x18 dist/pro/production/__pa_temp_21724/usart0.o
                0x00000000000043d4                USART0_printCHAR

.__pa__0_0      0x00000000000043ec       0x18
 .__pa__0_0     0x00000000000043ec       0x18 dist/pro/production/__pa_temp_21724/usart0.o
                0x00000000000043ec                __pa__0_0

.text.libgcc    0x0000000000004404       0x18
 .text.libgcc   0x0000000000004404       0x18 c:/program files/microchip/xc8/v2.40/avr/bin/../lib/gcc/avr/5.4.0/avrxmega2/memx-const\libgcc.a(_xload_4.o)
                0x0000000000004404                __xload_4

.text.__vsprintf
                0x000000000000441c       0x18
 .text.__vsprintf
                0x000000000000441c       0x18 c:/program files/microchip/xc8/v2.40/avr/bin/../lib/gcc/avr/5.4.0/../../../../avr/lib/avrxmega2/memx-const\libc.a(__int_vsprintf.o)
                0x000000000000441c                __vsprintf

.text.libgcc.mul
                0x0000000000004434       0x16
 .text.libgcc.mul
                0x0000000000004434       0x16 c:/program files/microchip/xc8/v2.40/avr/bin/../lib/gcc/avr/5.4.0/avrxmega2/memx-const\libgcc.a(_muluhisi3.o)
                0x0000000000004434                __muluhisi3

.text.exit      0x000000000000444a       0x16
 .text.exit     0x000000000000444a       0x16 c:/program files/microchip/xc8/v2.40/avr/bin/../lib/gcc/avr/5.4.0/../../../../avr/lib/avrxmega2/memx-const\libc.a(exit.o)
                0x000000000000444a                exit

.__pa__0_54     0x0000000000004460       0x14
 .__pa__0_54    0x0000000000004460       0x14 dist/pro/production/__pa_temp_21724/libc_a___printf_core.o
                0x0000000000004460                __pa__0_54

.__pa__1_4      0x0000000000004474       0x14
 .__pa__1_4     0x0000000000004474       0x14 dist/pro/production/__pa_temp_21724/libc_a___printf_core.o
                0x0000000000004474                __pa__1_4

.__pa__0_30     0x0000000000004488       0x14
 .__pa__0_30    0x0000000000004488       0x14 dist/pro/production/__pa_temp_21724/libc_a___fmt_o.o
                0x0000000000004488                __pa__0_30

.__pa__0_1c     0x000000000000449c       0x14
 .__pa__0_1c    0x000000000000449c       0x14 dist/pro/production/__pa_temp_21724/application.o
                0x000000000000449c                __pa__0_1c

.__pa__1_7      0x00000000000044b0       0x14
 .__pa__1_7     0x00000000000044b0       0x14 dist/pro/production/__pa_temp_21724/application.o
                0x00000000000044b0                __pa__1_7

.text.BME280_getHumidity
                0x00000000000044c4       0x14
 .text.BME280_getHumidity
                0x00000000000044c4       0x14 dist/pro/production/__pa_temp_21724/bme280.o
                0x00000000000044c4                BME280_getHumidity

.text.ringBuffer_pop
                0x00000000000044d8       0x14
 .text.ringBuffer_pop
                0x00000000000044d8       0x14 dist/pro/production/__pa_temp_21724/ringBuffer.o
                0x00000000000044d8                ringBuffer_pop

.__pa__0_5d     0x00000000000044ec       0x12
 .__pa__0_5d    0x00000000000044ec       0x12 dist/pro/production/__pa_temp_21724/libm_a_powf.o
                0x00000000000044ec                __pa__0_5d

.__pa__0_6b     0x00000000000044fe       0x12
 .__pa__0_6b    0x00000000000044fe       0x12 dist/pro/production/__pa_temp_21724/libm_a_powf.o
                0x00000000000044fe                __pa__0_6b

.__pa__0_52     0x0000000000004510       0x12
 .__pa__0_52    0x0000000000004510       0x12 dist/pro/production/__pa_temp_21724/libc_a___sio_printf_dosux.o
                0x0000000000004510                __pa__0_52

.__pa__0_12     0x0000000000004522       0x12
 .__pa__0_12    0x0000000000004522       0x12 dist/pro/production/__pa_temp_21724/libc_a___printf_core.o
                0x0000000000004522                __pa__0_12

.__pa__0_50     0x0000000000004534       0x12
 .__pa__0_50    0x0000000000004534       0x12 dist/pro/production/__pa_temp_21724/libc_a___printf_core.o
                0x0000000000004534                __pa__0_50

.__pa__0_15     0x0000000000004546       0x12
 .__pa__0_15    0x0000000000004546       0x12 dist/pro/production/__pa_temp_21724/libc_a___fmt_o.o
                0x0000000000004546                __pa__0_15

.text.TIMER_ms  0x0000000000004558       0x12
 .text.TIMER_ms
                0x0000000000004558       0x12 dist/pro/production/__pa_temp_21724/application.o
                0x0000000000004558                TIMER_ms

.text.RTC_PIT_Callback
                0x000000000000456a       0x12
 .text.RTC_PIT_Callback
                0x000000000000456a       0x12 dist/pro/production/__pa_temp_21724/application.o
                0x000000000000456a                RTC_PIT_Callback

.__pa__0_1d     0x000000000000457c       0x12
 .__pa__0_1d    0x000000000000457c       0x12 dist/pro/production/__pa_temp_21724/application.o
                0x000000000000457c                __pa__0_1d

.__pa__0_39     0x000000000000458e       0x12
 .__pa__0_39    0x000000000000458e       0x12 dist/pro/production/__pa_temp_21724/bme280.o
                0x000000000000458e                __pa__0_39

.text.RN2xx3_join_TTN
                0x00000000000045a0       0x12
 .text.RN2xx3_join_TTN
                0x00000000000045a0       0x12 dist/pro/production/__pa_temp_21724/RN2xx3.o
                0x00000000000045a0                RN2xx3_join_TTN

.__pa__0_4d     0x00000000000045b2       0x12
 .__pa__0_4d    0x00000000000045b2       0x12 dist/pro/production/__pa_temp_21724/RN2xx3.o
                0x00000000000045b2                __pa__0_4d

.text.toupper   0x00000000000045c4       0x12
 .text.toupper  0x00000000000045c4       0x12 c:/program files/microchip/xc8/v2.40/avr/bin/../lib/gcc/avr/5.4.0/../../../../avr/lib/avrxmega2/memx-const\libc.a(toupper.o)
                0x00000000000045c4                toupper

.text.puts      0x00000000000045d6       0x12
 .text.puts     0x00000000000045d6       0x12 c:/program files/microchip/xc8/v2.40/avr/bin/../lib/gcc/avr/5.4.0/../../../../avr/lib/avrxmega2/memx-const\libc.a(puts.o)
                0x00000000000045d6                puts

.__pa__0_67     0x00000000000045e8       0x10
 .__pa__0_67    0x00000000000045e8       0x10 dist/pro/production/__pa_temp_21724/libm_a_powf.o
                0x00000000000045e8                __pa__0_67

.__pa__0_5a     0x00000000000045f8       0x10
 .__pa__0_5a    0x00000000000045f8       0x10 dist/pro/production/__pa_temp_21724/libm_a_fixunssfsi.o
                0x00000000000045f8                __pa__0_5a

.__pa__0_f      0x0000000000004608       0x10
 .__pa__0_f     0x0000000000004608       0x10 dist/pro/production/__pa_temp_21724/libc_a___printf_core.o
                0x0000000000004608                __pa__0_f

.__pa__0_51     0x0000000000004618       0x10
 .__pa__0_51    0x0000000000004618       0x10 dist/pro/production/__pa_temp_21724/libc_a___printf_core.o
                0x0000000000004618                __pa__0_51

.__pa__1_e      0x0000000000004628       0x10
 .__pa__1_e     0x0000000000004628       0x10 dist/pro/production/__pa_temp_21724/libc_a___printf_core.o
                0x0000000000004628                __pa__1_e

.__pa__0_23     0x0000000000004638       0x10
 .__pa__0_23    0x0000000000004638       0x10 dist/pro/production/__pa_temp_21724/tcb0.o
                0x0000000000004638                __pa__0_23

.text.VREF_Initialize
                0x0000000000004648       0x10
 .text.VREF_Initialize
                0x0000000000004648       0x10 build/pro/production/mcc_generated_files/vref/src/vref.o
                0x0000000000004648                VREF_Initialize

.__pa__0_4      0x0000000000004658       0x10
 .__pa__0_4     0x0000000000004658       0x10 dist/pro/production/__pa_temp_21724/application.o
                0x0000000000004658                __pa__0_4

.text.configureTWIPins
                0x0000000000004668       0x10
 .text.configureTWIPins
                0x0000000000004668       0x10 dist/pro/production/__pa_temp_21724/TWI.o
                0x0000000000004668                configureTWIPins

.__pa__0_4a     0x0000000000004678       0x10
 .__pa__0_4a    0x0000000000004678       0x10 dist/pro/production/__pa_temp_21724/RN2xx3.o
                0x0000000000004678                __pa__0_4a

.text.libgcc.mul
                0x0000000000004688       0x10
 .text.libgcc.mul
                0x0000000000004688       0x10 c:/program files/microchip/xc8/v2.40/avr/bin/../lib/gcc/avr/5.4.0/avrxmega2/memx-const\libgcc.a(_mulshisi3.o)
                0x0000000000004688                __mulshisi3
                0x000000000000468e                __mulohisi3

.text.tolower   0x0000000000004698       0x10
 .text.tolower  0x0000000000004698       0x10 c:/program files/microchip/xc8/v2.40/avr/bin/../lib/gcc/avr/5.4.0/../../../../avr/lib/avrxmega2/memx-const\libc.a(tolower.o)
                0x0000000000004698                tolower

.__pa__0_c      0x00000000000046a8        0xe
 .__pa__0_c     0x00000000000046a8        0xe dist/pro/production/__pa_temp_21724/libm_a_scalbnf.o
                0x00000000000046a8                __pa__0_c

.__pa__0_37     0x00000000000046b6        0xe
 .__pa__0_37    0x00000000000046b6        0xe dist/pro/production/__pa_temp_21724/libm_a_powf.o
                0x00000000000046b6                __pa__0_37

.__pa__0_61     0x00000000000046c4        0xe
 .__pa__0_61    0x00000000000046c4        0xe dist/pro/production/__pa_temp_21724/libm_a_powf.o
                0x00000000000046c4                __pa__0_61

.__pa__0_62     0x00000000000046d2        0xe
 .__pa__0_62    0x00000000000046d2        0xe dist/pro/production/__pa_temp_21724/libm_a_powf.o
                0x00000000000046d2                __pa__0_62

.__pa__0_63     0x00000000000046e0        0xe
 .__pa__0_63    0x00000000000046e0        0xe dist/pro/production/__pa_temp_21724/libm_a_powf.o
                0x00000000000046e0                __pa__0_63

.__pa__0_64     0x00000000000046ee        0xe