Archive member included to satisfy reference by file (symbol)

c:/program files/microchip/xc8/v2.40/avr/bin/../lib/gcc/avr/5.4.0/../../../../avr/lib/avrxmega2/memx-const/mapped\libm.a(addsf3.o)
                              build/default/production/bme280.o (__subsf3)
c:/program files/microchip/xc8/v2.40/avr/bin/../lib/gcc/avr/5.4.0/../../../../avr/lib/avrxmega2/memx-const/mapped\libm.a(addsf3x.o)
                              c:/program files/microchip/xc8/v2.40/avr/bin/../lib/gcc/avr/5.4.0/../../../../avr/lib/avrxmega2/memx-const/mapped\libm.a(addsf3.o) (__addsf3x)
c:/program files/microchip/xc8/v2.40/avr/bin/../lib/gcc/avr/5.4.0/../../../../avr/lib/avrxmega2/memx-const/mapped\libm.a(divsf3.o)
                              build/default/production/bme280.o (__divsf3)
c:/program files/microchip/xc8/v2.40/avr/bin/../lib/gcc/avr/5.4.0/../../../../avr/lib/avrxmega2/memx-const/mapped\libm.a(divsf3x.o)
                              c:/program files/microchip/xc8/v2.40/avr/bin/../lib/gcc/avr/5.4.0/../../../../avr/lib/avrxmega2/memx-const/mapped\libm.a(divsf3.o) (__divsf3x)
c:/program files/microchip/xc8/v2.40/avr/bin/../lib/gcc/avr/5.4.0/../../../../avr/lib/avrxmega2/memx-const/mapped\libm.a(fixsfsi.o)
                              build/default/production/application.o (__fixsfsi)
c:/program files/microchip/xc8/v2.40/avr/bin/../lib/gcc/avr/5.4.0/../../../../avr/lib/avrxmega2/memx-const/mapped\libm.a(fixunssfsi.o)
                              build/default/production/application.o (__fixunssfsi)
c:/program files/microchip/xc8/v2.40/avr/bin/../lib/gcc/avr/5.4.0/../../../../avr/lib/avrxmega2/memx-const/mapped\libm.a(floatsisf.o)
                              build/default/production/application.o (__floatunsisf)
c:/program files/microchip/xc8/v2.40/avr/bin/../lib/gcc/avr/5.4.0/../../../../avr/lib/avrxmega2/memx-const/mapped\libm.a(fp_inf.o)
                              c:/program files/microchip/xc8/v2.40/avr/bin/../lib/gcc/avr/5.4.0/../../../../avr/lib/avrxmega2/memx-const/mapped\libm.a(addsf3x.o) (__fp_inf)
c:/program files/microchip/xc8/v2.40/avr/bin/../lib/gcc/avr/5.4.0/../../../../avr/lib/avrxmega2/memx-const/mapped\libm.a(fp_nan.o)
                              c:/program files/microchip/xc8/v2.40/avr/bin/../lib/gcc/avr/5.4.0/../../../../avr/lib/avrxmega2/memx-const/mapped\libm.a(addsf3x.o) (__fp_nan)
c:/program files/microchip/xc8/v2.40/avr/bin/../lib/gcc/avr/5.4.0/../../../../avr/lib/avrxmega2/memx-const/mapped\libm.a(fp_pscA.o)
                              c:/program files/microchip/xc8/v2.40/avr/bin/../lib/gcc/avr/5.4.0/../../../../avr/lib/avrxmega2/memx-const/mapped\libm.a(addsf3x.o) (__fp_pscA)
c:/program files/microchip/xc8/v2.40/avr/bin/../lib/gcc/avr/5.4.0/../../../../avr/lib/avrxmega2/memx-const/mapped\libm.a(fp_pscB.o)
                              c:/program files/microchip/xc8/v2.40/avr/bin/../lib/gcc/avr/5.4.0/../../../../avr/lib/avrxmega2/memx-const/mapped\libm.a(addsf3x.o) (__fp_pscB)
c:/program files/microchip/xc8/v2.40/avr/bin/../lib/gcc/avr/5.4.0/../../../../avr/lib/avrxmega2/memx-const/mapped\libm.a(fp_round.o)
                              c:/program files/microchip/xc8/v2.40/avr/bin/../lib/gcc/avr/5.4.0/../../../../avr/lib/avrxmega2/memx-const/mapped\libm.a(addsf3.o) (__fp_round)
c:/program files/microchip/xc8/v2.40/avr/bin/../lib/gcc/avr/5.4.0/../../../../avr/lib/avrxmega2/memx-const/mapped\libm.a(fp_split3.o)
                              c:/program files/microchip/xc8/v2.40/avr/bin/../lib/gcc/avr/5.4.0/../../../../avr/lib/avrxmega2/memx-const/mapped\libm.a(addsf3x.o) (__fp_split3)
c:/program files/microchip/xc8/v2.40/avr/bin/../lib/gcc/avr/5.4.0/../../../../avr/lib/avrxmega2/memx-const/mapped\libm.a(fp_zero.o)
                              c:/program files/microchip/xc8/v2.40/avr/bin/../lib/gcc/avr/5.4.0/../../../../avr/lib/avrxmega2/memx-const/mapped\libm.a(addsf3x.o) (__fp_zero)
c:/program files/microchip/xc8/v2.40/avr/bin/../lib/gcc/avr/5.4.0/../../../../avr/lib/avrxmega2/memx-const/mapped\libm.a(mulsf3.o)
                              build/default/production/application.o (__mulsf3)
c:/program files/microchip/xc8/v2.40/avr/bin/../lib/gcc/avr/5.4.0/../../../../avr/lib/avrxmega2/memx-const/mapped\libm.a(mulsf3x.o)
                              c:/program files/microchip/xc8/v2.40/avr/bin/../lib/gcc/avr/5.4.0/../../../../avr/lib/avrxmega2/memx-const/mapped\libm.a(mulsf3.o) (__mulsf3x)
c:/program files/microchip/xc8/v2.40/avr/bin/../lib/gcc/avr/5.4.0/../../../../avr/lib/avrxmega2/memx-const/mapped\libm.a(powf.o)
                              build/default/production/bme280.o (pow)
c:/program files/microchip/xc8/v2.40/avr/bin/../lib/gcc/avr/5.4.0/../../../../avr/lib/avrxmega2/memx-const/mapped\libm.a(sqrtf.o)
                              c:/program files/microchip/xc8/v2.40/avr/bin/../lib/gcc/avr/5.4.0/../../../../avr/lib/avrxmega2/memx-const/mapped\libm.a(powf.o) (sqrtf)
[...]
Memory Configuration

Name             Origin             Length             Attributes
text             0x0000000000000000 0x0000000000010000 xr
data             0x0000000000806000 0x0000000000002000 rw !x
eeprom           0x0000000000810000 0x0000000000000100 rw !x
fuse             0x0000000000820000 0x0000000000000010 rw !x
lock             0x0000000000830000 0x0000000000000400 rw !x
signature        0x0000000000840000 0x0000000000000400 rw !x
user_signatures  0x0000000000850000 0x0000000000000400 rw !x
*default*        0x0000000000000000 0xffffffffffffffff

Linker script and memory map

Address of section .data set to 0x806000
                0x0000000000008000                __RODATA_PM_OFFSET__ = 0x8000
LOAD C:/Users/C70348/.mchp_packs/Microchip/AVR-Dx_DFP/2.1.152/xc8/avr/lib/avrxmega2/memx-const/mapped/crtavr64dd32.o
                0x0000000000000001                __MPLAB_BUILD = 0x1
LOAD build/default/production/mcc_generated_files/adc/src/adc0.o
LOAD build/default/production/mcc_generated_files/evsys/src/evsys.o
LOAD build/default/production/mcc_generated_files/system/src/clock.o
LOAD build/default/production/mcc_generated_files/system/src/system.o
LOAD build/default/production/mcc_generated_files/system/src/config_bits.o
LOAD build/default/production/mcc_generated_files/system/src/pins.o
LOAD build/default/production/mcc_generated_files/system/src/protected_io.o
LOAD build/default/production/mcc_generated_files/system/src/interrupt.o
LOAD build/default/production/mcc_generated_files/timer/src/tcb0.o
LOAD build/default/production/mcc_generated_files/timer/src/rtc.o
LOAD build/default/production/mcc_generated_files/timer/src/tcb1.o
LOAD build/default/production/mcc_generated_files/uart/src/usart0.o
LOAD build/default/production/mcc_generated_files/uart/src/usart1.o
LOAD build/default/production/mcc_generated_files/vref/src/vref.o
LOAD build/default/production/main.o
LOAD build/default/production/application.o
LOAD build/default/production/TWI.o
LOAD build/default/production/bme280.o
LOAD build/default/production/ringBuffer.o
LOAD build/default/production/RN2903.o
START GROUP
LOAD c:/program files/microchip/xc8/v2.40/avr/bin/../lib/gcc/avr/5.4.0/../../../../avr/lib/avrxmega2/memx-const/mapped\libm.a
END GROUP
START GROUP
LOAD c:/program files/microchip/xc8/v2.40/avr/bin/../lib/gcc/avr/5.4.0/avrxmega2/memx-const/mapped\libgcc.a
LOAD c:/program files/microchip/xc8/v2.40/avr/bin/../lib/gcc/avr/5.4.0/../../../../avr/lib/avrxmega2/memx-const/mapped\libm.a
LOAD c:/program files/microchip/xc8/v2.40/avr/bin/../lib/gcc/avr/5.4.0/../../../../avr/lib/avrxmega2/memx-const/mapped\libc.a
LOAD C:/Users/C70348/.mchp_packs/Microchip/AVR-Dx_DFP/2.1.152/xc8/avr/lib/avrxmega2/memx-const/mapped\libavr64dd32.a
END GROUP
                [0x0000000000000000]                __TEXT_REGION_ORIGIN__ = DEFINED (__TEXT_REGION_ORIGIN__)?__TEXT_REGION_ORIGIN__:0x0
                [0x0000000000806000]                __DATA_REGION_ORIGIN__ = DEFINED (__DATA_REGION_ORIGIN__)?__DATA_REGION_ORIGIN__:0x802000
                [0x0000000000010000]                __TEXT_REGION_LENGTH__ = DEFINED (__TEXT_REGION_LENGTH__)?__TEXT_REGION_LENGTH__:0x100000
                [0x0000000000002000]                __DATA_REGION_LENGTH__ = DEFINED (__DATA_REGION_LENGTH__)?__DATA_REGION_LENGTH__:0xffa0
                [0x0000000000000100]                __EEPROM_REGION_LENGTH__ = DEFINED (__EEPROM_REGION_LENGTH__)?__EEPROM_REGION_LENGTH__:0x10000
                [0x0000000000000010]                __FUSE_REGION_LENGTH__ = DEFINED (__FUSE_REGION_LENGTH__)?__FUSE_REGION_LENGTH__:0x400
                0x0000000000000400                __LOCK_REGION_LENGTH__ = DEFINED (__LOCK_REGION_LENGTH__)?__LOCK_REGION_LENGTH__:0x400
                0x0000000000000400                __SIGNATURE_REGION_LENGTH__ = DEFINED (__SIGNATURE_REGION_LENGTH__)?__SIGNATURE_REGION_LENGTH__:0x400
                0x0000000000000400                __USER_SIGNATURE_REGION_LENGTH__ = DEFINED (__USER_SIGNATURE_REGION_LENGTH__)?__USER_SIGNATURE_REGION_LENGTH__:0x400

.hash
 *(.hash)

.dynsym
 *(.dynsym)

.dynstr
 *(.dynstr)

.gnu.version
 *(.gnu.version)

.gnu.version_d
 *(.gnu.version_d)

.gnu.version_r
 *(.gnu.version_r)

.rel.init
 *(.rel.init)

.rela.init
 *(.rela.init)

.rel.text
 *(.rel.text)
 *(.rel.text.*)
 *(.rel.gnu.linkonce.t*)

.rela.text
 *(.rela.text)
 *(.rela.text.*)
 *(.rela.gnu.linkonce.t*)

.rel.fini
 *(.rel.fini)

.rela.fini
 *(.rela.fini)

.rel.rodata
 *(.rel.rodata)
 *(.rel.rodata.*)
 *(.rel.gnu.linkonce.r*)

.rela.rodata
 *(.rela.rodata)
 *(.rela.rodata.*)
 *(.rela.gnu.linkonce.r*)

.rel.data
 *(.rel.data)
 *(.rel.data.*)
 *(.rel.gnu.linkonce.d*)

.rela.data
 *(.rela.data)
 *(.rela.data.*)
 *(.rela.gnu.linkonce.d*)

.rel.ctors
 *(.rel.ctors)

.rela.ctors
 *(.rela.ctors)

.rel.dtors
 *(.rel.dtors)

.rela.dtors
 *(.rela.dtors)

.rel.got
 *(.rel.got)

.rela.got
 *(.rela.got)

.rel.bss
 *(.rel.bss)

.rela.bss
 *(.rela.bss)

.rel.plt
 *(.rel.plt)

.rela.plt
 *(.rela.plt)

.text           0x0000000000000000      0x13e
 *(.vectors)
 .vectors       0x0000000000000000       0x90 C:/Users/C70348/.mchp_packs/Microchip/AVR-Dx_DFP/2.1.152/xc8/avr/lib/avrxmega2/memx-const/mapped/crtavr64dd32.o
                0x0000000000000000                __vector_default
                0x0000000000000000                __vectors
 *(.vectors)
 *(.progmem.gcc*)
 .progmem.gcc_sw_table.stateMachine
                0x0000000000000090       0x16 build/default/production/application.o
 *(.dinit)
 .dinit         0x00000000000000a6       0x35 data_init
                0x00000000000000dc                . = ALIGN (0x2)
 *fill*         0x00000000000000db        0x1 
                0x00000000000000dc                __trampolines_start = .
 *(.trampolines)
 .trampolines   0x00000000000000dc        0x0 linker stubs
 *(.trampolines*)
                0x00000000000000dc                __trampolines_end = .
 *libprintf_flt.a:*(.progmem.data)
 *libc.a:*(.progmem.data)
                0x00000000000000dc                . = ALIGN (0x2)
 *(.jumptables)
 *(.jumptables*)
 *(.lowtext)
 *(.lowtext*)
                0x00000000000000dc                __ctors_start = .
 *(.ctors)
                0x00000000000000dc                __ctors_end = .
                0x00000000000000dc                __dtors_start = .
 *(.dtors)
                0x00000000000000dc                __dtors_end = .
 SORT(*)(.ctors)
 SORT(*)(.dtors)
 *(.init0)
 .init0         0x00000000000000dc        0x0 C:/Users/C70348/.mchp_packs/Microchip/AVR-Dx_DFP/2.1.152/xc8/avr/lib/avrxmega2/memx-const/mapped/crtavr64dd32.o
                0x00000000000000dc                __init
 *(.init0)
 *(.init1)
 .init1         0x00000000000000dc        0xe C:/Users/C70348/.mchp_packs/Microchip/AVR-Dx_DFP/2.1.152/xc8/avr/lib/avrxmega2/memx-const/mapped/crtavr64dd32.o
 *(.init1)
 *(.init2)
 .init2         0x00000000000000ea        0xc C:/Users/C70348/.mchp_packs/Microchip/AVR-Dx_DFP/2.1.152/xc8/avr/lib/avrxmega2/memx-const/mapped/crtavr64dd32.o
 *(.init2)
 *(.init3)
 *(.init3)
 *(.init4)
 .init4         0x00000000000000f6       0x3c c:/program files/microchip/xc8/v2.40/avr/bin/../lib/gcc/avr/5.4.0/avrxmega2/memx-const/mapped\libgcc.a(_copy_data.o)
                0x00000000000000f6                __do_copy_data
                0x0000000000000124                __do_clear_bss
 *(.init4)
 *(.init5)
 *(.init5)
 *(.init6)
 *(.init6)
 *(.init7)
 *(.init7)
 *(.init8)
 *(.init8)
 *(.init9)
 .init9         0x0000000000000132        0x8 C:/Users/C70348/.mchp_packs/Microchip/AVR-Dx_DFP/2.1.152/xc8/avr/lib/avrxmega2/memx-const/mapped/crtavr64dd32.o
 *(.init9)
                0x000000000000013a                . = ALIGN (0x2)
 *(.fini9)
 .fini9         0x000000000000013a        0x0 c:/program files/microchip/xc8/v2.40/avr/bin/../lib/gcc/avr/5.4.0/avrxmega2/memx-const/mapped\libgcc.a(_exit.o)
                0x000000000000013a                _exit
 *(.fini9)
 *(.fini8)
 *(.fini8)
 *(.fini7)
 *(.fini7)
 *(.fini6)
 *(.fini6)
 *(.fini5)
 *(.fini5)
 *(.fini4)
 *(.fini4)
 *(.fini3)
 *(.fini3)
 *(.fini2)
 *(.fini2)
 *(.fini1)
 *(.fini1)
 *(.fini0)
 .fini0         0x000000000000013a        0x4 c:/program files/microchip/xc8/v2.40/avr/bin/../lib/gcc/avr/5.4.0/avrxmega2/memx-const/mapped\libgcc.a(_exit.o)
 *(.fini0)
                0x000000000000013e                _etext = .

.data           0x0000000000806000        0x0 load address 0x000000000000013e
                [!provide]                        PROVIDE (__data_start, .)
 *(.gnu.linkonce.d*)
 *(.gnu.linkonce.r*)
                0x0000000000806000                . = ALIGN (0x2)
                0x0000000000806000                _edata = .
                [!provide]                        PROVIDE (__data_end, .)

.bss            0x0000000000806000        0x2
                [!provide]                        PROVIDE (__bss_start, .)
 *(COMMON)
 COMMON         0x0000000000806000        0x2 c:/program files/microchip/xc8/v2.40/avr/bin/../lib/gcc/avr/5.4.0/../../../../avr/lib/avrxmega2/memx-const/mapped\libc.a(errno.o)
                0x0000000000806000                __errno_val
                [!provide]                        PROVIDE (__bss_end, .)
                0x000000000000013e                __data_load_start = LOADADDR (.data)
                0x000000000000013e                __data_load_end = (__data_load_start + SIZEOF (.data))

.noinit         0x0000000000806002        0x0
                [!provide]                        PROVIDE (__noinit_start, .)
 *(.noinit*)
                [!provide]                        PROVIDE (__noinit_end, .)
                0x0000000000806002                _end = .

.eeprom         0x0000000000810000        0x0
 *(.eeprom*)
                0x0000000000810000                __eeprom_end = .

.fuse           0x0000000000820000        0x9
 *(.fuse)
 .fuse          0x0000000000820000        0x9 build/default/production/mcc_generated_files/system/src/config_bits.o
                0x0000000000820000                __fuse
 *(.lfuse)
 *(.hfuse)
 *(.efuse)

.lock
 *(.lock*)

.signature
 *(.signature*)

.user_signatures
 *(.user_signatures*)

.stab
 *(.stab)

.stabstr
 *(.stabstr)

.stab.excl
 *(.stab.excl)

.stab.exclstr
 *(.stab.exclstr)

.stab.index
 *(.stab.index)

.stab.indexstr
 *(.stab.indexstr)

.comment        0x0000000000000000       0x2f
 *(.comment)
 .comment       0x0000000000000000       0x2f build/default/production/mcc_generated_files/adc/src/adc0.o
                                         0x30 (size before relaxing)
 .comment       0x000000000000002f       0x30 build/default/production/mcc_generated_files/evsys/src/evsys.o
 .comment       0x000000000000002f       0x30 build/default/production/mcc_generated_files/system/src/clock.o
 .comment       0x000000000000002f       0x30 build/default/production/mcc_generated_files/system/src/system.o
 .comment       0x000000000000002f       0x30 build/default/production/mcc_generated_files/system/src/config_bits.o
 .comment       0x000000000000002f       0x30 build/default/production/mcc_generated_files/system/src/pins.o
 .comment       0x000000000000002f       0x30 build/default/production/mcc_generated_files/system/src/interrupt.o
 .comment       0x000000000000002f       0x30 build/default/production/mcc_generated_files/timer/src/tcb0.o
 .comment       0x000000000000002f       0x30 build/default/production/mcc_generated_files/timer/src/rtc.o
 .comment       0x000000000000002f       0x30 build/default/production/mcc_generated_files/timer/src/tcb1.o
 .comment       0x000000000000002f       0x30 build/default/production/mcc_generated_files/uart/src/usart0.o
 .comment       0x000000000000002f       0x30 build/default/production/mcc_generated_files/uart/src/usart1.o
 .comment       0x000000000000002f       0x30 build/default/production/mcc_generated_files/vref/src/vref.o
 .comment       0x000000000000002f       0x30 build/default/production/main.o
 .comment       0x000000000000002f       0x30 build/default/production/application.o
 .comment       0x000000000000002f       0x30 build/default/production/TWI.o
 .comment       0x000000000000002f       0x30 build/default/production/bme280.o
 .comment       0x000000000000002f       0x30 build/default/production/ringBuffer.o
 .comment       0x000000000000002f       0x30 build/default/production/RN2903.o
 .comment       0x000000000000002f       0x30 c:/program files/microchip/xc8/v2.40/avr/bin/../lib/gcc/avr/5.4.0/../../../../avr/lib/avrxmega2/memx-const/mapped\libm.a(powf.o)
 .comment       0x000000000000002f       0x30 c:/program files/microchip/xc8/v2.40/avr/bin/../lib/gcc/avr/5.4.0/../../../../avr/lib/avrxmega2/memx-const/mapped\libm.a(sqrtf.o)
 .comment       0x000000000000002f       0x30 c:/program files/microchip/xc8/v2.40/avr/bin/../lib/gcc/avr/5.4.0/../../../../avr/lib/avrxmega2/memx-const/mapped\libm.a(fabsf.o)
 .comment       0x000000000000002f       0x30 c:/program files/microchip/xc8/v2.40/avr/bin/../lib/gcc/avr/5.4.0/../../../../avr/lib/avrxmega2/memx-const/mapped\libm.a(scalbnf.o)
 .comment       0x000000000000002f       0x30 c:/program files/microchip/xc8/v2.40/avr/bin/../lib/gcc/avr/5.4.0/../../../../avr/lib/avrxmega2/memx-const/mapped\libc.a(errno.o)
 .comment       0x000000000000002f       0x30 c:/program files/microchip/xc8/v2.40/avr/bin/../lib/gcc/avr/5.4.0/../../../../avr/lib/avrxmega2/memx-const/mapped\libc.a(exit.o)
 .comment       0x000000000000002f       0x30 c:/program files/microchip/xc8/v2.40/avr/bin/../lib/gcc/avr/5.4.0/../../../../avr/lib/avrxmega2/memx-const/mapped\libc.a(__sio_printf_doux.o)
 .comment       0x000000000000002f       0x30 c:/program files/microchip/xc8/v2.40/avr/bin/../lib/gcc/avr/5.4.0/../../../../avr/lib/avrxmega2/memx-const/mapped\libc.a(__sio_printf_s.o)
 .comment       0x000000000000002f       0x30 c:/program files/microchip/xc8/v2.40/avr/bin/../lib/gcc/avr/5.4.0/../../../../avr/lib/avrxmega2/memx-const/mapped\libc.a(__fmt_d.o)
 .comment       0x000000000000002f       0x30 c:/program files/microchip/xc8/v2.40/avr/bin/../lib/gcc/avr/5.4.0/../../../../avr/lib/avrxmega2/memx-const/mapped\libc.a(__fmt_o.o)
 .comment       0x000000000000002f       0x30 c:/program files/microchip/xc8/v2.40/avr/bin/../lib/gcc/avr/5.4.0/../../../../avr/lib/avrxmega2/memx-const/mapped\libc.a(__fmt_s.o)
 .comment       0x000000000000002f       0x30 c:/program files/microchip/xc8/v2.40/avr/bin/../lib/gcc/avr/5.4.0/../../../../avr/lib/avrxmega2/memx-const/mapped\libc.a(__fmt_u.o)
 .comment       0x000000000000002f       0x30 c:/program files/microchip/xc8/v2.40/avr/bin/../lib/gcc/avr/5.4.0/../../../../avr/lib/avrxmega2/memx-const/mapped\libc.a(__fmt_x.o)
 .comment       0x000000000000002f       0x30 c:/program files/microchip/xc8/v2.40/avr/bin/../lib/gcc/avr/5.4.0/../../../../avr/lib/avrxmega2/memx-const/mapped\libc.a(__pop_int.o)
 .comment       0x000000000000002f       0x30 c:/program files/microchip/xc8/v2.40/avr/bin/../lib/gcc/avr/5.4.0/../../../../avr/lib/avrxmega2/memx-const/mapped\libc.a(__printf_core.o)
 .comment       0x000000000000002f       0x30 c:/program files/microchip/xc8/v2.40/avr/bin/../lib/gcc/avr/5.4.0/../../../../avr/lib/avrxmega2/memx-const/mapped\libc.a(fputc.o)
 .comment       0x000000000000002f       0x30 c:/program files/microchip/xc8/v2.40/avr/bin/../lib/gcc/avr/5.4.0/../../../../avr/lib/avrxmega2/memx-const/mapped\libc.a(puts.o)
 .comment       0x000000000000002f       0x30 c:/program files/microchip/xc8/v2.40/avr/bin/../lib/gcc/avr/5.4.0/../../../../avr/lib/avrxmega2/memx-const/mapped\libc.a(stdout.o)
 .comment       0x000000000000002f       0x30 c:/program files/microchip/xc8/v2.40/avr/bin/../lib/gcc/avr/5.4.0/../../../../avr/lib/avrxmega2/memx-const/mapped\libc.a(strlen.o)
 .comment       0x000000000000002f       0x30 c:/program files/microchip/xc8/v2.40/avr/bin/../lib/gcc/avr/5.4.0/../../../../avr/lib/avrxmega2/memx-const/mapped\libc.a(tolower.o)
 .comment       0x000000000000002f       0x30 c:/program files/microchip/xc8/v2.40/avr/bin/../lib/gcc/avr/5.4.0/../../../../avr/lib/avrxmega2/memx-const/mapped\libc.a(toupper.o)
 .comment       0x000000000000002f       0x30 c:/program files/microchip/xc8/v2.40/avr/bin/../lib/gcc/avr/5.4.0/../../../../avr/lib/avrxmega2/memx-const/mapped\libc.a(_Exit.o)
 .comment       0x000000000000002f       0x30 c:/program files/microchip/xc8/v2.40/avr/bin/../lib/gcc/avr/5.4.0/../../../../avr/lib/avrxmega2/memx-const/mapped\libc.a(__int_vfprintf.o)
 .comment       0x000000000000002f       0x30 c:/program files/microchip/xc8/v2.40/avr/bin/../lib/gcc/avr/5.4.0/../../../../avr/lib/avrxmega2/memx-const/mapped\libc.a(fputs.o)

.stack.descriptors.hdr
                0x0000000000000000      0x16c
 .stack.descriptors.hdr
                0x0000000000000000        0xe c:/program files/microchip/xc8/v2.40/avr/bin/../lib/gcc/avr/5.4.0/../../../../avr/lib/avrxmega2/memx-const/mapped\libm.a(addsf3.o)
 .stack.descriptors.hdr
                0x000000000000000e        0xe c:/program files/microchip/xc8/v2.40/avr/bin/../lib/gcc/avr/5.4.0/../../../../avr/lib/avrxmega2/memx-const/mapped\libm.a(addsf3x.o)
 .stack.descriptors.hdr
                0x000000000000001c        0xe c:/program files/microchip/xc8/v2.40/avr/bin/../lib/gcc/avr/5.4.0/../../../../avr/lib/avrxmega2/memx-const/mapped\libm.a(divsf3.o)
 .stack.descriptors.hdr
                0x000000000000002a        0xe c:/program files/microchip/xc8/v2.40/avr/bin/../lib/gcc/avr/5.4.0/../../../../avr/lib/avrxmega2/memx-const/mapped\libm.a(divsf3x.o)
 .stack.descriptors.hdr
                0x0000000000000038        0xe c:/program files/microchip/xc8/v2.40/avr/bin/../lib/gcc/avr/5.4.0/../../../../avr/lib/avrxmega2/memx-const/mapped\libm.a(fixsfsi.o)
 .stack.descriptors.hdr
                0x0000000000000046        0xe c:/program files/microchip/xc8/v2.40/avr/bin/../lib/gcc/avr/5.4.0/../../../../avr/lib/avrxmega2/memx-const/mapped\libm.a(fixunssfsi.o)
 .stack.descriptors.hdr
                0x0000000000000054        0xe c:/program files/microchip/xc8/v2.40/avr/bin/../lib/gcc/avr/5.4.0/../../../../avr/lib/avrxmega2/memx-const/mapped\libm.a(floatsisf.o)
 .stack.descriptors.hdr
                0x0000000000000062        0xe c:/program files/microchip/xc8/v2.40/avr/bin/../lib/gcc/avr/5.4.0/../../../../avr/lib/avrxmega2/memx-const/mapped\libm.a(fp_inf.o)
 .stack.descriptors.hdr
                0x0000000000000070        0xe c:/program files/microchip/xc8/v2.40/avr/bin/../lib/gcc/avr/5.4.0/../../../../avr/lib/avrxmega2/memx-const/mapped\libm.a(fp_nan.o)
 .stack.descriptors.hdr
                0x000000000000007e        0xe c:/program files/microchip/xc8/v2.40/avr/bin/../lib/gcc/avr/5.4.0/../../../../avr/lib/avrxmega2/memx-const/mapped\libm.a(fp_pscA.o)
 .stack.descriptors.hdr
                0x000000000000008c        0xe c:/program files/microchip/xc8/v2.40/avr/bin/../lib/gcc/avr/5.4.0/../../../../avr/lib/avrxmega2/memx-const/mapped\libm.a(fp_pscB.o)
 .stack.descriptors.hdr
                0x000000000000009a        0xe c:/program files/microchip/xc8/v2.40/avr/bin/../lib/gcc/avr/5.4.0/../../../../avr/lib/avrxmega2/memx-const/mapped\libm.a(fp_round.o)
 .stack.descriptors.hdr
                0x00000000000000a8        0xe c:/program files/microchip/xc8/v2.40/avr/bin/../lib/gcc/avr/5.4.0/../../../../avr/lib/avrxmega2/memx-const/mapped\libm.a(fp_split3.o)
 .stack.descriptors.hdr
                0x00000000000000b6        0xe c:/program files/microchip/xc8/v2.40/avr/bin/../lib/gcc/avr/5.4.0/../../../../avr/lib/avrxmega2/memx-const/mapped\libm.a(fp_zero.o)
 .stack.descriptors.hdr
                0x00000000000000c4        0xe c:/program files/microchip/xc8/v2.40/avr/bin/../lib/gcc/avr/5.4.0/../../../../avr/lib/avrxmega2/memx-const/mapped\libm.a(mulsf3.o)
 .stack.descriptors.hdr
                0x00000000000000d2        0xe c:/program files/microchip/xc8/v2.40/avr/bin/../lib/gcc/avr/5.4.0/../../../../avr/lib/avrxmega2/memx-const/mapped\libm.a(mulsf3x.o)
 .stack.descriptors.hdr
                0x00000000000000e0        0xe c:/program files/microchip/xc8/v2.40/avr/bin/../lib/gcc/avr/5.4.0/../../../../avr/lib/avrxmega2/memx-const/mapped\libm.a(cmpsf2.o)
 .stack.descriptors.hdr
                0x00000000000000ee        0xe c:/program files/microchip/xc8/v2.40/avr/bin/../lib/gcc/avr/5.4.0/../../../../avr/lib/avrxmega2/memx-const/mapped\libm.a(fp_cmp.o)
 .stack.descriptors.hdr
                0x00000000000000fc        0xe c:/program files/microchip/xc8/v2.40/avr/bin/../lib/gcc/avr/5.4.0/../../../../avr/lib/avrxmega2/memx-const/mapped\libm.a(gesf2.o)
 .stack.descriptors.hdr
                0x000000000000010a        0xe c:/program files/microchip/xc8/v2.40/avr/bin/../lib/gcc/avr/5.4.0/avrxmega2/memx-const/mapped\libgcc.a(_mulsi3.o)
 .stack.descriptors.hdr
                0x0000000000000118        0xe c:/program files/microchip/xc8/v2.40/avr/bin/../lib/gcc/avr/5.4.0/avrxmega2/memx-const/mapped\libgcc.a(_udivmodsi4.o)
 .stack.descriptors.hdr
                0x0000000000000126        0xe c:/program files/microchip/xc8/v2.40/avr/bin/../lib/gcc/avr/5.4.0/avrxmega2/memx-const/mapped\libgcc.a(_tablejump2.o)
 .stack.descriptors.hdr
                0x0000000000000134        0xe c:/program files/microchip/xc8/v2.40/avr/bin/../lib/gcc/avr/5.4.0/avrxmega2/memx-const/mapped\libgcc.a(_umulhisi3.o)
 .stack.descriptors.hdr
                0x0000000000000142        0xe c:/program files/microchip/xc8/v2.40/avr/bin/../lib/gcc/avr/5.4.0/avrxmega2/memx-const/mapped\libgcc.a(_muluhisi3.o)
 .stack.descriptors.hdr
                0x0000000000000150        0xe c:/program files/microchip/xc8/v2.40/avr/bin/../lib/gcc/avr/5.4.0/avrxmega2/memx-const/mapped\libgcc.a(_mulshisi3.o)
 .stack.descriptors.hdr
                0x000000000000015e        0xe c:/program files/microchip/xc8/v2.40/avr/bin/../lib/gcc/avr/5.4.0/avrxmega2/memx-const/mapped\libgcc.a(_exit.o)

.note.GNU-stack
                0x0000000000000000        0x0
 .note.GNU-stack
                0x0000000000000000        0x0 c:/program files/microchip/xc8/v2.40/avr/bin/../lib/gcc/avr/5.4.0/../../../../avr/lib/avrxmega2/memx-const/mapped\libm.a(addsf3.o)
 .note.GNU-stack
                0x0000000000000000        0x0 c:/program files/microchip/xc8/v2.40/avr/bin/../lib/gcc/avr/5.4.0/../../../../avr/lib/avrxmega2/memx-const/mapped\libm.a(addsf3x.o)
 .note.GNU-stack
                0x0000000000000000        0x0 c:/program files/microchip/xc8/v2.40/avr/bin/../lib/gcc/avr/5.4.0/../../../../avr/lib/avrxmega2/memx-const/mapped\libm.a(divsf3.o)
 .note.GNU-stack
                0x0000000000000000        0x0 c:/program files/microchip/xc8/v2.40/avr/bin/../lib/gcc/avr/5.4.0/../../../../avr/lib/avrxmega2/memx-const/mapped\libm.a(divsf3x.o)
 .note.GNU-stack
                0x0000000000000000        0x0 c:/program files/microchip/xc8/v2.40/avr/bin/../lib/gcc/avr/5.4.0/../../../../avr/lib/avrxmega2/memx-const/mapped\libm.a(fixsfsi.o)
 .note.GNU-stack
                0x0000000000000000        0x0 c:/program files/microchip/xc8/v2.40/avr/bin/../lib/gcc/avr/5.4.0/../../../../avr/lib/avrxmega2/memx-const/mapped\libm.a(fixunssfsi.o)
 .note.GNU-stack
                0x0000000000000000        0x0 c:/program files/microchip/xc8/v2.40/avr/bin/../lib/gcc/avr/5.4.0/../../../../avr/lib/avrxmega2/memx-const/mapped\libm.a(floatsisf.o)
 .note.GNU-stack
                0x0000000000000000        0x0 c:/program files/microchip/xc8/v2.40/avr/bin/../lib/gcc/avr/5.4.0/../../../../avr/lib/avrxmega2/memx-const/mapped\libm.a(fp_inf.o)
 .note.GNU-stack
                0x0000000000000000        0x0 c:/program files/microchip/xc8/v2.40/avr/bin/../lib/gcc/avr/5.4.0/../../../../avr/lib/avrxmega2/memx-const/mapped\libm.a(fp_nan.o)
 .note.GNU-stack
                0x0000000000000000        0x0 c:/program files/microchip/xc8/v2.40/avr/bin/../lib/gcc/avr/5.4.0/../../../../avr/lib/avrxmega2/memx-const/mapped\libm.a(fp_pscA.o)
 .note.GNU-stack
                0x0000000000000000        0x0 c:/program files/microchip/xc8/v2.40/avr/bin/../lib/gcc/avr/5.4.0/../../../../avr/lib/avrxmega2/memx-const/mapped\libm.a(fp_pscB.o)
 .note.GNU-stack
                0x0000000000000000        0x0 c:/program files/microchip/xc8/v2.40/avr/bin/../lib/gcc/avr/5.4.0/../../../../avr/lib/avrxmega2/memx-const/mapped\libm.a(fp_round.o)
 .note.GNU-stack
                0x0000000000000000        0x0 c:/program files/microchip/xc8/v2.40/avr/bin/../lib/gcc/avr/5.4.0/../../../../avr/lib/avrxmega2/memx-const/mapped\libm.a(fp_split3.o)
 .note.GNU-stack
                0x0000000000000000        0x0 c:/program files/microchip/xc8/v2.40/avr/bin/../lib/gcc/avr/5.4.0/../../../../avr/lib/avrxmega2/memx-const/mapped\libm.a(fp_zero.o)
 .note.GNU-stack
                0x0000000000000000        0x0 c:/program files/microchip/xc8/v2.40/avr/bin/../lib/gcc/avr/5.4.0/../../../../avr/lib/avrxmega2/memx-const/mapped\libm.a(mulsf3.o)
 .note.GNU-stack
                0x0000000000000000        0x0 c:/program files/microchip/xc8/v2.40/avr/bin/../lib/gcc/avr/5.4.0/../../../../avr/lib/avrxmega2/memx-const/mapped\libm.a(mulsf3x.o)
 .note.GNU-stack
                0x0000000000000000        0x0 c:/program files/microchip/xc8/v2.40/avr/bin/../lib/gcc/avr/5.4.0/../../../../avr/lib/avrxmega2/memx-const/mapped\libm.a(powf.o)
 .note.GNU-stack
                0x0000000000000000        0x0 c:/program files/microchip/xc8/v2.40/avr/bin/../lib/gcc/avr/5.4.0/../../../../avr/lib/avrxmega2/memx-const/mapped\libm.a(sqrtf.o)
 .note.GNU-stack
                0x0000000000000000        0x0 c:/program files/microchip/xc8/v2.40/avr/bin/../lib/gcc/avr/5.4.0/../../../../avr/lib/avrxmega2/memx-const/mapped\libm.a(fabsf.o)
 .note.GNU-stack
                0x0000000000000000        0x0 c:/program files/microchip/xc8/v2.40/avr/bin/../lib/gcc/avr/5.4.0/../../../../avr/lib/avrxmega2/memx-const/mapped\libm.a(scalbnf.o)
 .note.GNU-stack
                0x0000000000000000        0x0 c:/program files/microchip/xc8/v2.40/avr/bin/../lib/gcc/avr/5.4.0/../../../../avr/lib/avrxmega2/memx-const/mapped\libm.a(cmpsf2.o)
 .note.GNU-stack
                0x0000000000000000        0x0 c:/program files/microchip/xc8/v2.40/avr/bin/../lib/gcc/avr/5.4.0/../../../../avr/lib/avrxmega2/memx-const/mapped\libm.a(fp_cmp.o)
 .note.GNU-stack
                0x0000000000000000        0x0 c:/program files/microchip/xc8/v2.40/avr/bin/../lib/gcc/avr/5.4.0/../../../../avr/lib/avrxmega2/memx-const/mapped\libm.a(gesf2.o)
 .note.GNU-stack
                0x0000000000000000        0x0 c:/program files/microchip/xc8/v2.40/avr/bin/../lib/gcc/avr/5.4.0/../../../../avr/lib/avrxmega2/memx-const/mapped\libc.a(errno.o)
 .note.GNU-stack
                0x0000000000000000        0x0 c:/program files/microchip/xc8/v2.40/avr/bin/../lib/gcc/avr/5.4.0/../../../../avr/lib/avrxmega2/memx-const/mapped\libc.a(exit.o)
 .note.GNU-stack
                0x0000000000000000        0x0 c:/program files/microchip/xc8/v2.40/avr/bin/../lib/gcc/avr/5.4.0/../../../../avr/lib/avrxmega2/memx-const/mapped\libc.a(__sio_printf_doux.o)
 .note.GNU-stack
                0x0000000000000000        0x0 c:/program files/microchip/xc8/v2.40/avr/bin/../lib/gcc/avr/5.4.0/../../../../avr/lib/avrxmega2/memx-const/mapped\libc.a(__sio_printf_s.o)
 .note.GNU-stack
                0x0000000000000000        0x0 c:/program files/microchip/xc8/v2.40/avr/bin/../lib/gcc/avr/5.4.0/../../../../avr/lib/avrxmega2/memx-const/mapped\libc.a(__fmt_d.o)
 .note.GNU-stack
                0x0000000000000000        0x0 c:/program files/microchip/xc8/v2.40/avr/bin/../lib/gcc/avr/5.4.0/../../../../avr/lib/avrxmega2/memx-const/mapped\libc.a(__fmt_o.o)
 .note.GNU-stack
                0x0000000000000000        0x0 c:/program files/microchip/xc8/v2.40/avr/bin/../lib/gcc/avr/5.4.0/../../../../avr/lib/avrxmega2/memx-const/mapped\libc.a(__fmt_s.o)
 .note.GNU-stack
                0x0000000000000000        0x0 c:/program files/microchip/xc8/v2.40/avr/bin/../lib/gcc/avr/5.4.0/../../../../avr/lib/avrxmega2/memx-const/mapped\libc.a(__fmt_u.o)
 .note.GNU-stack
                0x0000000000000000        0x0 c:/program files/microchip/xc8/v2.40/avr/bin/../lib/gcc/avr/5.4.0/../../../../avr/lib/avrxmega2/memx-const/mapped\libc.a(__fmt_x.o)
 .note.GNU-stack
                0x0000000000000000        0x0 c:/program files/microchip/xc8/v2.40/avr/bin/../lib/gcc/avr/5.4.0/../../../../avr/lib/avrxmega2/memx-const/mapped\libc.a(__pop_int.o)
 .note.GNU-stack
                0x0000000000000000        0x0 c:/program files/microchip/xc8/v2.40/avr/bin/../lib/gcc/avr/5.4.0/../../../../avr/lib/avrxmega2/memx-const/mapped\libc.a(__printf_core.o)
 .note.GNU-stack
                0x0000000000000000        0x0 c:/program files/microchip/xc8/v2.40/avr/bin/../lib/gcc/avr/5.4.0/../../../../avr/lib/avrxmega2/memx-const/mapped\libc.a(fputc.o)
 .note.GNU-stack
                0x0000000000000000        0x0 c:/program files/microchip/xc8/v2.40/avr/bin/../lib/gcc/avr/5.4.0/../../../../avr/lib/avrxmega2/memx-const/mapped\libc.a(puts.o)
 .note.GNU-stack
                0x0000000000000000        0x0 c:/program files/microchip/xc8/v2.40/avr/bin/../lib/gcc/avr/5.4.0/../../../../avr/lib/avrxmega2/memx-const/mapped\libc.a(stdout.o)
 .note.GNU-stack
                0x0000000000000000        0x0 c:/program files/microchip/xc8/v2.40/avr/bin/../lib/gcc/avr/5.4.0/../../../../avr/lib/avrxmega2/memx-const/mapped\libc.a(strlen.o)
 .note.GNU-stack
                0x0000000000000000        0x0 c:/program files/microchip/xc8/v2.40/avr/bin/../lib/gcc/avr/5.4.0/../../../../avr/lib/avrxmega2/memx-const/mapped\libc.a(tolower.o)
 .note.GNU-stack
                0x0000000000000000        0x0 c:/program files/microchip/xc8/v2.40/avr/bin/../lib/gcc/avr/5.4.0/../../../../avr/lib/avrxmega2/memx-const/mapped\libc.a(toupper.o)
 .note.GNU-stack
                0x0000000000000000        0x0 c:/program files/microchip/xc8/v2.40/avr/bin/../lib/gcc/avr/5.4.0/../../../../avr/lib/avrxmega2/memx-const/mapped\libc.a(_Exit.o)
 .note.GNU-stack
                0x0000000000000000        0x0 c:/program files/microchip/xc8/v2.40/avr/bin/../lib/gcc/avr/5.4.0/../../../../avr/lib/avrxmega2/memx-const/mapped\libc.a(__int_vfprintf.o)
 .note.GNU-stack
                0x0000000000000000        0x0 c:/program files/microchip/xc8/v2.40/avr/bin/../lib/gcc/avr/5.4.0/../../../../avr/lib/avrxmega2/memx-const/mapped\libc.a(fputs.o)

.note.gnu.build-id
 *(.note.gnu.build-id)

.debug
 *(.debug)

.line
 *(.line)

.debug_srcinfo
 *(.debug_srcinfo)

.debug_sfnames
 *(.debug_sfnames)

.debug_aranges  0x0000000000000000      0x8b0
 *(.debug_aranges)
 .debug_aranges
                0x0000000000000000       0xc8 build/default/production/mcc_generated_files/adc/src/adc0.o
 .debug_aranges
                0x00000000000000c8       0x30 build/default/production/mcc_generated_files/evsys/src/evsys.o
 .debug_aranges
                0x00000000000000f8       0x30 build/default/production/mcc_generated_files/system/src/clock.o
 .debug_aranges
                0x0000000000000128       0x28 build/default/production/mcc_generated_files/system/src/system.o
 .debug_aranges
                0x0000000000000150       0x18 build/default/production/mcc_generated_files/system/src/config_bits.o
 .debug_aranges
                0x0000000000000168       0xf0 build/default/production/mcc_generated_files/system/src/pins.o
 .debug_aranges
                0x0000000000000258       0x20 build/default/production/mcc_generated_files/system/src/protected_io.o
 .debug_aranges
                0x0000000000000278       0x20 build/default/production/mcc_generated_files/system/src/interrupt.o
 .debug_aranges
                0x0000000000000298       0x90 build/default/production/mcc_generated_files/timer/src/tcb0.o
 .debug_aranges
                0x0000000000000328       0xb8 build/default/production/mcc_generated_files/timer/src/rtc.o
 .debug_aranges
                0x00000000000003e0       0x90 build/default/production/mcc_generated_files/timer/src/tcb1.o
 .debug_aranges
                0x0000000000000470       0xc0 build/default/production/mcc_generated_files/uart/src/usart0.o
 .debug_aranges
                0x0000000000000530       0xb8 build/default/production/mcc_generated_files/uart/src/usart1.o
 .debug_aranges
                0x00000000000005e8       0x20 build/default/production/mcc_generated_files/vref/src/vref.o
 .debug_aranges
                0x0000000000000608       0x20 build/default/production/main.o
 .debug_aranges
                0x0000000000000628       0x80 build/default/production/application.o
 .debug_aranges
                0x00000000000006a8       0x70 build/default/production/TWI.o
 .debug_aranges
                0x0000000000000718       0x98 build/default/production/bme280.o
 .debug_aranges
                0x00000000000007b0       0x60 build/default/production/ringBuffer.o
 .debug_aranges
                0x0000000000000810       0xa0 build/default/production/RN2903.o

.debug_pubnames
 *(.debug_pubnames)

.debug_info     0x0000000000000000     0xe9c5
 *(.debug_info .gnu.linkonce.wi.*)
 .debug_info    0x0000000000000000     0x22a4 C:/Users/C70348/.mchp_packs/Microchip/AVR-Dx_DFP/2.1.152/xc8/avr/lib/avrxmega2/memx-const/mapped/crtavr64dd32.o
 .debug_info    0x00000000000022a4     0x101d build/default/production/mcc_generated_files/adc/src/adc0.o
 .debug_info    0x00000000000032c1      0x6ad build/default/production/mcc_generated_files/evsys/src/evsys.o
 .debug_info    0x000000000000396e      0x9d2 build/default/production/mcc_generated_files/system/src/clock.o
 .debug_info    0x0000000000004340      0x550 build/default/production/mcc_generated_files/system/src/system.o
 .debug_info    0x0000000000004890      0x8e2 build/default/production/mcc_generated_files/system/src/config_bits.o
 .debug_info    0x0000000000005172      0xe59 build/default/production/mcc_generated_files/system/src/pins.o
 .debug_info    0x0000000000005fcb       0x88 build/default/production/mcc_generated_files/system/src/protected_io.o
 .debug_info    0x0000000000006053      0x3ee build/default/production/mcc_generated_files/system/src/interrupt.o
 .debug_info    0x0000000000006441      0x7cd build/default/production/mcc_generated_files/timer/src/tcb0.o
 .debug_info    0x0000000000006c0e      0x8cf build/default/production/mcc_generated_files/timer/src/rtc.o
 .debug_info    0x00000000000074dd      0x7cd build/default/production/mcc_generated_files/timer/src/tcb1.o
 .debug_info    0x0000000000007caa      0xe42 build/default/production/mcc_generated_files/uart/src/usart0.o
 .debug_info    0x0000000000008aec      0xc79 build/default/production/mcc_generated_files/uart/src/usart1.o
 .debug_info    0x0000000000009765      0x35a build/default/production/mcc_generated_files/vref/src/vref.o
 .debug_info    0x0000000000009abf      0x34d build/default/production/main.o
 .debug_info    0x0000000000009e0c     0x1226 build/default/production/application.o
 .debug_info    0x000000000000b032      0xb8c build/default/production/TWI.o
 .debug_info    0x000000000000bbbe      0xef3 build/default/production/bme280.o
 .debug_info    0x000000000000cab1      0x76e build/default/production/ringBuffer.o
 .debug_info    0x000000000000d21f     0x17a6 build/default/production/RN2903.o

.debug_abbrev   0x0000000000000000     0x3d8d
 *(.debug_abbrev)
 .debug_abbrev  0x0000000000000000     0x20ce C:/Users/C70348/.mchp_packs/Microchip/AVR-Dx_DFP/2.1.152/xc8/avr/lib/avrxmega2/memx-const/mapped/crtavr64dd32.o
 .debug_abbrev  0x00000000000020ce      0x25d build/default/production/mcc_generated_files/adc/src/adc0.o
 .debug_abbrev  0x000000000000232b       0xcd build/default/production/mcc_generated_files/evsys/src/evsys.o
 .debug_abbrev  0x00000000000023f8      0x14d build/default/production/mcc_generated_files/system/src/clock.o
 .debug_abbrev  0x0000000000002545      0x130 build/default/production/mcc_generated_files/system/src/system.o
 .debug_abbrev  0x0000000000002675       0x97 build/default/production/mcc_generated_files/system/src/config_bits.o
 .debug_abbrev  0x000000000000270c      0x162 build/default/production/mcc_generated_files/system/src/pins.o
 .debug_abbrev  0x000000000000286e       0x14 build/default/production/mcc_generated_files/system/src/protected_io.o
 .debug_abbrev  0x0000000000002882       0xfa build/default/production/mcc_generated_files/system/src/interrupt.o
 .debug_abbrev  0x000000000000297c      0x19d build/default/production/mcc_generated_files/timer/src/tcb0.o
 .debug_abbrev  0x0000000000002b19      0x14c build/default/production/mcc_generated_files/timer/src/rtc.o
 .debug_abbrev  0x0000000000002c65      0x19d build/default/production/mcc_generated_files/timer/src/tcb1.o
 .debug_abbrev  0x0000000000002e02      0x2c2 build/default/production/mcc_generated_files/uart/src/usart0.o
 .debug_abbrev  0x00000000000030c4      0x251 build/default/production/mcc_generated_files/uart/src/usart1.o
 .debug_abbrev  0x0000000000003315       0x8c build/default/production/mcc_generated_files/vref/src/vref.o
 .debug_abbrev  0x00000000000033a1       0x8b build/default/production/main.o
 .debug_abbrev  0x000000000000342c      0x1f9 build/default/production/application.o
 .debug_abbrev  0x0000000000003625      0x191 build/default/production/TWI.o
 .debug_abbrev  0x00000000000037b6      0x22d build/default/production/bme280.o
 .debug_abbrev  0x00000000000039e3      0x17c build/default/production/ringBuffer.o
 .debug_abbrev  0x0000000000003b5f      0x22e build/default/production/RN2903.o

.debug_line     0x0000000000000000     0x40fd
 *(.debug_line .debug_line.* .debug_line_end)
 .debug_line    0x0000000000000000      0x19e C:/Users/C70348/.mchp_packs/Microchip/AVR-Dx_DFP/2.1.152/xc8/avr/lib/avrxmega2/memx-const/mapped/crtavr64dd32.o
 .debug_line    0x000000000000019e      0x3f4 build/default/production/mcc_generated_files/adc/src/adc0.o
 .debug_line    0x0000000000000592      0x1e7 build/default/production/mcc_generated_files/evsys/src/evsys.o
 .debug_line    0x0000000000000779      0x1bd build/default/production/mcc_generated_files/system/src/clock.o
 .debug_line    0x0000000000000936      0x32b build/default/production/mcc_generated_files/system/src/system.o
 .debug_line    0x0000000000000c61       0xf0 build/default/production/mcc_generated_files/system/src/config_bits.o
 .debug_line    0x0000000000000d51      0x518 build/default/production/mcc_generated_files/system/src/pins.o
 .debug_line    0x0000000000001269       0x6d build/default/production/mcc_generated_files/system/src/protected_io.o
 .debug_line    0x00000000000012d6      0x189 build/default/production/mcc_generated_files/system/src/interrupt.o
 .debug_line    0x000000000000145f      0x2fc build/default/production/mcc_generated_files/timer/src/tcb0.o
 .debug_line    0x000000000000175b      0x394 build/default/production/mcc_generated_files/timer/src/rtc.o
 .debug_line    0x0000000000001aef      0x2fc build/default/production/mcc_generated_files/timer/src/tcb1.o
 .debug_line    0x0000000000001deb      0x474 build/default/production/mcc_generated_files/uart/src/usart0.o
 .debug_line    0x000000000000225f      0x405 build/default/production/mcc_generated_files/uart/src/usart1.o
 .debug_line    0x0000000000002664      0x10f build/default/production/mcc_generated_files/vref/src/vref.o
 .debug_line    0x0000000000002773       0xf2 build/default/production/main.o
 .debug_line    0x0000000000002865      0x659 build/default/production/application.o
 .debug_line    0x0000000000002ebe      0x3c7 build/default/production/TWI.o
 .debug_line    0x0000000000003285      0x498 build/default/production/bme280.o
 .debug_line    0x000000000000371d      0x2e1 build/default/production/ringBuffer.o
 .debug_line    0x00000000000039fe      0x6ff build/default/production/RN2903.o

.debug_frame    0x0000000000000000     0x1544
 *(.debug_frame)
 .debug_frame   0x0000000000000000      0x204 build/default/production/mcc_generated_files/adc/src/adc0.o
 .debug_frame   0x0000000000000204       0x44 build/default/production/mcc_generated_files/evsys/src/evsys.o
 .debug_frame   0x0000000000000248       0x44 build/default/production/mcc_generated_files/system/src/clock.o
 .debug_frame   0x000000000000028c       0x34 build/default/production/mcc_generated_files/system/src/system.o
 .debug_frame   0x00000000000002c0      0x2f0 build/default/production/mcc_generated_files/system/src/pins.o
 .debug_frame   0x00000000000005b0       0x24 build/default/production/mcc_generated_files/system/src/interrupt.o
 .debug_frame   0x00000000000005d4      0x14c build/default/production/mcc_generated_files/timer/src/tcb0.o
 .debug_frame   0x0000000000000720      0x1e4 build/default/production/mcc_generated_files/timer/src/rtc.o
 .debug_frame   0x0000000000000904      0x14c build/default/production/mcc_generated_files/timer/src/tcb1.o
 .debug_frame   0x0000000000000a50      0x16c build/default/production/mcc_generated_files/uart/src/usart0.o
 .debug_frame   0x0000000000000bbc      0x154 build/default/production/mcc_generated_files/uart/src/usart1.o
 .debug_frame   0x0000000000000d10       0x24 build/default/production/mcc_generated_files/vref/src/vref.o
 .debug_frame   0x0000000000000d34       0x24 build/default/production/main.o
 .debug_frame   0x0000000000000d58      0x1f8 build/default/production/application.o
 .debug_frame   0x0000000000000f50      0x12c build/default/production/TWI.o
 .debug_frame   0x000000000000107c      0x248 build/default/production/bme280.o
 .debug_frame   0x00000000000012c4       0xf8 build/default/production/ringBuffer.o
 .debug_frame   0x00000000000013bc      0x188 build/default/production/RN2903.o

.debug_str      0x0000000000000000     0x1347
 *(.debug_str)
 .debug_str     0x0000000000000000      0xefb C:/Users/C70348/.mchp_packs/Microchip/AVR-Dx_DFP/2.1.152/xc8/avr/lib/avrxmega2/memx-const/mapped/crtavr64dd32.o
 .debug_str     0x0000000000000efb       0x11 build/default/production/mcc_generated_files/adc/src/adc0.o
 .debug_str     0x0000000000000f0c        0x0 build/default/production/mcc_generated_files/evsys/src/evsys.o
 .debug_str     0x0000000000000f0c       0x13 build/default/production/mcc_generated_files/system/src/clock.o
 .debug_str     0x0000000000000f1f       0xd1 build/default/production/mcc_generated_files/system/src/system.o
 .debug_str     0x0000000000000ff0        0x0 build/default/production/mcc_generated_files/system/src/config_bits.o
 .debug_str     0x0000000000000ff0       0x30 build/default/production/mcc_generated_files/system/src/pins.o
 .debug_str     0x0000000000001020       0x13 build/default/production/mcc_generated_files/system/src/interrupt.o
 .debug_str     0x0000000000001033        0x0 build/default/production/mcc_generated_files/timer/src/tcb0.o
 .debug_str     0x0000000000001033        0x9 build/default/production/mcc_generated_files/timer/src/rtc.o
 .debug_str     0x000000000000103c        0x0 build/default/production/mcc_generated_files/timer/src/tcb1.o
 .debug_str     0x000000000000103c       0x10 build/default/production/mcc_generated_files/uart/src/usart0.o
 .debug_str     0x000000000000104c       0x10 build/default/production/mcc_generated_files/uart/src/usart1.o
 .debug_str     0x000000000000105c        0x0 build/default/production/mcc_generated_files/vref/src/vref.o
 .debug_str     0x000000000000105c       0x7c build/default/production/main.o
 .debug_str     0x00000000000010d8      0x11c build/default/production/application.o
 .debug_str     0x00000000000011f4       0x15 build/default/production/TWI.o
 .debug_str     0x0000000000001209       0x2d build/default/production/bme280.o
 .debug_str     0x0000000000001236       0x29 build/default/production/ringBuffer.o
 .debug_str     0x000000000000125f       0xe8 build/default/production/RN2903.o

.debug_loc      0x0000000000000000     0x1a5e
 *(.debug_loc)
 .debug_loc     0x0000000000000000      0x147 build/default/production/mcc_generated_files/adc/src/adc0.o
 .debug_loc     0x0000000000000147      0x263 build/default/production/mcc_generated_files/system/src/clock.o
 .debug_loc     0x00000000000003aa       0x52 build/default/production/mcc_generated_files/system/src/system.o
 .debug_loc     0x00000000000003fc       0x2a build/default/production/mcc_generated_files/system/src/interrupt.o
 .debug_loc     0x0000000000000426       0x64 build/default/production/mcc_generated_files/uart/src/usart0.o
 .debug_loc     0x000000000000048a      0x1b4 build/default/production/application.o
 .debug_loc     0x000000000000063e      0x496 build/default/production/TWI.o
 .debug_loc     0x0000000000000ad4      0x7f3 build/default/production/bme280.o
 .debug_loc     0x00000000000012c7      0x203 build/default/production/ringBuffer.o
 .debug_loc     0x00000000000014ca      0x594 build/default/production/RN2903.o

.debug_macinfo
 *(.debug_macinfo)

.debug_weaknames
 *(.debug_weaknames)

.debug_funcnames
 *(.debug_funcnames)

.debug_typenames
 *(.debug_typenames)

.debug_varnames
 *(.debug_varnames)

.debug_pubtypes
 *(.debug_pubtypes)

.debug_ranges   0x0000000000000000      0x758
 *(.debug_ranges)
 .debug_ranges  0x0000000000000000       0xb8 build/default/production/mcc_generated_files/adc/src/adc0.o
 .debug_ranges  0x00000000000000b8       0x20 build/default/production/mcc_generated_files/evsys/src/evsys.o
 .debug_ranges  0x00000000000000d8       0x20 build/default/production/mcc_generated_files/system/src/clock.o
 .debug_ranges  0x00000000000000f8       0x18 build/default/production/mcc_generated_files/system/src/system.o
 .debug_ranges  0x0000000000000110       0xe0 build/default/production/mcc_generated_files/system/src/pins.o
 .debug_ranges  0x00000000000001f0       0x10 build/default/production/mcc_generated_files/system/src/interrupt.o
 .debug_ranges  0x0000000000000200       0x80 build/default/production/mcc_generated_files/timer/src/tcb0.o
 .debug_ranges  0x0000000000000280       0xa8 build/default/production/mcc_generated_files/timer/src/rtc.o
 .debug_ranges  0x0000000000000328       0x80 build/default/production/mcc_generated_files/timer/src/tcb1.o
 .debug_ranges  0x00000000000003a8       0xb0 build/default/production/mcc_generated_files/uart/src/usart0.o
 .debug_ranges  0x0000000000000458       0xa8 build/default/production/mcc_generated_files/uart/src/usart1.o
 .debug_ranges  0x0000000000000500       0x10 build/default/production/mcc_generated_files/vref/src/vref.o
 .debug_ranges  0x0000000000000510       0x10 build/default/production/main.o
 .debug_ranges  0x0000000000000520       0x70 build/default/production/application.o
 .debug_ranges  0x0000000000000590       0x60 build/default/production/TWI.o
 .debug_ranges  0x00000000000005f0       0x88 build/default/production/bme280.o
 .debug_ranges  0x0000000000000678       0x50 build/default/production/ringBuffer.o
 .debug_ranges  0x00000000000006c8       0x90 build/default/production/RN2903.o

.debug_macro
 *(.debug_macro)
OUTPUT(dist/default/production/avr64dd32-agri-iot.X.production.elf elf32-avr)
LOAD linker stubs
LOAD data_init

.note.gnu.avr.deviceinfo
                0x0000000000000000       0x3c
 .note.gnu.avr.deviceinfo
                0x0000000000000000       0x3c C:/Users/C70348/.mchp_packs/Microchip/AVR-Dx_DFP/2.1.152/xc8/avr/lib/avrxmega2/memx-const/mapped/crtavr64dd32.o

.bss.ADC0_resrdy_cb
                0x00000000008062a6        0x2
 .bss.ADC0_resrdy_cb
                0x00000000008062a6        0x2 build/default/production/mcc_generated_files/adc/src/adc0.o
                0x00000000008062a6                ADC0_resrdy_cb

.bss.ADC0_window_cb
                0x00000000008062a8        0x2
 .bss.ADC0_window_cb
                0x00000000008062a8        0x2 build/default/production/mcc_generated_files/adc/src/adc0.o
                0x00000000008062a8                ADC0_window_cb

.bss.PF5_InterruptHandler
                0x00000000008062aa        0x2
 .bss.PF5_InterruptHandler
                0x00000000008062aa        0x2 build/default/production/mcc_generated_files/system/src/pins.o

.bss.PD1_InterruptHandler
                0x00000000008062ac        0x2
 .bss.PD1_InterruptHandler
                0x00000000008062ac        0x2 build/default/production/mcc_generated_files/system/src/pins.o

.bss.PC2_InterruptHandler
                0x00000000008062ae        0x2
 .bss.PC2_InterruptHandler
                0x00000000008062ae        0x2 build/default/production/mcc_generated_files/system/src/pins.o

.bss.PA1_InterruptHandler
                0x00000000008062b0        0x2
 .bss.PA1_InterruptHandler
                0x00000000008062b0        0x2 build/default/production/mcc_generated_files/system/src/pins.o

.bss.PA0_InterruptHandler
                0x00000000008062b2        0x2
 .bss.PA0_InterruptHandler
                0x00000000008062b2        0x2 build/default/production/mcc_generated_files/system/src/pins.o

.bss.PF6_InterruptHandler
                0x00000000008062b4        0x2
 .bss.PF6_InterruptHandler
                0x00000000008062b4        0x2 build/default/production/mcc_generated_files/system/src/pins.o

.bss.PD4_InterruptHandler
                0x00000000008062b6        0x2
 .bss.PD4_InterruptHandler
                0x00000000008062b6        0x2 build/default/production/mcc_generated_files/system/src/pins.o

.bss.PD5_InterruptHandler
                0x00000000008062b8        0x2
 .bss.PD5_InterruptHandler
                0x00000000008062b8        0x2 build/default/production/mcc_generated_files/system/src/pins.o

.bss.PD2_InterruptHandler
                0x00000000008062ba        0x2
 .bss.PD2_InterruptHandler
                0x00000000008062ba        0x2 build/default/production/mcc_generated_files/system/src/pins.o

.bss.PC0_InterruptHandler
                0x00000000008062bc        0x2
 .bss.PC0_InterruptHandler
                0x00000000008062bc        0x2 build/default/production/mcc_generated_files/system/src/pins.o

.bss.PC1_InterruptHandler
                0x00000000008062be        0x2
 .bss.PC1_InterruptHandler
                0x00000000008062be        0x2 build/default/production/mcc_generated_files/system/src/pins.o

.bss.TCB0_CAPT_isr_cb
                0x00000000008062c0        0x2
 .bss.TCB0_CAPT_isr_cb
                0x00000000008062c0        0x2 build/default/production/mcc_generated_files/timer/src/tcb0.o
                0x00000000008062c0                TCB0_CAPT_isr_cb

.bss.RTC_PIT_isr_cb
                0x00000000008062c2        0x2
 .bss.RTC_PIT_isr_cb
                0x00000000008062c2        0x2 build/default/production/mcc_generated_files/timer/src/rtc.o
                0x00000000008062c2                RTC_PIT_isr_cb

.bss.RTC_CMP_isr_cb
                0x00000000008062c4        0x2
 .bss.RTC_CMP_isr_cb
                0x00000000008062c4        0x2 build/default/production/mcc_generated_files/timer/src/rtc.o
                0x00000000008062c4                RTC_CMP_isr_cb

.bss.RTC_OVF_isr_cb
                0x00000000008062c6        0x2
 .bss.RTC_OVF_isr_cb
                0x00000000008062c6        0x2 build/default/production/mcc_generated_files/timer/src/rtc.o
                0x00000000008062c6                RTC_OVF_isr_cb

.bss.TCB1_CAPT_isr_cb
                0x00000000008062c8        0x2
 .bss.TCB1_CAPT_isr_cb
                0x00000000008062c8        0x2 build/default/production/mcc_generated_files/timer/src/tcb1.o
                0x00000000008062c8                TCB1_CAPT_isr_cb

.bss.USART0_ParityErrorHandler
                0x00000000008062ca        0x2
 .bss.USART0_ParityErrorHandler
                0x00000000008062ca        0x2 build/default/production/mcc_generated_files/uart/src/usart0.o
                0x00000000008062ca                USART0_ParityErrorHandler

.bss.USART0_OverrunErrorHandler
                0x00000000008062cc        0x2
 .bss.USART0_OverrunErrorHandler
                0x00000000008062cc        0x2 build/default/production/mcc_generated_files/uart/src/usart0.o
                0x00000000008062cc                USART0_OverrunErrorHandler

.bss.USART0_FramingErrorHandler
                0x00000000008062ce        0x2
 .bss.USART0_FramingErrorHandler
                0x00000000008062ce        0x2 build/default/production/mcc_generated_files/uart/src/usart0.o
                0x00000000008062ce                USART0_FramingErrorHandler

.bss.usart0RxLastError
                0x00000000008062d0        0x2
 .bss.usart0RxLastError
                0x00000000008062d0        0x2 build/default/production/mcc_generated_files/uart/src/usart0.o

.bss.USART1_ParityErrorHandler
                0x00000000008062d2        0x2
 .bss.USART1_ParityErrorHandler
                0x00000000008062d2        0x2 build/default/production/mcc_generated_files/uart/src/usart1.o
                0x00000000008062d2                USART1_ParityErrorHandler

.bss.USART1_OverrunErrorHandler
                0x00000000008062d4        0x2
 .bss.USART1_OverrunErrorHandler
                0x00000000008062d4        0x2 build/default/production/mcc_generated_files/uart/src/usart1.o
                0x00000000008062d4                USART1_OverrunErrorHandler

.bss.USART1_FramingErrorHandler
                0x00000000008062d6        0x2
 .bss.USART1_FramingErrorHandler
                0x00000000008062d6        0x2 build/default/production/mcc_generated_files/uart/src/usart1.o
                0x00000000008062d6                USART1_FramingErrorHandler

.bss.usart1RxLastError
                0x00000000008062d8        0x2
 .bss.usart1RxLastError
                0x00000000008062d8        0x2 build/default/production/mcc_generated_files/uart/src/usart1.o

.bss.state      0x00000000008062e2        0x1
 .bss.state     0x00000000008062e2        0x1 build/default/production/application.o

.bss.event_flags
                0x00000000008062da        0x2
 .bss.event_flags
                0x00000000008062da        0x2 build/default/production/application.o

.bss.data       0x0000000000806270        0x7
 .bss.data      0x0000000000806270        0x7 build/default/production/application.o

.bss.payload    0x0000000000806237       0x11
 .bss.payload   0x0000000000806237       0x11 build/default/production/application.o
                0x0000000000806237                payload

.bss.secs       0x000000000080628e        0x4
 .bss.secs      0x000000000080628e        0x4 build/default/production/application.o
                0x000000000080628e                secs

.bss.millis     0x0000000000806292        0x4
 .bss.millis    0x0000000000806292        0x4 build/default/production/application.o
                0x0000000000806292                millis

.bss.t_fine     0x0000000000806296        0x4
 .bss.t_fine    0x0000000000806296        0x4 build/default/production/bme280.o
                0x0000000000806296                t_fine

.bss.adc_P      0x000000000080629a        0x4
 .bss.adc_P     0x000000000080629a        0x4 build/default/production/bme280.o
                0x000000000080629a                adc_P

.bss.adc_H      0x000000000080629e        0x4
 .bss.adc_H     0x000000000080629e        0x4 build/default/production/bme280.o
                0x000000000080629e                adc_H

.bss.adc_T      0x00000000008062a2        0x4
 .bss.adc_T     0x00000000008062a2        0x4 build/default/production/bme280.o
                0x00000000008062a2                adc_T

.bss.calibParam
                0x0000000000806200       0x21
 .bss.calibParam
                0x0000000000806200       0x21 build/default/production/bme280.o
                0x0000000000806200                calibParam

.bss.bme280_ctrl_meas
                0x00000000008062e3        0x1
 .bss.bme280_ctrl_meas
                0x00000000008062e3        0x1 build/default/production/bme280.o
                0x00000000008062e3                bme280_ctrl_meas

.bss.bme280_ctrl_hum
                0x00000000008062e4        0x1
 .bss.bme280_ctrl_hum
                0x00000000008062e4        0x1 build/default/production/bme280.o
                0x00000000008062e4                bme280_ctrl_hum

.bss.bme280_config
                0x00000000008062e5        0x1
 .bss.bme280_config
                0x00000000008062e5        0x1 build/default/production/bme280.o
                0x00000000008062e5                bme280_config

.bss.numTx      0x00000000008062dc        0x2
 .bss.numTx     0x00000000008062dc        0x2 build/default/production/RN2903.o
                0x00000000008062dc                numTx

.bss.rx_buffer  0x0000000000806284        0x5
 .bss.rx_buffer
                0x0000000000806284        0x5 build/default/production/RN2903.o
                0x0000000000806284                rx_buffer

.bss.tx_buffer  0x0000000000806289        0x5
 .bss.tx_buffer
                0x0000000000806289        0x5 build/default/production/RN2903.o
                0x0000000000806289                tx_buffer

.bss.tx_text    0x0000000000806002       0xff
 .bss.tx_text   0x0000000000806002       0xff build/default/production/RN2903.o

.bss.rx_text    0x0000000000806101       0xff
 .bss.rx_text   0x0000000000806101       0xff build/default/production/RN2903.o

.bss.__stdout   0x00000000008062e0        0x2
 .bss.__stdout  0x00000000008062e0        0x2 c:/program files/microchip/xc8/v2.40/avr/bin/../lib/gcc/avr/5.4.0/../../../../avr/lib/avrxmega2/memx-const/mapped\libc.a(stdout.o)

.rodata         0x000000000080813e      0x41d load address 0x000000000000013e
 .rodata        0x000000000080813e      0x41d build/default/production/RN2903.o

.rodata         0x000000000080855b      0x32c load address 0x000000000000055b
 .rodata        0x000000000080855b      0x32c build/default/production/application.o

.rodata         0x0000000000808887       0x2b load address 0x0000000000000887
 .rodata        0x0000000000808887       0x2b build/default/production/bme280.o

.rodata         0x00000000008088b2       0x1a load address 0x00000000000008b2
 .rodata        0x00000000008088b2       0x1a build/default/production/main.o

.text.powf      0x00000000000008cc      0xcf6
 .text.powf     0x00000000000008cc      0xcf6 c:/program files/microchip/xc8/v2.40/avr/bin/../lib/gcc/avr/5.4.0/../../../../avr/lib/avrxmega2/memx-const/mapped\libm.a(powf.o)
                0x00000000000008cc                pow
                0x00000000000008cc                powl
                0x00000000000008cc                powf

.text.vfpfcnvrt
                0x00000000000015c2      0x3fc
 .text.vfpfcnvrt
                0x00000000000015c2      0x3fc c:/program files/microchip/xc8/v2.40/avr/bin/../lib/gcc/avr/5.4.0/../../../../avr/lib/avrxmega2/memx-const/mapped\libc.a(__printf_core.o)
                0x00000000000015c2                vfpfcnvrt

.text.BME280_compensatePressure
                0x00000000000019be      0x2b0
 .text.BME280_compensatePressure
                0x00000000000019be      0x2b0 build/default/production/bme280.o
                0x00000000000019be                BME280_compensatePressure

.text.stateMachine
                0x0000000000001c6e      0x24c
 .text.stateMachine
                0x0000000000001c6e      0x24c build/default/production/application.o
                0x0000000000001c6e                stateMachine

.text.sqrtf     0x0000000000001eba      0x22a
 .text.sqrtf    0x0000000000001eba      0x22a c:/program files/microchip/xc8/v2.40/avr/bin/../lib/gcc/avr/5.4.0/../../../../avr/lib/avrxmega2/memx-const/mapped\libm.a(sqrtf.o)
                0x0000000000001eba                sqrtl
                0x0000000000001eba                sqrtf
                0x0000000000001eba                sqrt

.text.BME280_compensateHumidity
                0x00000000000020e4      0x1f8
 .text.BME280_compensateHumidity
                0x00000000000020e4      0x1f8 build/default/production/bme280.o
                0x00000000000020e4                BME280_compensateHumidity

.text.formatPayload
                0x00000000000022dc      0x1e0
 .text.formatPayload
                0x00000000000022dc      0x1e0 build/default/production/application.o
                0x00000000000022dc                formatPayload

.text.__fmt_x   0x00000000000024bc      0x1dc
 .text.__fmt_x  0x00000000000024bc      0x1dc c:/program files/microchip/xc8/v2.40/avr/bin/../lib/gcc/avr/5.4.0/../../../../avr/lib/avrxmega2/memx-const/mapped\libc.a(__fmt_x.o)
                0x00000000000024bc                __fmt_x_needed
                0x00000000000024bc                __fmt_x

.text.BME280_readFactoryCalibrationParams
                0x0000000000002698      0x180
 .text.BME280_readFactoryCalibrationParams
                0x0000000000002698      0x180 build/default/production/bme280.o
                0x0000000000002698                BME280_readFactoryCalibrationParams

.text.PIN_MANAGER_Initialize
                0x0000000000002818      0x13e
 .text.PIN_MANAGER_Initialize
                0x0000000000002818      0x13e build/default/production/mcc_generated_files/system/src/pins.o
                0x0000000000002818                PIN_MANAGER_Initialize

.text.BME280_compensateTemperature
                0x0000000000002956      0x128
 .text.BME280_compensateTemperature
                0x0000000000002956      0x128 build/default/production/bme280.o
                0x0000000000002956                BME280_compensateTemperature

.text.BME280_readMeasurements
                0x0000000000002a7e      0x11e
 .text.BME280_readMeasurements
                0x0000000000002a7e      0x11e build/default/production/bme280.o
                0x0000000000002a7e                BME280_readMeasurements

.text.__fmt_d   0x0000000000002b9c       0xe4
 .text.__fmt_d  0x0000000000002b9c       0xe4 c:/program files/microchip/xc8/v2.40/avr/bin/../lib/gcc/avr/5.4.0/../../../../avr/lib/avrxmega2/memx-const/mapped\libc.a(__fmt_d.o)
                0x0000000000002b9c                __fmt_d
                0x0000000000002b9c                __fmt_d_needed

.text           0x0000000000002c80       0xde
 .text          0x0000000000002c80       0xde c:/program files/microchip/xc8/v2.40/avr/bin/../lib/gcc/avr/5.4.0/../../../../avr/lib/avrxmega2/memx-const/mapped\libm.a(divsf3x.o)
                0x0000000000002c80                __divsf3x
                0x0000000000002ca8                __divsf3_pse

.text.printSensorData
                0x0000000000002d5e       0xd4
 .text.printSensorData
                0x0000000000002d5e       0xd4 build/default/production/application.o
                0x0000000000002d5e                printSensorData

.text           0x0000000000002e32       0xd4
 .text          0x0000000000002e32       0xd4 c:/program files/microchip/xc8/v2.40/avr/bin/../lib/gcc/avr/5.4.0/../../../../avr/lib/avrxmega2/memx-const/mapped\libm.a(mulsf3x.o)
                0x0000000000002e32                __mulsf3x
                0x0000000000002e58                __mulsf3_pse

.text.__pop_int
                0x0000000000002f06       0xd0
 .text.__pop_int
                0x0000000000002f06       0xd0 c:/program files/microchip/xc8/v2.40/avr/bin/../lib/gcc/avr/5.4.0/../../../../avr/lib/avrxmega2/memx-const/mapped\libc.a(__pop_int.o)
                0x0000000000002f06                __pop_int_needed
                0x0000000000002f06                __pop_int

.text           0x0000000000002fd6       0xce
 .text          0x0000000000002fd6       0xce c:/program files/microchip/xc8/v2.40/avr/bin/../lib/gcc/avr/5.4.0/../../../../avr/lib/avrxmega2/memx-const/mapped\libm.a(addsf3x.o)
                0x0000000000002fd6                __addsf3x

.text.__cvt_u   0x00000000000030a4       0xca
 .text.__cvt_u  0x00000000000030a4       0xca c:/program files/microchip/xc8/v2.40/avr/bin/../lib/gcc/avr/5.4.0/../../../../avr/lib/avrxmega2/memx-const/mapped\libc.a(__fmt_u.o)
                0x00000000000030a4                __cvt_u

.text.RN2903_init
                0x000000000000316e       0xbe
 .text.RN2903_init
                0x000000000000316e       0xbe build/default/production/RN2903.o
                0x000000000000316e                RN2903_init

.text.scalbnf   0x000000000000322c       0xb2
 .text.scalbnf  0x000000000000322c       0xb2 c:/program files/microchip/xc8/v2.40/avr/bin/../lib/gcc/avr/5.4.0/../../../../avr/lib/avrxmega2/memx-const/mapped\libm.a(scalbnf.o)
                0x000000000000322c                scalbnf

.text.__fmt_o   0x00000000000032de       0xb2
 .text.__fmt_o  0x00000000000032de       0xb2 c:/program files/microchip/xc8/v2.40/avr/bin/../lib/gcc/avr/5.4.0/../../../../avr/lib/avrxmega2/memx-const/mapped\libc.a(__fmt_o.o)
                0x00000000000032de                __fmt_o
                0x00000000000032de                __fmt_o_needed

.text.CLOCK_Initialize
                0x0000000000003390       0x9c
 .text.CLOCK_Initialize
                0x0000000000003390       0x9c build/default/production/mcc_generated_files/system/src/clock.o
                0x0000000000003390                CLOCK_Initialize

.text.RN2903_getHWEUI
                0x000000000000342c       0x94
 .text.RN2903_getHWEUI
                0x000000000000342c       0x94 build/default/production/RN2903.o
                0x000000000000342c                RN2903_getHWEUI

.text.BME280_getPressure
                0x00000000000034c0       0x92
 .text.BME280_getPressure
                0x00000000000034c0       0x92 build/default/production/bme280.o
                0x00000000000034c0                BME280_getPressure

.text.fputc     0x0000000000003552       0x92
 .text.fputc    0x0000000000003552       0x92 c:/program files/microchip/xc8/v2.40/avr/bin/../lib/gcc/avr/5.4.0/../../../../avr/lib/avrxmega2/memx-const/mapped\libc.a(fputc.o)
                0x0000000000003552                fputc
                0x0000000000003552                putc

.text.TWI_sendAndReadBytes
                0x00000000000035e4       0x90
 .text.TWI_sendAndReadBytes
                0x00000000000035e4       0x90 build/default/production/TWI.o
                0x00000000000035e4                TWI_sendAndReadBytes

.text.RN2903_tx_cnf
                0x0000000000003674       0x8e
 .text.RN2903_tx_cnf
                0x0000000000003674       0x8e build/default/production/RN2903.o
                0x0000000000003674                RN2903_tx_cnf

.text.__fmt_u   0x0000000000003702       0x8e
 .text.__fmt_u  0x0000000000003702       0x8e c:/program files/microchip/xc8/v2.40/avr/bin/../lib/gcc/avr/5.4.0/../../../../avr/lib/avrxmega2/memx-const/mapped\libc.a(__fmt_u.o)
                0x0000000000003702                __fmt_u_needed
                0x0000000000003702                __fmt_u

.text.RN2903_tx_uncnf
                0x0000000000003790       0x88
 .text.RN2903_tx_uncnf
                0x0000000000003790       0x88 build/default/production/RN2903.o
                0x0000000000003790                RN2903_tx_uncnf

.text.__vector_24
                0x0000000000003818       0x80
 .text.__vector_24
                0x0000000000003818       0x80 build/default/production/mcc_generated_files/system/src/pins.o
                0x0000000000003818                __vector_24

.text           0x0000000000003898       0x7a
 .text          0x0000000000003898       0x7a c:/program files/microchip/xc8/v2.40/avr/bin/../lib/gcc/avr/5.4.0/../../../../avr/lib/avrxmega2/memx-const/mapped\libm.a(floatsisf.o)
                0x0000000000003898                __floatunsisf
                0x000000000000389c                __floatsisf

.text.__printf_core
                0x0000000000003912       0x78
 .text.__printf_core
                0x0000000000003912       0x78 c:/program files/microchip/xc8/v2.40/avr/bin/../lib/gcc/avr/5.4.0/../../../../avr/lib/avrxmega2/memx-const/mapped\libc.a(__printf_core.o)
                0x0000000000003912                __printf_core

.text.__vector_5
                0x000000000000398a       0x76
 .text.__vector_5
                0x000000000000398a       0x76 build/default/production/mcc_generated_files/timer/src/rtc.o
                0x000000000000398a                __vector_5

.text.RN2903_resp
                0x0000000000003a00       0x74
 .text.RN2903_resp
                0x0000000000003a00       0x74 build/default/production/RN2903.o
                0x0000000000003a00                RN2903_resp

.text.__vector_29
                0x0000000000003a74       0x72
 .text.__vector_29
                0x0000000000003a74       0x72 build/default/production/mcc_generated_files/system/src/pins.o
                0x0000000000003a74                __vector_29

.text.RN2903_cmd
                0x0000000000003ae6       0x72
 .text.RN2903_cmd
                0x0000000000003ae6       0x72 build/default/production/RN2903.o
                0x0000000000003ae6                RN2903_cmd

.text.__pad     0x0000000000003b58       0x72
 .text.__pad    0x0000000000003b58       0x72 c:/program files/microchip/xc8/v2.40/avr/bin/../lib/gcc/avr/5.4.0/../../../../avr/lib/avrxmega2/memx-const/mapped\libc.a(__printf_core.o)
                0x0000000000003b58                __pad

.text.RN2903_interface
                0x0000000000003bca       0x6e
 .text.RN2903_interface
                0x0000000000003bca       0x6e build/default/production/RN2903.o
                0x0000000000003bca                RN2903_interface

.text.RN2903_config_ABP
                0x0000000000003c38       0x6c
 .text.RN2903_config_ABP
                0x0000000000003c38       0x6c build/default/production/RN2903.o
                0x0000000000003c38                RN2903_config_ABP

.text.RN2903_resp2
                0x0000000000003ca4       0x6a
 .text.RN2903_resp2
                0x0000000000003ca4       0x6a build/default/production/RN2903.o
                0x0000000000003ca4                RN2903_resp2

.text.__vector_8
                0x0000000000003d0e       0x64
 .text.__vector_8
                0x0000000000003d0e       0x64 build/default/production/mcc_generated_files/system/src/pins.o
                0x0000000000003d0e                __vector_8

.text.__vector_34
                0x0000000000003d72       0x64
 .text.__vector_34
                0x0000000000003d72       0x64 build/default/production/mcc_generated_files/system/src/pins.o
                0x0000000000003d72                __vector_34

.text.BME280_initializeSensor
                0x0000000000003dd6       0x62
 .text.BME280_initializeSensor
                0x0000000000003dd6       0x62 build/default/production/bme280.o
                0x0000000000003dd6                BME280_initializeSensor

.text.__vector_14
                0x0000000000003e38       0x60
 .text.__vector_14
                0x0000000000003e38       0x60 build/default/production/mcc_generated_files/timer/src/tcb0.o
                0x0000000000003e38                __vector_14

.text.__vector_15
                0x0000000000003e98       0x60
 .text.__vector_15
                0x0000000000003e98       0x60 build/default/production/mcc_generated_files/timer/src/tcb1.o
                0x0000000000003e98                __vector_15

.text           0x0000000000003ef8       0x5e
 .text          0x0000000000003ef8       0x5e c:/program files/microchip/xc8/v2.40/avr/bin/../lib/gcc/avr/5.4.0/../../../../avr/lib/avrxmega2/memx-const/mapped\libm.a(fixunssfsi.o)
                0x0000000000003ef8                __fixunssfsi

.text.fputs     0x0000000000003f56       0x5e
 .text.fputs    0x0000000000003f56       0x5e c:/program files/microchip/xc8/v2.40/avr/bin/../lib/gcc/avr/5.4.0/../../../../avr/lib/avrxmega2/memx-const/mapped\libc.a(fputs.o)
                0x0000000000003f56                fputs
                0x0000000000003f56                fputs_unlocked

.text.USART0_Initialize
                0x0000000000003fb4       0x5c
 .text.USART0_Initialize
                0x0000000000003fb4       0x5c build/default/production/mcc_generated_files/uart/src/usart0.o
                0x0000000000003fb4                USART0_Initialize

.text.read_prec_or_width
                0x0000000000004010       0x5c
 .text.read_prec_or_width
                0x0000000000004010       0x5c c:/program files/microchip/xc8/v2.40/avr/bin/../lib/gcc/avr/5.4.0/../../../../avr/lib/avrxmega2/memx-const/mapped\libc.a(__printf_core.o)

.text.ringBuffer_pushStr
                0x000000000000406c       0x5a
 .text.ringBuffer_pushStr
                0x000000000000406c       0x5a build/default/production/ringBuffer.o
                0x000000000000406c                ringBuffer_pushStr

.text.__vector_27
                0x00000000000040c6       0x58
 .text.__vector_27
                0x00000000000040c6       0x58 build/default/production/mcc_generated_files/adc/src/adc0.o
                0x00000000000040c6                __vector_27

.text.__vector_26
                0x000000000000411e       0x58
 .text.__vector_26
                0x000000000000411e       0x58 build/default/production/mcc_generated_files/adc/src/adc0.o
                0x000000000000411e                __vector_26

.text.__vector_6
                0x0000000000004176       0x58
 .text.__vector_6
                0x0000000000004176       0x58 build/default/production/mcc_generated_files/timer/src/rtc.o
                0x0000000000004176                __vector_6

.text.RN2903_join_ABP
                0x00000000000041ce       0x58
 .text.RN2903_join_ABP
                0x00000000000041ce       0x58 build/default/production/RN2903.o
                0x00000000000041ce                RN2903_join_ABP

.text._readFromTWI
                0x0000000000004226       0x56
 .text._readFromTWI
                0x0000000000004226       0x56 build/default/production/TWI.o
                0x0000000000004226                _readFromTWI

.text.__fmt_s   0x000000000000427c       0x54
 .text.__fmt_s  0x000000000000427c       0x54 c:/program files/microchip/xc8/v2.40/avr/bin/../lib/gcc/avr/5.4.0/../../../../avr/lib/avrxmega2/memx-const/mapped\libc.a(__fmt_s.o)
                0x000000000000427c                __fmt_s
                0x000000000000427c                __fmt_0_needed
                0x000000000000427c                __fmt_s_needed

.text._writeToTWI
                0x00000000000042d0       0x4e
 .text._writeToTWI
                0x00000000000042d0       0x4e build/default/production/TWI.o
                0x00000000000042d0                _writeToTWI

.text.USART1_Initialize
                0x000000000000431e       0x4c
 .text.USART1_Initialize
                0x000000000000431e       0x4c build/default/production/mcc_generated_files/uart/src/usart1.o
                0x000000000000431e                USART1_Initialize

.text.EVSYS_Initialize
                0x000000000000436a       0x4a
 .text.EVSYS_Initialize
                0x000000000000436a       0x4a build/default/production/mcc_generated_files/evsys/src/evsys.o
                0x000000000000436a                EVSYS_Initialize

.text._startTWI
                0x00000000000043b4       0x4a
 .text._startTWI
                0x00000000000043b4       0x4a build/default/production/TWI.o
                0x00000000000043b4                _startTWI

.text           0x00000000000043fe       0x48
 .text          0x00000000000043fe       0x48 c:/program files/microchip/xc8/v2.40/avr/bin/../lib/gcc/avr/5.4.0/../../../../avr/lib/avrxmega2/memx-const/mapped\libm.a(fp_cmp.o)
                0x00000000000043fe                __fp_cmp

.text.getSensorData
                0x0000000000004446       0x46
 .text.getSensorData
                0x0000000000004446       0x46 build/default/production/application.o
                0x0000000000004446                getSensorData

.text.USART0_sendStr
                0x000000000000448c       0x44
 .text.USART0_sendStr
                0x000000000000448c       0x44 build/default/production/ringBuffer.o
                0x000000000000448c                USART0_sendStr

.text           0x00000000000044d0       0x44
 .text          0x00000000000044d0       0x44 c:/program files/microchip/xc8/v2.40/avr/bin/../lib/gcc/avr/5.4.0/../../../../avr/lib/avrxmega2/memx-const/mapped\libm.a(fp_split3.o)
                0x00000000000044d0                __fp_split3
                0x00000000000044e0                __fp_splitA

.text.libgcc.div
                0x0000000000004514       0x44
 .text.libgcc.div
                0x0000000000004514       0x44 c:/program files/microchip/xc8/v2.40/avr/bin/../lib/gcc/avr/5.4.0/avrxmega2/memx-const/mapped\libgcc.a(_udivmodsi4.o)
                0x0000000000004514                __udivmodsi4

.text.BME280_init
                0x0000000000004558       0x42
 .text.BME280_init
                0x0000000000004558       0x42 build/default/production/bme280.o
                0x0000000000004558                BME280_init

.text.__fmt_state
                0x000000000000459a       0x40
 .text.__fmt_state
                0x000000000000459a       0x40 c:/program files/microchip/xc8/v2.40/avr/bin/../lib/gcc/avr/5.4.0/../../../../avr/lib/avrxmega2/memx-const/mapped\libc.a(__printf_core.o)
                0x000000000000459a                __fmt_state

.text.BUTTON_debounce
                0x00000000000045da       0x3c
 .text.BUTTON_debounce
                0x00000000000045da       0x3c build/default/production/application.o
                0x00000000000045da                BUTTON_debounce

.text.map       0x0000000000004616       0x3c
 .text.map      0x0000000000004616       0x3c build/default/production/application.o
                0x0000000000004616                map

.text.RTC_Initialize
                0x0000000000004652       0x3a
 .text.RTC_Initialize
                0x0000000000004652       0x3a build/default/production/mcc_generated_files/timer/src/rtc.o
                0x0000000000004652                RTC_Initialize

.text.__out     0x000000000000468c       0x3a
 .text.__out    0x000000000000468c       0x3a c:/program files/microchip/xc8/v2.40/avr/bin/../lib/gcc/avr/5.4.0/../../../../avr/lib/avrxmega2/memx-const/mapped\libc.a(__printf_core.o)
                0x000000000000468c                __out

.text.BME280_startForcedSensing
                0x00000000000046c6       0x34
 .text.BME280_startForcedSensing
                0x00000000000046c6       0x34 build/default/production/bme280.o
                0x00000000000046c6                BME280_startForcedSensing

.text.ADC0_Initialize
                0x00000000000046fa       0x32
 .text.ADC0_Initialize
                0x00000000000046fa       0x32 build/default/production/mcc_generated_files/adc/src/adc0.o
                0x00000000000046fa                ADC0_Initialize

.text.SYSTEM_Initialize
                0x000000000000472c       0x32
 .text.SYSTEM_Initialize
                0x000000000000472c       0x32 build/default/production/mcc_generated_files/system/src/system.o
                0x000000000000472c                SYSTEM_Initialize

.text.libgcc.prologue
                0x000000000000475e       0x32
 .text.libgcc.prologue
                0x000000000000475e       0x32 c:/program files/microchip/xc8/v2.40/avr/bin/../lib/gcc/avr/5.4.0/avrxmega2/memx-const/mapped\libgcc.a(_prologue.o)
                0x000000000000475e                __prologue_saves__

.text.libgcc.prologue
                0x0000000000004790       0x30
 .text.libgcc.prologue
                0x0000000000004790       0x30 c:/program files/microchip/xc8/v2.40/avr/bin/../lib/gcc/avr/5.4.0/avrxmega2/memx-const/mapped\libgcc.a(_epilogue.o)
                0x0000000000004790                __epilogue_restores__

.text.__wrap_printf
                0x00000000000047c0       0x30
 .text.__wrap_printf
                0x00000000000047c0       0x30 c:/program files/microchip/xc8/v2.40/avr/bin/../lib/gcc/avr/5.4.0/../../../../avr/lib/avrxmega2/memx-const/mapped\libc.a(__sio_printf_doux.o)
                0x00000000000047c0                _printf_cdopuxX

.text.__wrap_printf
                0x00000000000047f0       0x30
 .text.__wrap_printf
                0x00000000000047f0       0x30 c:/program files/microchip/xc8/v2.40/avr/bin/../lib/gcc/avr/5.4.0/../../../../avr/lib/avrxmega2/memx-const/mapped\libc.a(__sio_printf_s.o)
                0x00000000000047f0                _printf_s

.text.__vfprintf
                0x0000000000004820       0x30
 .text.__vfprintf
                0x0000000000004820       0x30 c:/program files/microchip/xc8/v2.40/avr/bin/../lib/gcc/avr/5.4.0/../../../../avr/lib/avrxmega2/memx-const/mapped\libc.a(__int_vfprintf.o)
                0x0000000000004820                __vfprintf

.text.main      0x0000000000004850       0x2e
 .text.main     0x0000000000004850       0x2e build/default/production/main.o
                0x0000000000004850                main

.text.TWI_sendBytes
                0x000000000000487e       0x2a
 .text.TWI_sendBytes
                0x000000000000487e       0x2a build/default/production/TWI.o
                0x000000000000487e                TWI_sendBytes

.text.BME280_reset
                0x00000000000048a8       0x2a
 .text.BME280_reset
                0x00000000000048a8       0x2a build/default/production/bme280.o
                0x00000000000048a8                BME280_reset

.text.TIMER_ms  0x00000000000048d2       0x28
 .text.TIMER_ms
                0x00000000000048d2       0x28 build/default/production/application.o
                0x00000000000048d2                TIMER_ms

.text.RTC_PIT_Callback
                0x00000000000048fa       0x28
 .text.RTC_PIT_Callback
                0x00000000000048fa       0x28 build/default/production/application.o
                0x00000000000048fa                RTC_PIT_Callback

.text.ringBuffer_push
                0x0000000000004922       0x28
 .text.ringBuffer_push
                0x0000000000004922       0x28 build/default/production/ringBuffer.o
                0x0000000000004922                ringBuffer_push

.text.TCB0_Initialize
                0x000000000000494a       0x26
 .text.TCB0_Initialize
                0x000000000000494a       0x26 build/default/production/mcc_generated_files/timer/src/tcb0.o
                0x000000000000494a                TCB0_Initialize

.text.TCB1_Initialize
                0x0000000000004970       0x24
 .text.TCB1_Initialize
                0x0000000000004970       0x24 build/default/production/mcc_generated_files/timer/src/tcb1.o
                0x0000000000004970                TCB1_Initialize

.text           0x0000000000004994       0x22
 .text          0x0000000000004994       0x22 c:/program files/microchip/xc8/v2.40/avr/bin/../lib/gcc/avr/5.4.0/../../../../avr/lib/avrxmega2/memx-const/mapped\libm.a(fp_round.o)
                0x0000000000004994                __fp_round

.text.ADC0_GetConversion
                0x00000000000049b6       0x20
 .text.ADC0_GetConversion
                0x00000000000049b6       0x20 build/default/production/mcc_generated_files/adc/src/adc0.o
                0x00000000000049b6                ADC0_GetConversion

.text.printRawValue
                0x00000000000049d6       0x20
 .text.printRawValue
                0x00000000000049d6       0x20 build/default/production/application.o
                0x00000000000049d6                printRawValue

.text.libgcc.mul
                0x00000000000049f6       0x20
 .text.libgcc.mul
                0x00000000000049f6       0x20 c:/program files/microchip/xc8/v2.40/avr/bin/../lib/gcc/avr/5.4.0/avrxmega2/memx-const/mapped\libgcc.a(_mulsi3.o)
                0x00000000000049f6                __mulsi3

.text.libgcc.mul
                0x0000000000004a16       0x1e
 .text.libgcc.mul
                0x0000000000004a16       0x1e c:/program files/microchip/xc8/v2.40/avr/bin/../lib/gcc/avr/5.4.0/avrxmega2/memx-const/mapped\libgcc.a(_umulhisi3.o)
                0x0000000000004a16                __umulhisi3

.text.SLPCTRL_Initialize
                0x0000000000004a34       0x1c
 .text.SLPCTRL_Initialize
                0x0000000000004a34       0x1c build/default/production/mcc_generated_files/system/src/system.o
                0x0000000000004a34                SLPCTRL_Initialize

.text.isTWIBad  0x0000000000004a50       0x1c
 .text.isTWIBad
                0x0000000000004a50       0x1c build/default/production/TWI.o
                0x0000000000004a50                isTWIBad

.text.TWI_initHost
                0x0000000000004a6c       0x1c
 .text.TWI_initHost
                0x0000000000004a6c       0x1c build/default/production/TWI.o
                0x0000000000004a6c                TWI_initHost

.text.USART0_sendByte
                0x0000000000004a88       0x1c
 .text.USART0_sendByte
                0x0000000000004a88       0x1c build/default/production/ringBuffer.o
                0x0000000000004a88                USART0_sendByte

.text.RN2903_save
                0x0000000000004aa4       0x1c
 .text.RN2903_save
                0x0000000000004aa4       0x1c build/default/production/RN2903.o
                0x0000000000004aa4                RN2903_save

.text.strlen    0x0000000000004ac0       0x1c
 .text.strlen   0x0000000000004ac0       0x1c c:/program files/microchip/xc8/v2.40/avr/bin/../lib/gcc/avr/5.4.0/../../../../avr/lib/avrxmega2/memx-const/mapped\libc.a(strlen.o)
                0x0000000000004ac0                strlen

.text.CPUINT_Initialize
                0x0000000000004adc       0x1a
 .text.CPUINT_Initialize
                0x0000000000004adc       0x1a build/default/production/mcc_generated_files/system/src/interrupt.o
                0x0000000000004adc                CPUINT_Initialize

.text.USART0_printCHAR
                0x0000000000004af6       0x18
 .text.USART0_printCHAR
                0x0000000000004af6       0x18 build/default/production/mcc_generated_files/uart/src/usart0.o
                0x0000000000004af6                USART0_printCHAR

.text.BME280_getTemperature
                0x0000000000004b0e       0x16
 .text.BME280_getTemperature
                0x0000000000004b0e       0x16 build/default/production/bme280.o
                0x0000000000004b0e                BME280_getTemperature

.text.BME280_getHumidity
                0x0000000000004b24       0x16
 .text.BME280_getHumidity
                0x0000000000004b24       0x16 build/default/production/bme280.o
                0x0000000000004b24                BME280_getHumidity

.text.libgcc.mul
                0x0000000000004b3a       0x16
 .text.libgcc.mul
                0x0000000000004b3a       0x16 c:/program files/microchip/xc8/v2.40/avr/bin/../lib/gcc/avr/5.4.0/avrxmega2/memx-const/mapped\libgcc.a(_muluhisi3.o)
                0x0000000000004b3a                __muluhisi3

.text.exit      0x0000000000004b50       0x16
 .text.exit     0x0000000000004b50       0x16 c:/program files/microchip/xc8/v2.40/avr/bin/../lib/gcc/avr/5.4.0/../../../../avr/lib/avrxmega2/memx-const/mapped\libc.a(exit.o)
                0x0000000000004b50                exit

.text.ringBuffer_pop
                0x0000000000004b66       0x14
 .text.ringBuffer_pop
                0x0000000000004b66       0x14 build/default/production/ringBuffer.o
                0x0000000000004b66                ringBuffer_pop

.text.RN2903_join_TTN
                0x0000000000004b7a       0x12
 .text.RN2903_join_TTN
                0x0000000000004b7a       0x12 build/default/production/RN2903.o
                0x0000000000004b7a                RN2903_join_TTN

.text.puts      0x0000000000004b8c       0x12
 .text.puts     0x0000000000004b8c       0x12 c:/program files/microchip/xc8/v2.40/avr/bin/../lib/gcc/avr/5.4.0/../../../../avr/lib/avrxmega2/memx-const/mapped\libc.a(puts.o)
                0x0000000000004b8c                puts

.text.toupper   0x0000000000004b9e       0x12
 .text.toupper  0x0000000000004b9e       0x12 c:/program files/microchip/xc8/v2.40/avr/bin/../lib/gcc/avr/5.4.0/../../../../avr/lib/avrxmega2/memx-const/mapped\libc.a(toupper.o)
                0x0000000000004b9e                toupper

.text.VREF_Initialize
                0x0000000000004bb0       0x10
 .text.VREF_Initialize
                0x0000000000004bb0       0x10 build/default/production/mcc_generated_files/vref/src/vref.o
                0x0000000000004bb0                VREF_Initialize

.text.configureTWIPins
                0x0000000000004bc0       0x10
 .text.configureTWIPins
                0x0000000000004bc0       0x10 build/default/production/TWI.o
                0x0000000000004bc0                configureTWIPins

.text.libgcc.mul
                0x0000000000004bd0       0x10
 .text.libgcc.mul
                0x0000000000004bd0       0x10 c:/program files/microchip/xc8/v2.40/avr/bin/../lib/gcc/avr/5.4.0/avrxmega2/memx-const/mapped\libgcc.a(_mulshisi3.o)
                0x0000000000004bd0                __mulshisi3
                0x0000000000004bd6                __mulohisi3

.text.tolower   0x0000000000004be0       0x10
 .text.tolower  0x0000000000004be0       0x10 c:/program files/microchip/xc8/v2.40/avr/bin/../lib/gcc/avr/5.4.0/../../../../avr/lib/avrxmega2/memx-const/mapped\libc.a(tolower.o)
                0x0000000000004be0                tolower

.text.ringBuffer_init
                0x0000000000004bf0        0xe
 .text.ringBuffer_init
                0x0000000000004bf0        0xe build/default/production/ringBuffer.o
                0x0000000000004bf0                ringBuffer_init

.text           0x0000000000004bfe        0xe
 .text          0x0000000000004bfe        0xe c:/program files/microchip/xc8/v2.40/avr/bin/../lib/gcc/avr/5.4.0/../../../../avr/lib/avrxmega2/memx-const/mapped\libm.a(addsf3.o)
                0x0000000000004bfe                __subsf3
                0x0000000000004c00                __addsf3

.text           0x0000000000004c0c        0xe
 .text          0x0000000000004c0c        0xe c:/program files/microchip/xc8/v2.40/avr/bin/../lib/gcc/avr/5.4.0/../../../../avr/lib/avrxmega2/memx-const/mapped\libm.a(fixsfsi.o)
                0x0000000000004c0c                __fixsfsi

.text           0x0000000000004c1a        0xe
 .text          0x0000000000004c1a        0xe c:/program files/microchip/xc8/v2.40/avr/bin/../lib/gcc/avr/5.4.0/../../../../avr/lib/avrxmega2/memx-const/mapped\libm.a(fp_pscA.o)
                0x0000000000004c1a                __fp_pscA

.text           0x0000000000004c28        0xe
 .text          0x0000000000004c28        0xe c:/program files/microchip/xc8/v2.40/avr/bin/../lib/gcc/avr/5.4.0/../../../../avr/lib/avrxmega2/memx-const/mapped\libm.a(fp_pscB.o)
                0x0000000000004c28                __fp_pscB

.text           0x0000000000004c36        0xe
 .text          0x0000000000004c36        0xe c:/program files/microchip/xc8/v2.40/avr/bin/../lib/gcc/avr/5.4.0/../../../../avr/lib/avrxmega2/memx-const/mapped\libm.a(fp_zero.o)
                0x0000000000004c36                __fp_zero
                0x0000000000004c38                __fp_szero

.text.RTC_Start
                0x0000000000004c44        0xc
 .text.RTC_Start
                0x0000000000004c44        0xc build/default/production/mcc_generated_files/timer/src/rtc.o
                0x0000000000004c44                RTC_Start

.text.RTC_Stop  0x0000000000004c50        0xc
 .text.RTC_Stop
                0x0000000000004c50        0xc build/default/production/mcc_generated_files/timer/src/rtc.o
                0x0000000000004c50                RTC_Stop

.text.USART0_IsRxReady
                0x0000000000004c5c        0xc
 .text.USART0_IsRxReady
                0x0000000000004c5c        0xc build/default/production/mcc_generated_files/uart/src/usart0.o
                0x0000000000004c5c                USART0_IsRxReady

.text.USART0_IsTxReady
                0x0000000000004c68        0xc
 .text.USART0_IsTxReady
                0x0000000000004c68        0xc build/default/production/mcc_generated_files/uart/src/usart0.o
                0x0000000000004c68                USART0_IsTxReady

.text.USART1_IsRxReady
                0x0000000000004c74        0xc
 .text.USART1_IsRxReady
                0x0000000000004c74        0xc build/default/production/mcc_generated_files/uart/src/usart1.o
                0x0000000000004c74                USART1_IsRxReady

.text.USART1_IsTxReady
                0x0000000000004c80        0xc
 .text.USART1_IsTxReady
                0x0000000000004c80        0xc build/default/production/mcc_generated_files/uart/src/usart1.o
                0x0000000000004c80                USART1_IsTxReady

.text.getMoistureMeasurement
                0x0000000000004c8c        0xc
 .text.getMoistureMeasurement
                0x0000000000004c8c        0xc build/default/production/application.o
                0x0000000000004c8c                getMoistureMeasurement

.text           0x0000000000004c98        0xc
 .text          0x0000000000004c98        0xc c:/program files/microchip/xc8/v2.40/avr/bin/../lib/gcc/avr/5.4.0/../../../../avr/lib/avrxmega2/memx-const/mapped\libm.a(fp_inf.o)
                0x0000000000004c98                __fp_inf

.text.libgcc    0x0000000000004ca4        0xc
 .text.libgcc   0x0000000000004ca4        0xc c:/program files/microchip/xc8/v2.40/avr/bin/../lib/gcc/avr/5.4.0/avrxmega2/memx-const/mapped\libgcc.a(_tablejump2.o)
                0x0000000000004ca4                __tablejump2__

.text.TCB0_CaptureCallbackRegister
                0x0000000000004cb0        0xa
 .text.TCB0_CaptureCallbackRegister
                0x0000000000004cb0        0xa build/default/production/mcc_generated_files/timer/src/tcb0.o
                0x0000000000004cb0                TCB0_CaptureCallbackRegister

.text.RTC_SetPITIsrCallback
                0x0000000000004cba        0xa
 .text.RTC_SetPITIsrCallback
                0x0000000000004cba        0xa build/default/production/mcc_generated_files/timer/src/rtc.o
                0x0000000000004cba                RTC_SetPITIsrCallback

.text.TCB1_CaptureCallbackRegister
                0x0000000000004cc4        0xa
 .text.TCB1_CaptureCallbackRegister
                0x0000000000004cc4        0xa build/default/production/mcc_generated_files/timer/src/tcb1.o
                0x0000000000004cc4                TCB1_CaptureCallbackRegister

.text.BME280_readSensors
                0x0000000000004cce        0xa
 .text.BME280_readSensors
                0x0000000000004cce        0xa build/default/production/application.o
                0x0000000000004cce                BME280_readSensors

.text.ringBuffer_count
                0x0000000000004cd8        0xa
 .text.ringBuffer_count
                0x0000000000004cd8        0xa build/default/production/ringBuffer.o
                0x0000000000004cd8                ringBuffer_count

.text.RN2903_getNumTx
                0x0000000000004ce2        0xa
 .text.RN2903_getNumTx
                0x0000000000004ce2        0xa build/default/production/RN2903.o
                0x0000000000004ce2                RN2903_getNumTx

.text           0x0000000000004cec        0xa
 .text          0x0000000000004cec        0xa c:/program files/microchip/xc8/v2.40/avr/bin/../lib/gcc/avr/5.4.0/../../../../avr/lib/avrxmega2/memx-const/mapped\libm.a(cmpsf2.o)
                0x0000000000004cec                __nesf2
                0x0000000000004cec                __eqsf2